 pandamat

 Timestamp is 57ce6e58 (Tue Sep  6 15:20:56 2016)

 Preferred load address is 10000000

 Start         Length     Name                   Class
 0001:00000000 00000760H .text$di                CODE
 0001:00000760 000233c0H .text$mn                CODE
 0001:00023b20 000001d0H .text$x                 CODE
 0001:00023cf0 00000051H .text$yd                CODE
 0002:00000000 00000144H .idata$5                DATA
 0002:00000144 00000004H .00cfg                  DATA
 0002:00000148 00000004H .CRT$XCA                DATA
 0002:0000014c 0000001cH .CRT$XCC                DATA
 0002:00000168 00000008H .CRT$XCL                DATA
 0002:00000170 000001a8H .CRT$XCU                DATA
 0002:00000318 00000004H .CRT$XCZ                DATA
 0002:0000031c 00000004H .CRT$XIA                DATA
 0002:00000320 00000018H .CRT$XIC                DATA
 0002:00000338 00000004H .CRT$XIZ                DATA
 0002:0000033c 00000004H .CRT$XLA                DATA
 0002:00000340 00000004H .CRT$XLZ                DATA
 0002:00000344 00000004H .CRT$XPA                DATA
 0002:00000348 00000008H .CRT$XPX                DATA
 0002:00000350 00000004H .CRT$XPXA               DATA
 0002:00000354 00000004H .CRT$XPZ                DATA
 0002:00000358 00000004H .CRT$XTA                DATA
 0002:0000035c 00000004H .CRT$XTZ                DATA
 0002:00000360 0000c364H .rdata                  DATA
 0002:0000c6c4 00000018H .rdata$T                DATA
 0002:0000c6dc 000009f4H .rdata$r                DATA
 0002:0000d0d0 00000044H .rdata$sxdata           DATA
 0002:0000d114 0000047cH .rdata$zzzdbg           DATA
 0002:0000d590 00000004H .rtc$IAA                DATA
 0002:0000d594 00000004H .rtc$IZZ                DATA
 0002:0000d598 00000004H .rtc$TAA                DATA
 0002:0000d59c 00000004H .rtc$TZZ                DATA
 0002:0000d5a0 00000a84H .xdata$x                DATA
 0002:0000e024 00000020H .didat$2                DATA
 0002:0000e044 00000020H .didat$3                DATA
 0002:0000e064 00000048H .didat$4                DATA
 0002:0000e0ac 000003c0H .didat$6                DATA
 0002:0000e46c 00000054H .didat$7                DATA
 0002:0000e4c0 00000054H .edata                  DATA
 0002:0000e514 00000014H .idata$2                DATA
 0002:0000e528 00000014H .idata$3                DATA
 0002:0000e53c 00000144H .idata$4                DATA
 0002:0000e680 000005c2H .idata$6                DATA
 0003:00000000 000009e0H .data                   DATA
 0003:000009e0 00000518H .data$r                 DATA
 0003:00000ef8 00000048H .didat$5                DATA
 0003:00000f40 00000ff4H .bss                    DATA
 0004:00000000 000000c0H .gfids$x                DATA
 0004:000000c0 00000274H .gfids$y                DATA
 0005:00000000 00000004H .tls                    DATA
 0005:00000004 00000004H .tls$                   DATA
 0005:00000008 00000001H .tls$ZZZ                DATA
 0006:00000000 00000060H .rsrc$01                DATA
 0006:00000060 00000180H .rsrc$02                DATA

  Address         Publics by Value              Rva+Base       Lib:Object

 0000:00000000       ___guard_fids_count        00000000     <absolute>
 0000:00000000       ___guard_longjmp_count     00000000     <absolute>
 0000:00000000       ___guard_longjmp_table     00000000     <absolute>
 0000:00000000       __except_list              00000000     <absolute>
 0000:00000000       ___guard_iat_table         00000000     <absolute>
 0000:00000000       ___guard_iat_count         00000000     <absolute>
 0000:00000000       ___guard_fids_table        00000000     <absolute>
 0000:00000000       ___dynamic_value_reloc_table 00000000     <absolute>
 0000:00000011       ___safe_se_handler_count   00000011     <absolute>
 0000:0000002c       __tls_array                0000002c     <absolute>
 0000:00000100       ___guard_flags             00000100     <absolute>
 0000:00000000       ___ImageBase               10000000     <linker-defined>
 0001:00000760       ___local_stdio_printf_options 10001760 f i addon.obj
 0001:00000770       _sprintf_s                 10001770 f i addon.obj
 0001:000007b0       ?what@exception@stdext@@UBEPBDXZ 100017b0 f i addon.obj
 0001:000007c0       ?_Raise@exception@stdext@@QBEXXZ 100017c0 f i addon.obj
 0001:000007f0       @_guard_check_icall_nop@4  100017f0 f i LIBCMT:guard_support.obj
 0001:000007f0       ?_Doraise@exception@stdext@@MBEXXZ 100017f0 f i addon.obj
 0001:000007f0       ___except_validate_context_record 100017f0 f i libvcruntime:jbcxrval.obj
 0001:000007f0       ?_Unlock@?$basic_streambuf@DU?$char_traits@D@std@@@std@@UAEXXZ 100017f0 f i add.obj
 0001:000007f0       ?_Lock@?$basic_streambuf@DU?$char_traits@D@std@@@std@@UAEXXZ 100017f0 f i add.obj
 0001:000007f0       ___except_validate_jump_buffer 100017f0 f i libvcruntime:jbcxrval.obj
 0001:00000800       ??_Eruntime_error@std@@UAEPAXI@Z 10001800 f i * CIL library *:* CIL module *
 0001:00000800       ??_Elogic_error@std@@UAEPAXI@Z 10001800 f i * CIL library *:* CIL module *
 0001:00000800       ??_Glogic_error@std@@UAEPAXI@Z 10001800 f i pandamat.obj
 0001:00000800       ??_Gruntime_error@std@@UAEPAXI@Z 10001800 f i addon.obj
 0001:00000800       ??_Ebad_alloc@stdext@@UAEPAXI@Z 10001800 f i * CIL library *:* CIL module *
 0001:00000800       ??_Gexception@stdext@@UAEPAXI@Z 10001800 f i addon.obj
 0001:00000800       ??_Gbad_alloc@stdext@@UAEPAXI@Z 10001800 f i pandamat.obj
 0001:00000800       ??_Eexception@stdext@@UAEPAXI@Z 10001800 f i * CIL library *:* CIL module *
 0001:00000830       ??0_Locinfo@std@@QAE@PBD@Z 10001830 f i addon.obj
 0001:000008b0       ??1_Locinfo@std@@QAE@XZ    100018b0 f i addon.obj
 0001:00000950       ??_G_Facet_base@std@@UAEPAXI@Z 10001950 f i addon.obj
 0001:00000950       ??_E_Facet_base@std@@UAEPAXI@Z 10001950 f i * CIL library *:* CIL module *
 0001:00000980       ??Bid@locale@std@@QAEIXZ   10001980 f i addon.obj
 0001:000009c0       ?_Incref@facet@locale@std@@UAEXXZ 100019c0 f i addon.obj
 0001:000009d0       ?_Decref@facet@locale@std@@UAEPAV_Facet_base@3@XZ 100019d0 f i addon.obj
 0001:000009f0       ??1locale@std@@QAE@XZ      100019f0 f i addon.obj
 0001:00000a10       ?c_str@locale@std@@QBEPBDXZ 10001a10 f i addon.obj
 0001:00000a30       ?_Getfacet@locale@std@@QBEPBVfacet@12@I@Z 10001a30 f i addon.obj
 0001:00000a70       ?_Getcat@?$ctype@D@std@@SAIPAPBVfacet@locale@2@PBV42@@Z 10001a70 f i addon.obj
 0001:00000b00       ?do_tolower@?$ctype@D@std@@MBEDD@Z 10001b00 f i addon.obj
 0001:00000b20       ?do_tolower@?$ctype@D@std@@MBEPBDPADPBD@Z 10001b20 f i addon.obj
 0001:00000b60       ?do_toupper@?$ctype@D@std@@MBEDD@Z 10001b60 f i addon.obj
 0001:00000b80       ?do_toupper@?$ctype@D@std@@MBEPBDPADPBD@Z 10001b80 f i addon.obj
 0001:00000bc0       ?do_widen@?$ctype@D@std@@MBEDD@Z 10001bc0 f i addon.obj
 0001:00000bd0       ?do_widen@?$ctype@D@std@@MBEPBDPBD0PAD@Z 10001bd0 f i addon.obj
 0001:00000bf0       ?do_narrow@?$ctype@D@std@@MBEDDD@Z 10001bf0 f i addon.obj
 0001:00000c00       ?do_narrow@?$ctype@D@std@@MBEPBDPBD0DPAD@Z 10001c00 f i addon.obj
 0001:00000c20       ??_G?$ctype@D@std@@MAEPAXI@Z 10001c20 f i addon.obj
 0001:00000c20       ??_E?$ctype@D@std@@MAEPAXI@Z 10001c20 f i * CIL library *:* CIL module *
 0001:00000c70       ??_Eerror_category@std@@UAEPAXI@Z 10001c70 f i * CIL library *:* CIL module *
 0001:00000c70       ??_G_Iostream_error_category@std@@UAEPAXI@Z 10001c70 f i addon.obj
 0001:00000c70       ??_E_Iostream_error_category@std@@UAEPAXI@Z 10001c70 f i * CIL library *:* CIL module *
 0001:00000c70       ??_Gerror_category@std@@UAEPAXI@Z 10001c70 f i addon.obj
 0001:00000ca0       ?default_error_condition@error_category@std@@UBE?AVerror_condition@2@H@Z 10001ca0 f i addon.obj
 0001:00000cb0       ?equivalent@error_category@std@@UBE_NHABVerror_condition@2@@Z 10001cb0 f i addon.obj
 0001:00000d10       ?equivalent@error_category@std@@UBE_NABVerror_code@2@H@Z 10001d10 f i addon.obj
 0001:00000d40       ?_Makestr@_System_error@std@@CA?AV?$basic_string@DU?$char_traits@D@std@@V?$allocator@D@2@@2@Verror_code@2@V32@@Z 10001d40 f i addon.obj
 0001:00000e50       ??0_System_error@std@@IAE@Verror_code@1@ABV?$basic_string@DU?$char_traits@D@std@@V?$allocator@D@2@@1@@Z 10001e50 f i addon.obj
 0001:00000f30       ??_Efailure@ios_base@std@@UAEPAXI@Z 10001f30 f i * CIL library *:* CIL module *
 0001:00000f30       ??_Gsystem_error@std@@UAEPAXI@Z 10001f30 f i addon.obj
 0001:00000f30       ??_Esystem_error@std@@UAEPAXI@Z 10001f30 f i * CIL library *:* CIL module *
 0001:00000f30       ??_Gfailure@ios_base@std@@UAEPAXI@Z 10001f30 f i addon.obj
 0001:00000f30       ??_G_System_error@std@@UAEPAXI@Z 10001f30 f i addon.obj
 0001:00000f30       ??_E_System_error@std@@UAEPAXI@Z 10001f30 f i * CIL library *:* CIL module *
 0001:00000f60       ??0system_error@std@@QAE@Verror_code@1@PBD@Z 10001f60 f i addon.obj
 0001:00001030       ?name@_Iostream_error_category@std@@UBEPBDXZ 10002030 f i addon.obj
 0001:00001040       ?message@_Iostream_error_category@std@@UBE?AV?$basic_string@DU?$char_traits@D@std@@V?$allocator@D@2@@2@H@Z 10002040 f i addon.obj
 0001:000010d0       ?clear@ios_base@std@@QAEXH_N@Z 100020d0 f i addon.obj
 0001:00001180       ?NODE_SET_METHOD@node@@YAXV?$Local@VObject@v8@@@v8@@PBDP6AXABV?$FunctionCallbackInfo@VValue@v8@@@3@@Z@Z 10002180 f i addon.obj
 0001:00001220       ?Add@@YAXABV?$FunctionCallbackInfo@VValue@v8@@@v8@@@Z 10002220 f   addon.obj
 0001:000012b0       ??1PandaMat@@QAE@XZ        100022b0 f i addon.obj
 0001:00001320       ??1Add@@QAE@XZ             10002320 f i addon.obj
 0001:00001360       ?init@@YAXV?$Local@VObject@v8@@@v8@@@Z 10002360 f   addon.obj
 0001:00001380       ??1?$basic_string@DU?$char_traits@D@std@@V?$allocator@D@2@@std@@QAE@XZ 10002380 f i addon.obj
 0001:000013f0       ??0?$basic_string@DU?$char_traits@D@std@@V?$allocator@D@2@@std@@QAE@$$QAV01@@Z 100023f0 f i addon.obj
 0001:00001470       ?flush@?$basic_ostream@DU?$char_traits@D@std@@@std@@QAEAAV12@XZ 10002470 f i addon.obj
 0001:000014e0       ?put@?$basic_ostream@DU?$char_traits@D@std@@@std@@QAEAAV12@D@Z 100024e0 f i addon.obj
 0001:000015d0       ??1sentry@?$basic_ostream@DU?$char_traits@D@std@@@std@@QAE@XZ 100025d0 f i addon.obj
 0001:00001650       ??0sentry@?$basic_ostream@DU?$char_traits@D@std@@@std@@QAE@AAV12@@Z 10002650 f i addon.obj
 0001:000016c0       ?do_put@?$num_put@DV?$ostreambuf_iterator@DU?$char_traits@D@std@@@std@@@std@@MBE?AV?$ostreambuf_iterator@DU?$char_traits@D@std@@@2@V32@AAVios_base@2@DPBX@Z 100026c0 f i addon.obj
 0001:00001730       ?do_put@?$num_put@DV?$ostreambuf_iterator@DU?$char_traits@D@std@@@std@@@std@@MBE?AV?$ostreambuf_iterator@DU?$char_traits@D@std@@@2@V32@AAVios_base@2@DO@Z 10002730 f i addon.obj
 0001:00001900       ?do_put@?$num_put@DV?$ostreambuf_iterator@DU?$char_traits@D@std@@@std@@@std@@MBE?AV?$ostreambuf_iterator@DU?$char_traits@D@std@@@2@V32@AAVios_base@2@DN@Z 10002900 f i addon.obj
 0001:00001ad0       ?do_put@?$num_put@DV?$ostreambuf_iterator@DU?$char_traits@D@std@@@std@@@std@@MBE?AV?$ostreambuf_iterator@DU?$char_traits@D@std@@@2@V32@AAVios_base@2@D_K@Z 10002ad0 f i addon.obj
 0001:00001b50       ?do_put@?$num_put@DV?$ostreambuf_iterator@DU?$char_traits@D@std@@@std@@@std@@MBE?AV?$ostreambuf_iterator@DU?$char_traits@D@std@@@2@V32@AAVios_base@2@D_J@Z 10002b50 f i addon.obj
 0001:00001bd0       ?do_put@?$num_put@DV?$ostreambuf_iterator@DU?$char_traits@D@std@@@std@@@std@@MBE?AV?$ostreambuf_iterator@DU?$char_traits@D@std@@@2@V32@AAVios_base@2@DK@Z 10002bd0 f i addon.obj
 0001:00001c50       ?do_put@?$num_put@DV?$ostreambuf_iterator@DU?$char_traits@D@std@@@std@@@std@@MBE?AV?$ostreambuf_iterator@DU?$char_traits@D@std@@@2@V32@AAVios_base@2@DJ@Z 10002c50 f i addon.obj
 0001:00001cd0       ?do_put@?$num_put@DV?$ostreambuf_iterator@DU?$char_traits@D@std@@@std@@@std@@MBE?AV?$ostreambuf_iterator@DU?$char_traits@D@std@@@2@V32@AAVios_base@2@D_N@Z 10002cd0 f i addon.obj
 0001:00001e70       ?_Tidy@?$basic_string@DU?$char_traits@D@std@@V?$allocator@D@2@@std@@QAEX_NI@Z 10002e70 f i addon.obj
 0001:00001f00       ?erase@?$basic_string@DU?$char_traits@D@std@@V?$allocator@D@2@@std@@QAEAAV12@II@Z 10002f00 f i addon.obj
 0001:00001fa0       ?assign@?$basic_string@DU?$char_traits@D@std@@V?$allocator@D@2@@std@@QAEAAV12@ID@Z 10002fa0 f i addon.obj
 0001:00002070       ?assign@?$basic_string@DU?$char_traits@D@std@@V?$allocator@D@2@@std@@QAEAAV12@PBDI@Z 10003070 f i addon.obj
 0001:00002170       ?assign@?$basic_string@DU?$char_traits@D@std@@V?$allocator@D@2@@std@@QAEAAV12@ABV12@II@Z 10003170 f i addon.obj
 0001:00002280       ?append@?$basic_string@DU?$char_traits@D@std@@V?$allocator@D@2@@std@@QAEAAV12@ID@Z 10003280 f i addon.obj
 0001:00002370       ?append@?$basic_string@DU?$char_traits@D@std@@V?$allocator@D@2@@std@@QAEAAV12@PBDI@Z 10003370 f i addon.obj
 0001:000024a0       ?append@?$basic_string@DU?$char_traits@D@std@@V?$allocator@D@2@@std@@QAEAAV12@ABV12@II@Z 100034a0 f i addon.obj
 0001:000025a0       ?_Assign_rv@?$basic_string@DU?$char_traits@D@std@@V?$allocator@D@2@@std@@QAEX$$QAV12@@Z 100035a0 f i addon.obj
 0001:00002610       ?allocate@?$allocator@D@std@@QAEPADI@Z 10003610 f i addon.obj
 0001:00002660       ?deallocate@?$allocator@D@std@@QAEXPADI@Z 10003660 f i addon.obj
 0001:000026b0       ?_Pnavail@?$basic_streambuf@DU?$char_traits@D@std@@@std@@IBE_JXZ 100036b0 f i addon.obj
 0001:000026d0       ??_G?$num_put@DV?$ostreambuf_iterator@DU?$char_traits@D@std@@@std@@@std@@MAEPAXI@Z 100036d0 f i addon.obj
 0001:000026d0       ??_E?$num_put@DV?$ostreambuf_iterator@DU?$char_traits@D@std@@@std@@@std@@MAEPAXI@Z 100036d0 f i * CIL library *:* CIL module *
 0001:00002700       ?do_truename@?$numpunct@D@std@@MBE?AV?$basic_string@DU?$char_traits@D@std@@V?$allocator@D@2@@2@XZ 10003700 f i addon.obj
 0001:00002750       ?do_falsename@?$numpunct@D@std@@MBE?AV?$basic_string@DU?$char_traits@D@std@@V?$allocator@D@2@@2@XZ 10003750 f i addon.obj
 0001:000027a0       ?do_grouping@?$numpunct@D@std@@MBE?AV?$basic_string@DU?$char_traits@D@std@@V?$allocator@D@2@@2@XZ 100037a0 f i addon.obj
 0001:000027f0       ?do_thousands_sep@?$numpunct@D@std@@MBEDXZ 100037f0 f i addon.obj
 0001:00002800       ?do_decimal_point@?$numpunct@D@std@@MBEDXZ 10003800 f i addon.obj
 0001:00002810       ?truename@?$numpunct@D@std@@QBE?AV?$basic_string@DU?$char_traits@D@std@@V?$allocator@D@2@@2@XZ 10003810 f i addon.obj
 0001:00002880       ?falsename@?$numpunct@D@std@@QBE?AV?$basic_string@DU?$char_traits@D@std@@V?$allocator@D@2@@2@XZ 10003880 f i addon.obj
 0001:000028f0       ?erase@?$_Tree@V?$_Tmap_traits@V?$basic_string@DU?$char_traits@D@std@@V?$allocator@D@2@@std@@HU?$less@V?$basic_string@DU?$char_traits@D@std@@V?$allocator@D@2@@std@@@2@V?$allocator@U?$pair@$$CBV?$basic_string@DU?$char_traits@D@std@@V?$allocator@D@2@@std@@H@std@@@2@$0A@@std@@@std@@QAE?AV?$_Tree_iterator@V?$_Tree_val@U?$_Tree_simple_types@U?$pair@$$CBV?$basic_string@DU?$char_traits@D@std@@V?$allocator@D@2@@std@@H@std@@@std@@@std@@@2@V?$_Tree_const_iterator@V?$_Tree_val@U?$_Tree_simple_types@U?$pair@$$CBV?$basic_string@DU?$char_traits@D@std@@V?$allocator@D@2@@std@@H@std@@@std@@@std@@@2@0@Z 100038f0 f i addon.obj
 0001:000029b0       ?_Rep@?$num_put@DV?$ostreambuf_iterator@DU?$char_traits@D@std@@@std@@@std@@ABA?AV?$ostreambuf_iterator@DU?$char_traits@D@std@@@2@V32@DI@Z 100039b0 f i addon.obj
 0001:00002a20       ?_Put@?$num_put@DV?$ostreambuf_iterator@DU?$char_traits@D@std@@@std@@@std@@ABA?AV?$ostreambuf_iterator@DU?$char_traits@D@std@@@2@V32@PBDI@Z 10003a20 f i addon.obj
 0001:00002aa0       ?_Iput@?$num_put@DV?$ostreambuf_iterator@DU?$char_traits@D@std@@@std@@@std@@ABA?AV?$ostreambuf_iterator@DU?$char_traits@D@std@@@2@V32@AAVios_base@2@DPADI@Z 10003aa0 f i addon.obj
 0001:00002f00       ?_Ifmt@?$num_put@DV?$ostreambuf_iterator@DU?$char_traits@D@std@@@std@@@std@@ABAPADPADPBDH@Z 10003f00 f i addon.obj
 0001:00002f90       ?_Fput@?$num_put@DV?$ostreambuf_iterator@DU?$char_traits@D@std@@@std@@@std@@ABA?AV?$ostreambuf_iterator@DU?$char_traits@D@std@@@2@V32@AAVios_base@2@DPBDI@Z 10003f90 f i addon.obj
 0001:00003470       ?_Ffmt@?$num_put@DV?$ostreambuf_iterator@DU?$char_traits@D@std@@@std@@@std@@ABAPADPADDH@Z 10004470 f i addon.obj
 0001:00003530       ?assign@?$basic_string@DU?$char_traits@D@std@@V?$allocator@D@2@@std@@QAEAAV12@$$QAV12@@Z 10004530 f i addon.obj
 0001:000035d0       ??_G?$numpunct@D@std@@MAEPAXI@Z 100045d0 f i addon.obj
 0001:000035d0       ??_E?$numpunct@D@std@@MAEPAXI@Z 100045d0 f i * CIL library *:* CIL module *
 0001:00003620       ?erase@?$_Tree@V?$_Tmap_traits@V?$basic_string@DU?$char_traits@D@std@@V?$allocator@D@2@@std@@HU?$less@V?$basic_string@DU?$char_traits@D@std@@V?$allocator@D@2@@std@@@2@V?$allocator@U?$pair@$$CBV?$basic_string@DU?$char_traits@D@std@@V?$allocator@D@2@@std@@H@std@@@2@$0A@@std@@@std@@QAE?AV?$_Tree_iterator@V?$_Tree_val@U?$_Tree_simple_types@U?$pair@$$CBV?$basic_string@DU?$char_traits@D@std@@V?$allocator@D@2@@std@@H@std@@@std@@@std@@@2@V?$_Tree_const_iterator@V?$_Tree_val@U?$_Tree_simple_types@U?$pair@$$CBV?$basic_string@DU?$char_traits@D@std@@V?$allocator@D@2@@std@@H@std@@@std@@@std@@@2@@Z 10004620 f i addon.obj
 0001:000039f0       ?_Copy@?$basic_string@DU?$char_traits@D@std@@V?$allocator@D@2@@std@@QAEXII@Z 100049f0 f i addon.obj
 0001:00003b20       ?insert@?$basic_string@DU?$char_traits@D@std@@V?$allocator@D@2@@std@@QAEAAV12@IID@Z 10004b20 f i addon.obj
 0001:00003c50       ?_Rrotate@?$_Tree@V?$_Tmap_traits@V?$basic_string@DU?$char_traits@D@std@@V?$allocator@D@2@@std@@HU?$less@V?$basic_string@DU?$char_traits@D@std@@V?$allocator@D@2@@std@@@2@V?$allocator@U?$pair@$$CBV?$basic_string@DU?$char_traits@D@std@@V?$allocator@D@2@@std@@H@std@@@2@$0A@@std@@@std@@IAEXPAU?$_Tree_node@U?$pair@$$CBV?$basic_string@DU?$char_traits@D@std@@V?$allocator@D@2@@std@@H@std@@PAX@2@@Z 10004c50 f i addon.obj
 0001:00003cb0       ?_Lrotate@?$_Tree@V?$_Tmap_traits@V?$basic_string@DU?$char_traits@D@std@@V?$allocator@D@2@@std@@HU?$less@V?$basic_string@DU?$char_traits@D@std@@V?$allocator@D@2@@std@@@2@V?$allocator@U?$pair@$$CBV?$basic_string@DU?$char_traits@D@std@@V?$allocator@D@2@@std@@H@std@@@2@$0A@@std@@@std@@IAEXPAU?$_Tree_node@U?$pair@$$CBV?$basic_string@DU?$char_traits@D@std@@V?$allocator@D@2@@std@@H@std@@PAX@2@@Z 10004cb0 f i addon.obj
 0001:00003d00       ?_Erase@?$_Tree@V?$_Tmap_traits@V?$basic_string@DU?$char_traits@D@std@@V?$allocator@D@2@@std@@HU?$less@V?$basic_string@DU?$char_traits@D@std@@V?$allocator@D@2@@std@@@2@V?$allocator@U?$pair@$$CBV?$basic_string@DU?$char_traits@D@std@@V?$allocator@D@2@@std@@H@std@@@2@$0A@@std@@@std@@IAEXPAU?$_Tree_node@U?$pair@$$CBV?$basic_string@DU?$char_traits@D@std@@V?$allocator@D@2@@std@@H@std@@PAX@2@@Z 10004d00 f i addon.obj
 0001:00003d90       ??$use_facet@V?$ctype@D@std@@@std@@YAABV?$ctype@D@0@ABVlocale@0@@Z 10004d90 f i addon.obj
 0001:00003e90       ??$_Immortalize@V_Iostream_error_category@std@@@std@@YAAAV_Iostream_error_category@0@XZ 10004e90 f i addon.obj
 0001:00003f00       ??1?$Mat@N@arma@@QAE@XZ    10004f00 f i addon.obj
 0001:00003f30       ??$?6U?$char_traits@D@std@@@std@@YAAAV?$basic_ostream@DU?$char_traits@D@std@@@0@AAV10@PBD@Z 10004f30 f i addon.obj
 0001:00004160       ??$?6U?$char_traits@D@std@@@std@@YAAAV?$basic_ostream@DU?$char_traits@D@std@@@0@AAV10@D@Z 10005160 f i addon.obj
 0001:000043a0       ??$endl@DU?$char_traits@D@std@@@std@@YAAAV?$basic_ostream@DU?$char_traits@D@std@@@0@AAV10@@Z 100053a0 f i addon.obj
 0001:00004420       ??$use_facet@V?$num_put@DV?$ostreambuf_iterator@DU?$char_traits@D@std@@@std@@@std@@@std@@YAABV?$num_put@DV?$ostreambuf_iterator@DU?$char_traits@D@std@@@std@@@0@ABVlocale@0@@Z 10005420 f i addon.obj
 0001:00004520       ??$use_facet@V?$numpunct@D@std@@@std@@YAABV?$numpunct@D@0@ABVlocale@0@@Z 10005520 f i addon.obj
 0001:00004620       ?_Getcat@?$numpunct@D@std@@SAIPAPBVfacet@locale@2@PBV42@@Z 10005620 f i addon.obj
 0001:000046a0       ?_Getcat@?$num_put@DV?$ostreambuf_iterator@DU?$char_traits@D@std@@@std@@@std@@SAIPAPBVfacet@locale@2@PBV42@@Z 100056a0 f i addon.obj
 0001:00004710       ?_Init@?$numpunct@D@std@@IAEXABV_Locinfo@2@_N@Z 10005710 f i addon.obj
 0001:00004850       ??0exception@stdext@@QAE@ABV01@@Z 10005850 f i pandamat.obj
 0001:00004870       ??1bad_alloc@stdext@@UAE@XZ 10005870 f i pandamat.obj
 0001:00004870       ??1logic_error@std@@UAE@XZ 10005870 f i pandamat.obj
 0001:00004880       ?_Doraise@bad_alloc@stdext@@MBEXXZ 10005880 f i pandamat.obj
 0001:00004890       ??0PandaMat@@QAE@XZ        10005890 f   pandamat.obj
 0001:000049f0       ?unpackArray@PandaMat@@IAEXV?$Local@VValue@v8@@@v8@@AAW4parameterType@@AAV?$Mat@N@arma@@@Z 100059f0 f   pandamat.obj
 0001:00004bf0       ?getState@PandaMat@@IAE_NXZ 10005bf0 f   pandamat.obj
 0001:00004c70       ?packArray@PandaMat@@IAEXAAV?$Mat@N@arma@@@Z 10005c70 f   pandamat.obj
 0001:00004d80       ?packResult@PandaMat@@IAE?AV?$Local@VObject@v8@@@v8@@AAV?$Mat@N@arma@@@Z 10005d80 f   pandamat.obj
 0001:00004e80       ?Operate@PandaMat@@QAE?AV?$Local@VValue@v8@@@v8@@ABV?$FunctionCallbackInfo@VValue@v8@@@3@PADPAVIsolate@3@@Z 10005e80 f   pandamat.obj
 0001:000050d0       ??1OperationResult@@QAE@XZ 100060d0 f i pandamat.obj
 0001:00005100       ?_Traits_compare@?$basic_string@DU?$char_traits@D@std@@V?$allocator@D@2@@std@@SAHQBDI0I@Z 10006100 f i pandamat.obj
 0001:00005190       ?insert@?$basic_string@DU?$char_traits@D@std@@V?$allocator@D@2@@std@@QAEAAV12@IPBDI@Z 10006190 f i pandamat.obj
 0001:000052e0       ?insert@?$basic_string@DU?$char_traits@D@std@@V?$allocator@D@2@@std@@QAEAAV12@IABV12@II@Z 100062e0 f i pandamat.obj
 0001:00005440       ??0?$Mat@N@arma@@QAE@ABV01@@Z 10006440 f i pandamat.obj
 0001:000054b0       ??0?$Mat@N@arma@@QAE@XZ    100064b0 f i pandamat.obj
 0001:000054d0       ??4?$Mat@N@arma@@QAEABV01@ABV01@@Z 100064d0 f i pandamat.obj
 0001:00005530       ??$?6DU?$char_traits@D@std@@V?$allocator@D@1@@std@@YAAAV?$basic_ostream@DU?$char_traits@D@std@@@0@AAV10@ABV?$basic_string@DU?$char_traits@D@std@@V?$allocator@D@2@@0@@Z 10006530 f i pandamat.obj
 0001:00005720       ??0logic_error@std@@QAE@ABV01@@Z 10006720 f i pandamat.obj
 0001:00005740       ?init_cold@?$Mat@N@arma@@IAEXXZ 10006740 f i pandamat.obj
 0001:00005810       ?init_warm@?$Mat@N@arma@@IAEXII@Z 10006810 f i pandamat.obj
 0001:00005a90       ??$acquire@N@memory@arma@@SAPANI@Z 10006a90 f i pandamat.obj
 0001:00005ae0       ??$copy_small@N@arrayops@arma@@SAXPANPBNI@Z 10006ae0 f i pandamat.obj
 0001:00005be0       ??$_Insert_nohint@AAU?$pair@$$CBV?$basic_string@DU?$char_traits@D@std@@V?$allocator@D@2@@std@@H@std@@PAU?$_Tree_node@U?$pair@$$CBV?$basic_string@DU?$char_traits@D@std@@V?$allocator@D@2@@std@@H@std@@PAX@2@@?$_Tree@V?$_Tmap_traits@V?$basic_string@DU?$char_traits@D@std@@V?$allocator@D@2@@std@@HU?$less@V?$basic_string@DU?$char_traits@D@std@@V?$allocator@D@2@@std@@@2@V?$allocator@U?$pair@$$CBV?$basic_string@DU?$char_traits@D@std@@V?$allocator@D@2@@std@@H@std@@@2@$0A@@std@@@std@@IAE?AU?$pair@V?$_Tree_iterator@V?$_Tree_val@U?$_Tree_simple_types@U?$pair@$$CBV?$basic_string@DU?$char_traits@D@std@@V?$allocator@D@2@@std@@H@std@@@std@@@std@@@std@@_N@1@_NAAU?$pair@$$CBV?$basic_string@DU?$char_traits@D@std@@V?$allocator@D@2@@std@@H@1@PAU?$_Tree_node@U?$pair@$$CBV?$basic_string@DU?$char_traits@D@std@@V?$allocator@D@2@@std@@H@std@@PAX@1@@Z 10006be0 f i pandamat.obj
 0001:00005d80       ??F?$_Tree_unchecked_const_iterator@V?$_Tree_val@U?$_Tree_simple_types@U?$pair@$$CBV?$basic_string@DU?$char_traits@D@std@@V?$allocator@D@2@@std@@H@std@@@std@@@std@@U_Iterator_base0@2@@std@@QAEAAV01@XZ 10006d80 f i pandamat.obj
 0001:00005e30       ??$_Insert_at@AAU?$pair@$$CBV?$basic_string@DU?$char_traits@D@std@@V?$allocator@D@2@@std@@H@std@@PAU?$_Tree_node@U?$pair@$$CBV?$basic_string@DU?$char_traits@D@std@@V?$allocator@D@2@@std@@H@std@@PAX@2@@?$_Tree@V?$_Tmap_traits@V?$basic_string@DU?$char_traits@D@std@@V?$allocator@D@2@@std@@HU?$less@V?$basic_string@DU?$char_traits@D@std@@V?$allocator@D@2@@std@@@2@V?$allocator@U?$pair@$$CBV?$basic_string@DU?$char_traits@D@std@@V?$allocator@D@2@@std@@H@std@@@2@$0A@@std@@@std@@IAE?AV?$_Tree_iterator@V?$_Tree_val@U?$_Tree_simple_types@U?$pair@$$CBV?$basic_string@DU?$char_traits@D@std@@V?$allocator@D@2@@std@@H@std@@@std@@@std@@@1@_NPAU?$_Tree_node@U?$pair@$$CBV?$basic_string@DU?$char_traits@D@std@@V?$allocator@D@2@@std@@H@std@@PAX@1@AAU?$pair@$$CBV?$basic_string@DU?$char_traits@D@std@@V?$allocator@D@2@@std@@H@1@1@Z 10006e30 f i pandamat.obj
 0001:00006050       ??0bad_alloc@stdext@@QAE@ABV01@@Z 10007050 f i pandamat.obj
 0001:00006070       ?find@OperationCollection@@QAEPAVOperation@@PBD@Z 10007070 f   opercollection.obj
 0001:00006180       ??4Operation@@QAEAAV0@$$QAV0@@Z 10007180 f i opercollection.obj
 0001:000063a0       ?clear@ios_base@std@@QAEXH@Z 100073a0 f i add.obj
 0001:00006440       ?_Init@ios_base@std@@IAEXXZ 10007440 f i add.obj
 0001:000064c0       ??_Eios_base@std@@UAEPAXI@Z 100074c0 f i * CIL library *:* CIL module *
 0001:000064c0       ??_Gios_base@std@@UAEPAXI@Z 100074c0 f i add.obj
 0001:00006620       ?operate@Add@@UAE?AVOperationResult@@XZ 10007620 f   add.obj
 0001:00006800       ??1?$basic_stringstream@DU?$char_traits@D@std@@V?$allocator@D@2@@std@@UAE@XZ 10007800 f i add.obj
 0001:000068c0       ?seekpos@?$basic_stringbuf@DU?$char_traits@D@std@@V?$allocator@D@2@@std@@MAE?AV?$fpos@U_Mbstatet@@@2@V32@H@Z 100078c0 f i add.obj
 0001:000069f0       ?seekoff@?$basic_stringbuf@DU?$char_traits@D@std@@V?$allocator@D@2@@std@@MAE?AV?$fpos@U_Mbstatet@@@2@_JHH@Z 100079f0 f i add.obj
 0001:00006bd0       ?underflow@?$basic_stringbuf@DU?$char_traits@D@std@@V?$allocator@D@2@@std@@MAEHXZ 10007bd0 f i add.obj
 0001:00006c30       ?pbackfail@?$basic_stringbuf@DU?$char_traits@D@std@@V?$allocator@D@2@@std@@MAEHH@Z 10007c30 f i add.obj
 0001:00006c90       ?overflow@?$basic_stringbuf@DU?$char_traits@D@std@@V?$allocator@D@2@@std@@MAEHH@Z 10007c90 f i add.obj
 0001:00006e50       ??6?$basic_ostream@DU?$char_traits@D@std@@@std@@QAEAAV01@I@Z 10007e50 f i add.obj
 0001:00006f60       ?imbue@?$basic_streambuf@DU?$char_traits@D@std@@@std@@MAEXABVlocale@2@@Z 10007f60 f i add.obj
 0001:00006f70       ?sync@?$basic_streambuf@DU?$char_traits@D@std@@@std@@MAEHXZ 10007f70 f i add.obj
 0001:00006f80       ?setbuf@?$basic_streambuf@DU?$char_traits@D@std@@@std@@MAEPAV12@PAD_J@Z 10007f80 f i add.obj
 0001:00006f90       ?seekpos@?$basic_streambuf@DU?$char_traits@D@std@@@std@@MAE?AV?$fpos@U_Mbstatet@@@2@V32@H@Z 10007f90 f i add.obj
 0001:00006fc0       ?seekoff@?$basic_streambuf@DU?$char_traits@D@std@@@std@@MAE?AV?$fpos@U_Mbstatet@@@2@_JHH@Z 10007fc0 f i add.obj
 0001:00006ff0       ?xsputn@?$basic_streambuf@DU?$char_traits@D@std@@@std@@MAE_JPBD_J@Z 10007ff0 f i add.obj
 0001:00007100       ?xsgetn@?$basic_streambuf@DU?$char_traits@D@std@@@std@@MAE_JPAD_J@Z 10008100 f i add.obj
 0001:00007230       ?uflow@?$basic_streambuf@DU?$char_traits@D@std@@@std@@MAEHXZ 10008230 f i add.obj
 0001:00007260       ?underflow@?$basic_streambuf@DU?$char_traits@D@std@@@std@@MAEHXZ 10008260 f i add.obj
 0001:00007270       ?showmanyc@?$basic_streambuf@DU?$char_traits@D@std@@@std@@MAE_JXZ 10008270 f i add.obj
 0001:00007280       ?pbackfail@?$basic_streambuf@DU?$char_traits@D@std@@@std@@MAEHH@Z 10008280 f i add.obj
 0001:00007280       ?overflow@?$basic_streambuf@DU?$char_traits@D@std@@@std@@MAEHH@Z 10008280 f i add.obj
 0001:00007290       ??1?$basic_streambuf@DU?$char_traits@D@std@@@std@@UAE@XZ 10008290 f i add.obj
 0001:000072d0       ??1?$basic_ios@DU?$char_traits@D@std@@@std@@UAE@XZ 100082d0 f i add.obj
 0001:000072e0       ??_G?$basic_stringstream@DU?$char_traits@D@std@@V?$allocator@D@2@@std@@UAEPAXI@Z 100082e0 f i add.obj
 0001:000072e0       ??_E?$basic_stringstream@DU?$char_traits@D@std@@V?$allocator@D@2@@std@@UAEPAXI@Z 100082e0 f i * CIL library *:* CIL module *
 0001:00007320       ??_G?$basic_stringbuf@DU?$char_traits@D@std@@V?$allocator@D@2@@std@@UAEPAXI@Z 10008320 f i add.obj
 0001:00007320       ??_E?$basic_stringbuf@DU?$char_traits@D@std@@V?$allocator@D@2@@std@@UAEPAXI@Z 10008320 f i * CIL library *:* CIL module *
 0001:00007380       ??_E?$basic_iostream@DU?$char_traits@D@std@@@std@@UAEPAXI@Z 10008380 f i * CIL library *:* CIL module *
 0001:00007380       ??_G?$basic_iostream@DU?$char_traits@D@std@@@std@@UAEPAXI@Z 10008380 f i add.obj
 0001:00007400       ??_E?$basic_ostream@DU?$char_traits@D@std@@@std@@UAEPAXI@Z 10008400 f i * CIL library *:* CIL module *
 0001:00007400       ??_G?$basic_ostream@DU?$char_traits@D@std@@@std@@UAEPAXI@Z 10008400 f i add.obj
 0001:00007450       ??_G?$basic_istream@DU?$char_traits@D@std@@@std@@UAEPAXI@Z 10008450 f i add.obj
 0001:00007450       ??_E?$basic_istream@DU?$char_traits@D@std@@@std@@UAEPAXI@Z 10008450 f i * CIL library *:* CIL module *
 0001:000074a0       ??_G?$basic_streambuf@DU?$char_traits@D@std@@@std@@UAEPAXI@Z 100084a0 f i add.obj
 0001:000074a0       ??_E?$basic_streambuf@DU?$char_traits@D@std@@@std@@UAEPAXI@Z 100084a0 f i * CIL library *:* CIL module *
 0001:000074f0       ??_G?$basic_ios@DU?$char_traits@D@std@@@std@@UAEPAXI@Z 100084f0 f i add.obj
 0001:000074f0       ??_E?$basic_ios@DU?$char_traits@D@std@@@std@@UAEPAXI@Z 100084f0 f i * CIL library *:* CIL module *
 0001:00007520       ??_D?$basic_ostream@DU?$char_traits@D@std@@@std@@QAEXXZ 10008520 f i add.obj
 0001:00007550       ?_Tidy@?$basic_stringbuf@DU?$char_traits@D@std@@V?$allocator@D@2@@std@@IAEXXZ 10008550 f i add.obj
 0001:00007600       ?str@?$basic_stringbuf@DU?$char_traits@D@std@@V?$allocator@D@2@@std@@QBE?AV?$basic_string@DU?$char_traits@D@std@@V?$allocator@D@2@@2@XZ 10008600 f i add.obj
 0001:000076e0       ??0?$basic_iostream@DU?$char_traits@D@std@@@std@@QAE@PAV?$basic_streambuf@DU?$char_traits@D@std@@@1@@Z 100086e0 f i add.obj
 0001:000077e0       ?_Gnavail@?$basic_streambuf@DU?$char_traits@D@std@@@std@@IBE_JXZ 100087e0 f i add.obj
 0001:00007800       ?_Init@?$basic_streambuf@DU?$char_traits@D@std@@@std@@IAEXXZ 10008800 f i add.obj
 0001:00007860       ??0?$basic_streambuf@DU?$char_traits@D@std@@@std@@IAE@XZ 10008860 f i add.obj
 0001:000078e0       ?init@?$basic_ios@DU?$char_traits@D@std@@@std@@IAEXPAV?$basic_streambuf@DU?$char_traits@D@std@@@2@_N@Z 100088e0 f i add.obj
 0001:00007a00       ??$?HV?$Mat@N@arma@@V01@@arma@@YA?BV?$eGlue@V?$Mat@N@arma@@V12@Veglue_plus@2@@0@ABV?$Mat@N@0@0@Z 10008a00 f i add.obj
 0001:00007a70       ??$apply@V?$Mat@N@arma@@V12@V12@@?$eglue_core@Veglue_plus@arma@@@arma@@SAXAAV?$Mat@N@1@ABV?$eGlue@V?$Mat@N@arma@@V12@Veglue_plus@2@@1@@Z 10008a70 f i add.obj
 0001:00007c2e       ??_E?$basic_ostream@DU?$char_traits@D@std@@@std@@$4PPPPPPPM@A@AEPAXI@Z 10008c2e f i add.obj
 0001:00007c36       ??_E?$basic_stringstream@DU?$char_traits@D@std@@V?$allocator@D@2@@std@@$4PPPPPPPM@A@AEPAXI@Z 10008c36 f i add.obj
 0001:00007c3e       ??_E?$basic_istream@DU?$char_traits@D@std@@@std@@$4PPPPPPPM@A@AEPAXI@Z 10008c3e f i add.obj
 0001:00007c46       ??_E?$basic_iostream@DU?$char_traits@D@std@@@std@@$4PPPPPPPM@A@AEPAXI@Z 10008c46 f i add.obj
 0001:00007c9b       __imp_load_?GetCurrent@Isolate@v8@@SAPAV12@XZ 10008c9b f   node:node.exe
 0001:00007ca5       __tailMerge_node_exe       10008ca5 f i node:node.exe
 0001:00007cb6       __imp_load_??1HandleScope@v8@@QAE@XZ 10008cb6 f   node:node.exe
 0001:00007cc0       __imp_load_??0HandleScope@v8@@QAE@PAVIsolate@1@@Z 10008cc0 f   node:node.exe
 0001:00007cca       __imp_load_?GetFunction@FunctionTemplate@v8@@QAE?AV?$Local@VFunction@v8@@@2@XZ 10008cca f   node:node.exe
 0001:00007cd4       __imp_load_?New@FunctionTemplate@v8@@SA?AV?$Local@VFunctionTemplate@v8@@@2@PAVIsolate@2@P6AXABV?$FunctionCallbackInfo@VValue@v8@@@2@@ZV?$Local@VValue@v8@@@2@V?$Local@VSignature@v8@@@2@H@Z 10008cd4 f   node:node.exe
 0001:00007cde       __imp_load_?NewFromUtf8@String@v8@@SA?AV?$Local@VString@v8@@@2@PAVIsolate@2@PBDW4NewStringType@12@H@Z 10008cde f   node:node.exe
 0001:00007ce8       __imp_load_?Set@Object@v8@@QAE_NV?$Local@VValue@v8@@@2@0@Z 10008ce8 f   node:node.exe
 0001:00007cf2       __imp_load_?SetName@Function@v8@@QAEXV?$Local@VString@v8@@@2@@Z 10008cf2 f   node:node.exe
 0001:00007cfc       __imp_load__node_module_register 10008cfc f   node:node.exe
 0001:00007d06       __imp_load_?New@Array@v8@@SA?AV?$Local@VArray@v8@@@2@PAVIsolate@2@H@Z 10008d06 f   node:node.exe
 0001:00007d10       __imp_load_?Length@Array@v8@@QBEIXZ 10008d10 f   node:node.exe
 0001:00007d1a       __imp_load_?NumberValue@Value@v8@@QBENXZ 10008d1a f   node:node.exe
 0001:00007d24       __imp_load_?IsArray@Value@v8@@QBE_NXZ 10008d24 f   node:node.exe
 0001:00007d2e       __imp_load_?New@Number@v8@@SA?AV?$Local@VNumber@v8@@@2@PAVIsolate@2@N@Z 10008d2e f   node:node.exe
 0001:00007d38       __imp_load_?New@Object@v8@@SA?AV?$Local@VObject@v8@@@2@PAVIsolate@2@@Z 10008d38 f   node:node.exe
 0001:00007d42       __imp_load_?Get@Object@v8@@QAE?AV?$Local@VValue@v8@@@2@I@Z 10008d42 f   node:node.exe
 0001:00007d4c       __imp_load_?Set@Object@v8@@QAE_NIV?$Local@VValue@v8@@@2@@Z 10008d4c f   node:node.exe
 0001:00007d56       ??0_Init_locks@std@@QAE@XZ 10008d56 f   libcpmt:xlock.obj
 0001:00007d83       ??0_Lockit@std@@QAE@H@Z    10008d83 f   libcpmt:xlock.obj
 0001:00007db4       ??1_Init_locks@std@@QAE@XZ 10008db4 f   libcpmt:xlock.obj
 0001:00007ddb       ??1_Lockit@std@@QAE@XZ     10008ddb f   libcpmt:xlock.obj
 0001:00007dfa       ??$_Fgetc@D@std@@YA_NAADPAU_iobuf@@@Z 10008dfa f i libcpmt:cout.obj
 0001:00007e1a       ??$_Fputc@D@std@@YA_NDPAU_iobuf@@@Z 10008e1a f i libcpmt:cout.obj
 0001:00007e36       ??$_Ungetc@D@std@@YA_NABDPAU_iobuf@@@Z 10008e36 f i libcpmt:cout.obj
 0001:00007e54       ??$use_facet@V?$codecvt@DDU_Mbstatet@@@std@@@std@@YAABV?$codecvt@DDU_Mbstatet@@@0@ABVlocale@0@@Z 10008e54 f i libcpmt:cout.obj
 0001:00007ef1       ??0?$basic_ostream@DU?$char_traits@D@std@@@std@@QAE@PAV?$basic_streambuf@DU?$char_traits@D@std@@@1@_N@Z 10008ef1 f i libcpmt:cout.obj
 0001:00007f58       ??0?$fpos@U_Mbstatet@@@std@@QAE@U_Mbstatet@@_J@Z 10008f58 f i libcpmt:cout.obj
 0001:00007f80       ??0_Init_cout@std@@QAE@XZ  10008f80 f i libcpmt:cout.obj
 0001:00007fd9       ??0bad_cast@std@@QAE@ABV01@@Z 10008fd9 f i libcpmt:cout.obj
 0001:00007ff4       ??0bad_cast@std@@QAE@XZ    10008ff4 f i libcpmt:cout.obj
 0001:0000800c       ??0exception@std@@QAE@ABV01@@Z 1000900c f i libcpmt:cout.obj
 0001:00008038       ??0exception@std@@QAE@QBD@Z 10009038 f i libcpmt:cout.obj
 0001:0000806f       ??1?$basic_filebuf@DU?$char_traits@D@std@@@std@@UAE@XZ 1000906f f i libcpmt:cout.obj
 0001:000080c9       ??_G?$basic_filebuf@DU?$char_traits@D@std@@@std@@UAEPAXI@Z 100090c9 f i libcpmt:cout.obj
 0001:000080c9       ??_E?$basic_filebuf@DU?$char_traits@D@std@@@std@@UAEPAXI@Z 100090c9 f i libcpmt:cout.obj
 0001:000080eb       ??_E?$codecvt@DDU_Mbstatet@@@std@@MAEPAXI@Z 100090eb f i libcpmt:cout.obj
 0001:000080eb       ??_G?$codecvt@DDU_Mbstatet@@@std@@MAEPAXI@Z 100090eb f i libcpmt:cout.obj
 0001:0000810e       ?_Endwrite@?$basic_filebuf@DU?$char_traits@D@std@@@std@@IAE_NXZ 1000910e f i libcpmt:cout.obj
 0001:0000822c       ?_Getcat@?$codecvt@DDU_Mbstatet@@@std@@SAIPAPBVfacet@locale@2@PBV42@@Z 1000922c f i libcpmt:cout.obj
 0001:00008294       ?_Init@?$basic_filebuf@DU?$char_traits@D@std@@@std@@IAEXPAU_iobuf@@W4_Initfl@12@@Z 10009294 f i libcpmt:cout.obj
 0001:00008312       ?_Initcvt@?$basic_filebuf@DU?$char_traits@D@std@@@std@@IAEXPBV?$codecvt@DDU_Mbstatet@@@2@@Z 10009312 f i libcpmt:cout.obj
 0001:00008348       ?_Lock@?$basic_filebuf@DU?$char_traits@D@std@@@std@@UAEXXZ 10009348 f i libcpmt:cout.obj
 0001:00008358       ?_Reset_back@?$basic_filebuf@DU?$char_traits@D@std@@@std@@AAEXXZ 10009358 f i libcpmt:cout.obj
 0001:0000837b       ?_Set_back@?$basic_filebuf@DU?$char_traits@D@std@@@std@@AAEXXZ 1000937b f i libcpmt:cout.obj
 0001:000083b1       ?_Unlock@?$basic_filebuf@DU?$char_traits@D@std@@@std@@UAEXXZ 100093b1 f i libcpmt:cout.obj
 0001:000083c1       ?close@?$basic_filebuf@DU?$char_traits@D@std@@@std@@QAEPAV12@XZ 100093c1 f i libcpmt:cout.obj
 0001:00008420       ?do_out@?$codecvt@DDU_Mbstatet@@@std@@MBEHAAU_Mbstatet@@PBD1AAPBDPAD3AAPAD@Z 10009420 f i libcpmt:cout.obj
 0001:00008420       ?do_in@?$codecvt@DDU_Mbstatet@@@std@@MBEHAAU_Mbstatet@@PBD1AAPBDPAD3AAPAD@Z 10009420 f i libcpmt:cout.obj
 0001:0000843a       ?do_length@?$codecvt@DDU_Mbstatet@@@std@@MBEHAAU_Mbstatet@@PBD1I@Z 1000943a f i libcpmt:cout.obj
 0001:00008452       __get_startup_argv_mode    10009452 f i LIBCMT:argv_mode.obj
 0001:00008452       ?do_max_length@codecvt_base@std@@MBEHXZ 10009452 f i libcpmt:cout.obj
 0001:00008452       ?do_encoding@codecvt_base@std@@MBEHXZ 10009452 f i libcpmt:cout.obj
 0001:00008456       ?do_unshift@?$codecvt@DDU_Mbstatet@@@std@@MBEHAAU_Mbstatet@@PAD1AAPAD@Z 10009456 f i libcpmt:cout.obj
 0001:00008467       ?imbue@?$basic_filebuf@DU?$char_traits@D@std@@@std@@MAEXABVlocale@2@@Z 10009467 f i libcpmt:cout.obj
 0001:00008483       ?overflow@?$basic_filebuf@DU?$char_traits@D@std@@@std@@MAEHH@Z 10009483 f i libcpmt:cout.obj
 0001:00008621       ?pbackfail@?$basic_filebuf@DU?$char_traits@D@std@@@std@@MAEHH@Z 10009621 f i libcpmt:cout.obj
 0001:000086a8       ?seekoff@?$basic_filebuf@DU?$char_traits@D@std@@@std@@MAE?AV?$fpos@U_Mbstatet@@@2@_JHH@Z 100096a8 f i libcpmt:cout.obj
 0001:00008769       ?seekpos@?$basic_filebuf@DU?$char_traits@D@std@@@std@@MAE?AV?$fpos@U_Mbstatet@@@2@V32@H@Z 10009769 f i libcpmt:cout.obj
 0001:00008829       ?setbuf@?$basic_filebuf@DU?$char_traits@D@std@@@std@@MAEPAV?$basic_streambuf@DU?$char_traits@D@std@@@2@PAD_J@Z 10009829 f i libcpmt:cout.obj
 0001:00008877       ?sync@?$basic_filebuf@DU?$char_traits@D@std@@@std@@MAEHXZ 10009877 f i libcpmt:cout.obj
 0001:000088af       ?uflow@?$basic_filebuf@DU?$char_traits@D@std@@@std@@MAEHXZ 100098af f i libcpmt:cout.obj
 0001:00008a4e       ?underflow@?$basic_filebuf@DU?$char_traits@D@std@@@std@@MAEHXZ 10009a4e f i libcpmt:cout.obj
 0001:00008a9c       ?what@exception@std@@UBEPBDXZ 10009a9c f i libcpmt:cout.obj
 0001:00008b28       ??0_Locimp@locale@std@@AAE@_N@Z 10009b28 f i libcpmt:locale0.obj
 0001:00008b6b       ??1_Fac_node@std@@QAE@XZ   10009b6b f i libcpmt:locale0.obj
 0001:00008bca       ??1_Fac_tidy_reg_t@std@@QAE@XZ 10009bca f i libcpmt:locale0.obj
 0001:00008bf1       ??1_Locimp@locale@std@@MAE@XZ 10009bf1 f i libcpmt:locale0.obj
 0001:00008c4c       ??4?$_Yarn@D@std@@QAEAAV01@PBD@Z 10009c4c f i libcpmt:locale0.obj
 0001:00008ca0       ??_E_Locimp@locale@std@@MAEPAXI@Z 10009ca0 f i libcpmt:locale0.obj
 0001:00008ca0       ??_G_Locimp@locale@std@@MAEPAXI@Z 10009ca0 f i libcpmt:locale0.obj
 0001:00008cc2       ?_Facet_Register@std@@YAXPAV_Facet_base@1@@Z 10009cc2 f   libcpmt:locale0.obj
 0001:00008cf0       ?_Getgloballocale@locale@std@@CAPAV_Locimp@12@XZ 10009cf0 f   libcpmt:locale0.obj
 0001:00008cf6       ?_Init@locale@std@@CAPAV_Locimp@12@_N@Z 10009cf6 f   libcpmt:locale0.obj
 0001:00008d84       ?_Locimp_dtor@_Locimp@locale@std@@CAXPAV123@@Z 10009d84 f   libcpmt:locale0.obj
 0001:00008df9       ?_Locinfo_ctor@_Locinfo@std@@SAXPAV12@PBD@Z 10009df9 f   libcpmt:locale0.obj
 0001:00008e44       ?_Locinfo_dtor@_Locinfo@std@@SAXPAV12@@Z 10009e44 f   libcpmt:locale0.obj
 0001:00008e66       ?_New_Locimp@_Locimp@locale@std@@CAPAV123@_N@Z 10009e66 f   libcpmt:locale0.obj
 0001:00008e8b       ?_Setgloballocale@locale@std@@CAXPAX@Z 10009e8b f   libcpmt:locale0.obj
 0001:00008eb3       __Deletegloballocale       10009eb3 f   libcpmt:locale0.obj
 0001:00008f18       ??0bad_alloc@std@@QAE@ABV01@@Z 10009f18 f i libcpmt:xthrow.obj
 0001:00008f33       ??0bad_alloc@std@@QAE@XZ   10009f33 f i libcpmt:xthrow.obj
 0001:00008f4b       ??0length_error@std@@QAE@ABV01@@Z 10009f4b f i libcpmt:xthrow.obj
 0001:00008f66       ??0length_error@std@@QAE@PBD@Z 10009f66 f i libcpmt:xthrow.obj
 0001:00008f87       ??0out_of_range@std@@QAE@ABV01@@Z 10009f87 f i libcpmt:xthrow.obj
 0001:00008fa2       ??0out_of_range@std@@QAE@PBD@Z 10009fa2 f i libcpmt:xthrow.obj
 0001:00008fc3       ?_Xlength_error@std@@YAXPBD@Z 10009fc3 f   libcpmt:xthrow.obj
 0001:00008fe3       ?_Xout_of_range@std@@YAXPBD@Z 10009fe3 f   libcpmt:xthrow.obj
 0001:00009003       ?_Syserror_map@std@@YAPBDH@Z 1000a003 f   libcpmt:syserror.obj
 0001:00009028       __Getctype                 1000a028 f   libcpmt:_tolower.obj
 0001:00009093       __Tolower                  1000a093 f   libcpmt:_tolower.obj
 0001:0000918d       __Getcvt                   1000a18d f   libcpmt:xwctomb.obj
 0001:000091fa       __Toupper                  1000a1fa f   libcpmt:_toupper.obj
 0001:000092f4       ?_Addstd@ios_base@std@@SAXPAV12@@Z 1000a2f4 f   libcpmt:ios.obj
 0001:00009345       ?_Callfns@ios_base@std@@AAEXW4event@12@@Z 1000a345 f i libcpmt:ios.obj
 0001:00009377       ?_Ios_base_dtor@ios_base@std@@CAXPAV12@@Z 1000a377 f   libcpmt:ios.obj
 0001:000093b7       ?_Tidy@ios_base@std@@AAEXXZ 1000a3b7 f i libcpmt:ios.obj
 0001:000093ff       __Mtxdst                   1000a3ff f   libcpmt:xmtx.obj
 0001:0000940d       __Mtxinit                  1000a40d f   libcpmt:xmtx.obj
 0001:00009424       __Mtxlock                  1000a424 f   libcpmt:xmtx.obj
 0001:00009432       __Mtxunlock                1000a432 f   libcpmt:xmtx.obj
 0001:00009440       ??1_Init_atexit@@QAE@XZ    1000a440 f i libcpmt:iosptrs.obj
 0001:000094a4       ?_Atexit@@YAXP6AXXZ@Z      1000a4a4 f   libcpmt:iosptrs.obj
 0001:000094d2       ___crtLCMapStringA         1000a4d2 f   libcpmt:StlLCMapStringA.obj
 0001:000096d5       __freea_crt                1000a6d5 f i libcpmt:StlLCMapStringA.obj
 0001:00009a9d       ___crtInitializeCriticalSectionEx 1000aa9d f   libcpmt:winapisupp.obj
 0001:00009ad5       _GetTableIndexFromLocaleName 1000aad5 f   libcpmt:winapinls.obj
 0001:00009b23       ___crtDownlevelLocaleNameToLCID 1000ab23 f   libcpmt:winapinls.obj
 0001:00009b4d       ___crtLCMapStringEx        1000ab4d f   libcpmt:winapinls.obj
 0001:00009ba3       ___wcsnicmp_ascii          1000aba3 f   libcpmt:winapinls.obj
 0001:00009c16       @__security_check_cookie@4 1000ac16 f   LIBCMT:_secchk_.obj
 0001:00009c27       ??_V@YAXPAX@Z              1000ac27 f   LIBCMT:delete_array.obj
 0001:00009d08       __Init_thread_footer       1000ad08 f   LIBCMT:thread_safe_statics.obj
 0001:00009d47       __Init_thread_header       1000ad47 f   LIBCMT:thread_safe_statics.obj
 0001:00009d8d       __Init_thread_lock         1000ad8d f   LIBCMT:thread_safe_statics.obj
 0001:00009d99       __Init_thread_notify       1000ad99 f   LIBCMT:thread_safe_statics.obj
 0001:00009dda       __Init_thread_unlock       1000adda f   LIBCMT:thread_safe_statics.obj
 0001:00009de6       __Init_thread_wait         1000ade6 f   LIBCMT:thread_safe_statics.obj
 0001:00009e4b       ??2@YAPAXI@Z               1000ae4b f   LIBCMT:new_scalar.obj
 0001:00009e7e       ??$__crt_fast_encode_pointer@P6GXPAU_RTL_CONDITION_VARIABLE@@@Z@@YAP6GXPAU_RTL_CONDITION_VARIABLE@@@ZQ6GX0@Z@Z 1000ae7e f i LIBCMT:thread_safe_statics.obj
 0001:00009e7e       ??$__crt_fast_encode_pointer@PAX@@YAPAXQAX@Z 1000ae7e f i libvcruntime:winapi_downlevel.obj
 0001:00009e7e       ??$__crt_fast_encode_pointer@P6GHPAU_RTL_CONDITION_VARIABLE@@PAU_RTL_CRITICAL_SECTION@@K@Z@@YAP6GHPAU_RTL_CONDITION_VARIABLE@@PAU_RTL_CRITICAL_SECTION@@K@ZQ6GH01K@Z@Z 1000ae7e f i LIBCMT:thread_safe_statics.obj
 0001:00009e7e       ??$__crt_fast_encode_pointer@PAP6AXXZ@@YAPAP6AXXZQAP6AXXZ@Z 1000ae7e f i LIBCMT:utility.obj
 0001:00009edf       ___scrt_acquire_startup_lock 1000aedf f   LIBCMT:utility.obj
 0001:00009f14       ___scrt_dllmain_after_initialize_c 1000af14 f   LIBCMT:utility.obj
 0001:00009f3f       ___scrt_dllmain_before_initialize_c 1000af3f f   LIBCMT:utility.obj
 0001:00009f4d       ___scrt_dllmain_crt_thread_attach 1000af4d f   LIBCMT:utility.obj
 0001:00009f6c       ___scrt_dllmain_crt_thread_detach 1000af6c f   LIBCMT:utility.obj
 0001:00009f79       ___scrt_dllmain_exception_filter 1000af79 f   LIBCMT:utility.obj
 0001:00009fac       ___scrt_dllmain_uninitialize_c 1000afac f   LIBCMT:utility.obj
 0001:00009fcf       ___scrt_dllmain_uninitialize_critical 1000afcf f   LIBCMT:utility.obj
 0001:00009fdc       ___scrt_initialize_crt     1000afdc f   LIBCMT:utility.obj
 0001:0000a015       ___scrt_initialize_onexit_tables 1000b015 f   LIBCMT:utility.obj
 0001:0000a0ac       ___scrt_is_nonwritable_in_current_image 1000b0ac f   LIBCMT:utility.obj
 0001:0000a136       ___scrt_release_startup_lock 1000b136 f   LIBCMT:utility.obj
 0001:0000a153       ___scrt_uninitialize_crt   1000b153 f   LIBCMT:utility.obj
 0001:0000a17b       __onexit                   1000b17b f   LIBCMT:utility.obj
 0001:0000a1b6       _atexit                    1000b1b6 f   LIBCMT:utility.obj
 0001:0000a1cb       ??3@YAXPAX@Z               1000b1cb f   LIBCMT:delete_scalar.obj
 0001:0000a1d0       ??3@YAXPAXI@Z              1000b1d0 f   LIBCMT:delete_scalar_size.obj
 0001:0000a1de       ??_Etype_info@@UAEPAXI@Z   1000b1de f i LIBCMT:std_type_info_static.obj
 0001:0000a1de       ??_Gtype_info@@UAEPAXI@Z   1000b1de f i LIBCMT:std_type_info_static.obj
 0001:0000a509       __DllMainCRTStartup@12     1000b509 f   LIBCMT:dll_dllmain.obj
 0001:0000a52c       @_guard_check_icall@4      1000b52c f i LIBCMT:checkcfg.obj
 0001:0000a532       __EH_epilog3               1000b532 f   LIBCMT:ehprolg3.obj
 0001:0000a547       __EH_epilog3_GS            1000b547 f   LIBCMT:ehprolg3.obj
 0001:0000a558       __EH_prolog3               1000b558 f   LIBCMT:ehprolg3.obj
 0001:0000a58c       __EH_prolog3_GS            1000b58c f   LIBCMT:ehprolg3.obj
 0001:0000a5c3       __EH_prolog3_catch         1000b5c3 f   LIBCMT:ehprolg3.obj
 0001:0000a600       __alloca_probe_16          1000b600 f   LIBCMT:alloca16.obj
 0001:0000a616       __alloca_probe_8           1000b616     LIBCMT:alloca16.obj
 0001:0000a630       __allmul                   1000b630 f   LIBCMT:llmul.obj
 0001:0000a670       __aulldiv                  1000b670 f   LIBCMT:ulldiv.obj
 0001:0000a6d8       ___raise_securityfailure   1000b6d8 f   LIBCMT:gs_report.obj
 0001:0000a700       ___report_gsfailure        1000b700 f   LIBCMT:gs_report.obj
 0001:0000a7fb       ___report_rangecheckfailure 1000b7fb f   LIBCMT:gs_report.obj
 0001:0000a807       ___report_securityfailure  1000b807 f   LIBCMT:gs_report.obj
 0001:0000a8d7       ___scrt_fastfail           1000b8d7 f   LIBCMT:utility_desktop.obj
 0001:0000a9f2       __crt_debugger_hook        1000b9f2 f   LIBCMT:utility_desktop.obj
 0001:0000a9fa       ??0bad_array_new_length@std@@QAE@ABV01@@Z 1000b9fa f i LIBCMT:throw_bad_alloc.obj
 0001:0000aa15       ??0bad_array_new_length@std@@QAE@XZ 1000ba15 f i LIBCMT:throw_bad_alloc.obj
 0001:0000aa2d       ??1bad_array_new_length@std@@UAE@XZ 1000ba2d f i LIBCMT:throw_bad_alloc.obj
 0001:0000aa2d       ??1length_error@std@@UAE@XZ 1000ba2d f i libcpmt:xthrow.obj
 0001:0000aa2d       ??1bad_cast@std@@UAE@XZ    1000ba2d f i libcpmt:cout.obj
 0001:0000aa2d       ??1out_of_range@std@@UAE@XZ 1000ba2d f i libcpmt:xthrow.obj
 0001:0000aa2d       ??1bad_alloc@std@@UAE@XZ   1000ba2d f i libcpmt:xthrow.obj
 0001:0000aa2d       ??1bad_exception@std@@UAE@XZ 1000ba2d f i libvcruntime:frame.obj
 0001:0000aa3e       ??_Gbad_alloc@std@@UAEPAXI@Z 1000ba3e f i libcpmt:xthrow.obj
 0001:0000aa3e       ??_Ebad_alloc@std@@UAEPAXI@Z 1000ba3e f i libcpmt:xthrow.obj
 0001:0000aa3e       ??_Glength_error@std@@UAEPAXI@Z 1000ba3e f i libcpmt:xthrow.obj
 0001:0000aa3e       ??_Gbad_exception@std@@UAEPAXI@Z 1000ba3e f i libvcruntime:frame.obj
 0001:0000aa3e       ??_Ebad_exception@std@@UAEPAXI@Z 1000ba3e f i libvcruntime:frame.obj
 0001:0000aa3e       ??_Gbad_cast@std@@UAEPAXI@Z 1000ba3e f i libcpmt:cout.obj
 0001:0000aa3e       ??_Ebad_cast@std@@UAEPAXI@Z 1000ba3e f i libcpmt:cout.obj
 0001:0000aa3e       ??_Gbad_array_new_length@std@@UAEPAXI@Z 1000ba3e f i LIBCMT:throw_bad_alloc.obj
 0001:0000aa3e       ??_Gout_of_range@std@@UAEPAXI@Z 1000ba3e f i libcpmt:xthrow.obj
 0001:0000aa3e       ??_Ebad_array_new_length@std@@UAEPAXI@Z 1000ba3e f i LIBCMT:throw_bad_alloc.obj
 0001:0000aa3e       ??_Gexception@std@@UAEPAXI@Z 1000ba3e f i libcpmt:cout.obj
 0001:0000aa3e       ??_Eout_of_range@std@@UAEPAXI@Z 1000ba3e f i libcpmt:xthrow.obj
 0001:0000aa3e       ??_Eexception@std@@UAEPAXI@Z 1000ba3e f i libcpmt:cout.obj
 0001:0000aa3e       ??_Elength_error@std@@UAEPAXI@Z 1000ba3e f i libcpmt:xthrow.obj
 0001:0000aa6b       ?_Xbad_alloc@std@@YAXXZ    1000ba6b f   libcpmt:xthrow.obj
 0001:0000aa6b       ?__scrt_throw_std_bad_alloc@@YAXXZ 1000ba6b f   LIBCMT:throw_bad_alloc.obj
 0001:0000aa88       ?__scrt_throw_std_bad_array_new_length@@YAXXZ 1000ba88 f   LIBCMT:throw_bad_alloc.obj
 0001:0000aaa5       ___isa_available_init      1000baa5 f   LIBCMT:_cpu_disp_.obj
 0001:0000ac3f       ___scrt_is_ucrt_dll_in_use 1000bc3f f   LIBCMT:ucrt_detection.obj
 0001:0000ac50       __SEH_prolog4              1000bc50 f   LIBCMT:_sehprolg4_.obj
 0001:0000ac96       __SEH_epilog4              1000bc96 f   LIBCMT:_sehprolg4_.obj
 0001:0000acab       ___security_init_cookie    1000bcab f   LIBCMT:gs_support.obj
 0001:0000ad47       _DllMain@12                1000bd47 f   LIBCMT:dll_dllmain_stub.obj
 0001:0000ad4d       ?__scrt_initialize_type_info@@YAXXZ 1000bd4d f   LIBCMT:tncleanup.obj
 0001:0000ad59       ?__scrt_uninitialize_type_info@@YAXXZ 1000bd59 f   LIBCMT:tncleanup.obj
 0001:0000ad65       ___local_stdio_scanf_options 1000bd65 f i LIBCMT:default_local_stdio_options.obj
 0001:0000ad6b       ___scrt_initialize_default_local_stdio_options 1000bd6b f   LIBCMT:default_local_stdio_options.obj
 0001:0000ad88       ___scrt_get_dyn_tls_init_callback 1000bd88 f   LIBCMT:dyn_tls_init.obj
 0001:0000ad8e       __RTC_Initialize           1000bd8e f   LIBCMT:_initsect_.obj
 0001:0000adb9       __RTC_Terminate            1000bdb9 f   LIBCMT:_initsect_.obj
 0001:0000adf0       __chkstk                   1000bdf0 f   LIBCMT:chkstk.obj
 0001:0000adf0       __alloca_probe             1000bdf0 f   LIBCMT:chkstk.obj
 0001:0000ae20       _memmove                   1000be20 f   libvcruntime:memmove.obj
 0001:0000b394       __get_purecall_handler     1000c394 f   libvcruntime:purevirt.obj
 0001:0000b3b3       __purecall                 1000c3b3 f   libvcruntime:purevirt.obj
 0001:0000b3ce       ___DestructExceptionObject 1000c3ce f   libvcruntime:frame.obj
 0001:0000b462       ??0bad_exception@std@@QAE@ABV01@@Z 1000c462 f i libvcruntime:frame.obj
 0001:0000b47d       ??0bad_exception@std@@QAE@XZ 1000c47d f i libvcruntime:frame.obj
 0001:0000bcae       ?_CallMemberFunction2@@YGXQAX00H@Z 1000ccae f i libvcruntime:frame.obj
 0001:0000bcae       ?_CallMemberFunction0@@YGXQAX0@Z 1000ccae f i libvcruntime:frame.obj
 0001:0000bcae       ?_CallMemberFunction1@@YGXQAX00@Z 1000ccae f i libvcruntime:frame.obj
 0001:0000bcb5       ___AdjustPointer           1000ccb5 f   libvcruntime:frame.obj
 0001:0000bcda       ___BuildCatchObject        1000ccda f   libvcruntime:frame.obj
 0001:0000bd69       ___BuildCatchObjectHelper  1000cd69 f   libvcruntime:frame.obj
 0001:0000be97       ___FrameUnwindFilter       1000ce97 f   libvcruntime:frame.obj
 0001:0000bedc       ___FrameUnwindToState      1000cedc f   libvcruntime:frame.obj
 0001:0000bfa4       ___InternalCxxFrameHandler 1000cfa4 f   libvcruntime:frame.obj
 0001:0000c0a0       ___TypeMatch               1000d0a0 f   libvcruntime:frame.obj
 0001:0000c12e       ___std_exception_copy      1000d12e f   libvcruntime:std_exception.obj
 0001:0000c191       ___std_exception_destroy   1000d191 f   libvcruntime:std_exception.obj
 0001:0000c1b0       __CxxThrowException@8      1000d1b0 f   libvcruntime:throw.obj
 0001:0000c21e       ?_CallCatchBlock2@@YAPAXPAUEHRegistrationNode@@PBU_s_FuncInfo@@PAXHK@Z 1000d21e f   libvcruntime:trnsctrl.obj
 0001:0000c27e       ?_CallSETranslator@@YAHPAUEHExceptionRecord@@PAUEHRegistrationNode@@PAX2PBU_s_FuncInfo@@H1@Z 1000d27e f   libvcruntime:trnsctrl.obj
 0001:0000c35b       ?_GetRangeOfTrysToCheck@@YAPBU_s_TryBlockMapEntry@@PBU_s_FuncInfo@@HHPAI1@Z 1000d35b f   libvcruntime:trnsctrl.obj
 0001:0000c3d3       ?_JumpToContinuation@@YGXPAXPAUEHRegistrationNode@@@Z 1000d3d3 f   libvcruntime:trnsctrl.obj
 0001:0000c405       ?_UnwindNestedFrames@@YGXPAUEHRegistrationNode@@PAUEHExceptionRecord@@@Z 1000d405 f   libvcruntime:trnsctrl.obj
 0001:0000c45a       __CatchGuardHandler        1000d45a f   libvcruntime:trnsctrl.obj
 0001:0000c48b       __CreateFrameInfo          1000d48b f   libvcruntime:trnsctrl.obj
 0001:0000c4af       __FindAndUnlinkFrame       1000d4af f   libvcruntime:trnsctrl.obj
 0001:0000c4f9       __IsExceptionObjectToBeDestroyed 1000d4f9 f   libvcruntime:trnsctrl.obj
 0001:0000c51f       __TranslatorGuardHandler   1000d51f f   libvcruntime:trnsctrl.obj
 0001:0000c5be       ___CxxFrameHandler3        1000d5be f   libvcruntime:trnsctrl.obj
 0001:0000c600       _memcpy                    1000d600 f   libvcruntime:memcpy.obj
 0001:0000cb80       _memset                    1000db80 f   libvcruntime:memset.obj
 0001:0000cce0       _memchr                    1000dce0 f   libvcruntime:memchr.obj
 0001:0000cd8d       _memcmp                    1000dd8d f   libvcruntime:_memcmp_.obj
 0001:0000e62e       ___vcrt_FlsAlloc           1000f62e f   libvcruntime:winapi_downlevel.obj
 0001:0000e668       ___vcrt_FlsFree            1000f668 f   libvcruntime:winapi_downlevel.obj
 0001:0000e6a2       ___vcrt_FlsGetValue        1000f6a2 f   libvcruntime:winapi_downlevel.obj
 0001:0000e6dc       ___vcrt_FlsSetValue        1000f6dc f   libvcruntime:winapi_downlevel.obj
 0001:0000e719       ___vcrt_InitializeCriticalSectionEx 1000f719 f   libvcruntime:winapi_downlevel.obj
 0001:0000e75f       ___vcrt_initialize_winapi_thunks 1000f75f f   libvcruntime:winapi_downlevel.obj
 0001:0000e799       ___vcrt_uninitialize_winapi_thunks 1000f799 f   libvcruntime:winapi_downlevel.obj
 0001:0000e7cb       ___vcrt_initialize         1000f7cb f   libvcruntime:initialization.obj
 0001:0000e7f4       ___vcrt_thread_attach      1000f7f4 f   libvcruntime:initialization.obj
 0001:0000e7ff       ___vcrt_thread_detach      1000f7ff f   libvcruntime:initialization.obj
 0001:0000e80a       ___vcrt_uninitialize       1000f80a f   libvcruntime:initialization.obj
 0001:0000e829       ___vcrt_uninitialize_critical 1000f829 f   libvcruntime:initialization.obj
 0001:0000e880       __except_handler4          1000f880 f   libvcruntime:_chandler4_.obj
 0001:0000e9e6       ___std_type_info_compare   1000f9e6 f   libvcruntime:std_type_info.obj
 0001:0000ea22       ___std_type_info_destroy_list 1000fa22 f   libvcruntime:std_type_info.obj
 0001:0000ea45       ___vcrt_initialize_pure_virtual_call_handler 1000fa45 f   libvcruntime:purevirt_data.obj
 0001:0000ea62       _unexpected                1000fa62 f   libvcruntime:unexpected.obj
 0001:0000ea7e       ___vcrt_freefls@4          1000fa7e f   libvcruntime:per_thread_data.obj
 0001:0000ea9a       ___vcrt_freeptd            1000fa9a f   libvcruntime:per_thread_data.obj
 0001:0000ead0       ___vcrt_getptd             1000fad0 f   libvcruntime:per_thread_data.obj
 0001:0000eade       ___vcrt_getptd_noexit      1000fade f   libvcruntime:per_thread_data.obj
 0001:0000eb70       ___vcrt_initialize_ptd     1000fb70 f   libvcruntime:per_thread_data.obj
 0001:0000eba3       ___vcrt_uninitialize_ptd   1000fba3 f   libvcruntime:per_thread_data.obj
 0001:0000ebc0       __CallSettingFrame@12      1000fbc0 f   libvcruntime:lowhelpr.obj
 0001:0000ebe7       __NLG_Return               1000fbe7     libvcruntime:lowhelpr.obj
 0001:0000ec0c       ___vcrt_initialize_locks   1000fc0c f   libvcruntime:locks.obj
 0001:0000ec48       ___vcrt_uninitialize_locks 1000fc48 f   libvcruntime:locks.obj
 0001:0000ec80       __local_unwind4            1000fc80 f   libvcruntime:_exsup4_.obj
 0001:0000ed56       __seh_longjmp_unwind4@4    1000fd56 f   libvcruntime:_exsup4_.obj
 0001:0000ed7e       @_EH4_CallFilterFunc@8     1000fd7e f   libvcruntime:_exsup4_.obj
 0001:0000ed95       @_EH4_TransferToHandler@8  1000fd95 f   libvcruntime:_exsup4_.obj
 0001:0000edae       @_EH4_GlobalUnwind2@8      1000fdae f   libvcruntime:_exsup4_.obj
 0001:0000edc7       @_EH4_LocalUnwind@16       1000fdc7 f   libvcruntime:_exsup4_.obj
 0001:0000ede0       __global_unwind2           1000fde0 f   libvcruntime:_exsup_.obj
 0001:0000ee45       __local_unwind2            1000fe45 f   libvcruntime:_exsup_.obj
 0001:0000eec9       __abnormal_termination     1000fec9 f   libvcruntime:_exsup_.obj
 0001:0000eeec       __NLG_Notify1              1000feec f   libvcruntime:_exsup_.obj
 0001:0000eef5       __NLG_Notify               1000fef5 f   libvcruntime:_exsup_.obj
 0001:0000ef0c       __NLG_Dispatch             1000ff0c     libvcruntime:_exsup_.obj
 0001:0000ef0c       __NLG_Dispatch2            1000ff0c     libvcruntime:_exsup_.obj
 0001:0000ef14       __NLG_Call                 1000ff14 f   libvcruntime:_exsup_.obj
 0001:0000ef16       __NLG_Return2              1000ff16     libvcruntime:_exsup_.obj
 0001:0000ef17       __aligned_free             1000ff17 f   libucrt:align.obj
 0001:0000ef1c       __aligned_free_base        1000ff1c f   libucrt:align.obj
 0001:0000ef36       __aligned_malloc           1000ff36 f   libucrt:align.obj
 0001:0000ef41       __aligned_malloc_base      1000ff41 f   libucrt:align.obj
 0001:0000ef58       __aligned_offset_malloc_base 1000ff58 f   libucrt:align.obj
 0001:0000efe2       _abort                     1000ffe2 f   libucrt:abort.obj
 0001:0000f025       _calloc                    10010025 f   libucrt:calloc.obj
 0001:0000f030       ___acrt_call_reportfault   10010030 f   libucrt:invalid_parameter.obj
 0001:0000f16b       ___acrt_initialize_invalid_parameter_handler 1001016b f   libucrt:invalid_parameter.obj
 0001:0000f17f       __invalid_parameter        1001017f f   libucrt:invalid_parameter.obj
 0001:0000f1fa       __invalid_parameter_noinfo 100101fa f   libucrt:invalid_parameter.obj
 0001:0000f20a       __invalid_parameter_noinfo_noreturn 1001020a f   libucrt:invalid_parameter.obj
 0001:0000f227       __invoke_watson            10010227 f   libucrt:invalid_parameter.obj
 0001:0000f260       _strcspn                   10010260 f   libucrt:strcspn.obj
 0001:0000f49a       ??$count@D@formatting_buffer@__crt_stdio_output@@QBEIXZ 1001049a f i libucrt:output.obj
 0001:0000f4b2       ??$ensure_buffer_is_big_enough@D@formatting_buffer@__crt_stdio_output@@QAE_NI@Z 100104b2 f i libucrt:output.obj
 0001:0000f538       ??$is_wide_character_specifier@D@__crt_stdio_output@@YA_N_KDW4length_modifier@0@@Z 10010538 f i libucrt:output.obj
 0001:0000f578       ??$scratch_data@D@formatting_buffer@__crt_stdio_output@@QAEPADXZ 10010578 f i libucrt:output.obj
 0001:0000f596       ??$type_case_integer_parse_into_buffer@I@?$output_processor@DV?$string_output_adapter@D@__crt_stdio_output@@V?$format_validation_base@DV?$string_output_adapter@D@__crt_stdio_output@@@2@@__crt_stdio_output@@AAEXII_N@Z 10010596 f i libucrt:output.obj
 0001:0000f60b       ??$type_case_integer_parse_into_buffer@_K@?$output_processor@DV?$string_output_adapter@D@__crt_stdio_output@@V?$format_validation_base@DV?$string_output_adapter@D@__crt_stdio_output@@@2@@__crt_stdio_output@@AAEX_KI_N@Z 1001060b f i libucrt:output.obj
 0001:0000f693       ??$write_multiple_characters@V?$string_output_adapter@D@__crt_stdio_output@@D@__crt_stdio_output@@YAXABV?$string_output_adapter@D@0@DHQAH@Z 10010693 f i libucrt:output.obj
 0001:0000f6bf       ??0?$common_data@D@__crt_stdio_output@@IAE@XZ 100106bf f i libucrt:output.obj
 0001:0000f706       ??0?$output_adapter_data@DV?$string_output_adapter@D@__crt_stdio_output@@@__crt_stdio_output@@IAE@ABV?$string_output_adapter@D@1@_KQBDQAU__crt_locale_pointers@@QAD@Z 10010706 f i libucrt:output.obj
 0001:0000f742       ??0?$output_processor@DV?$string_output_adapter@D@__crt_stdio_output@@V?$format_validation_base@DV?$string_output_adapter@D@__crt_stdio_output@@@2@@__crt_stdio_output@@QAE@ABV?$string_output_adapter@D@1@_KQBDQAU__crt_locale_pointers@@QAD@Z 10010742 f i libucrt:output.obj
 0001:0000f777       ??0_LocaleUpdate@@QAE@QAU__crt_locale_pointers@@@Z 10010777 f i libucrt:output.obj
 0001:0000f7fa       ??1formatting_buffer@__crt_stdio_output@@QAE@XZ 100107fa f i libucrt:output.obj
 0001:0000f814       ??4?$__crt_unique_heap_ptr@DU__crt_internal_free_policy@@@@QAEAAV0@$$QAV0@@Z 10010814 f i libucrt:output.obj
 0001:0000f838       ?crop_zeroes@__crt_stdio_output@@YAXPADQAU__crt_locale_pointers@@@Z 10010838 f i libucrt:output.obj
 0001:0000f88f       ?find_next_state@?$output_processor@DV?$string_output_adapter@D@__crt_stdio_output@@V?$format_validation_base@DV?$string_output_adapter@D@__crt_stdio_output@@@2@@__crt_stdio_output@@ABE?AW4state@2@DW432@@Z 1001088f f i libucrt:output.obj
 0001:0000f8c4       ?force_decimal_point@__crt_stdio_output@@YAXPADQAU__crt_locale_pointers@@@Z 100108c4 f i libucrt:output.obj
 0001:0000f920       ?parse_int_from_format_string@?$output_processor@DV?$string_output_adapter@D@__crt_stdio_output@@V?$format_validation_base@DV?$string_output_adapter@D@__crt_stdio_output@@@2@@__crt_stdio_output@@AAE_NQAH@Z 10010920 f i libucrt:output.obj
 0001:0000f97c       ?process@?$output_processor@DV?$string_output_adapter@D@__crt_stdio_output@@V?$format_validation_base@DV?$string_output_adapter@D@__crt_stdio_output@@@2@@__crt_stdio_output@@QAEHXZ 1001097c f i libucrt:output.obj
 0001:0000faa4       ?state_case_flag@?$output_processor@DV?$string_output_adapter@D@__crt_stdio_output@@V?$format_validation_base@DV?$string_output_adapter@D@__crt_stdio_output@@@2@@__crt_stdio_output@@AAE_NXZ 10010aa4 f i libucrt:output.obj
 0001:0000fae1       ?state_case_normal@?$output_processor@DV?$string_output_adapter@D@__crt_stdio_output@@V?$format_validation_base@DV?$string_output_adapter@D@__crt_stdio_output@@@2@@__crt_stdio_output@@AAE_NXZ 10010ae1 f i libucrt:output.obj
 0001:0000fb00       ?state_case_normal_common@?$output_processor@DV?$string_output_adapter@D@__crt_stdio_output@@V?$format_validation_base@DV?$string_output_adapter@D@__crt_stdio_output@@@2@@__crt_stdio_output@@AAE_NXZ 10010b00 f i libucrt:output.obj
 0001:0000fb2a       ?state_case_normal_tchar@?$output_processor@DV?$string_output_adapter@D@__crt_stdio_output@@V?$format_validation_base@DV?$string_output_adapter@D@__crt_stdio_output@@@2@@__crt_stdio_output@@AAE_ND@Z 10010b2a f i libucrt:output.obj
 0001:0000fb8b       ?state_case_precision@?$output_processor@DV?$string_output_adapter@D@__crt_stdio_output@@V?$format_validation_base@DV?$string_output_adapter@D@__crt_stdio_output@@@2@@__crt_stdio_output@@AAE_NXZ 10010b8b f i libucrt:output.obj
 0001:0000fbb3       ?state_case_size@?$output_processor@DV?$string_output_adapter@D@__crt_stdio_output@@V?$format_validation_base@DV?$string_output_adapter@D@__crt_stdio_output@@@2@@__crt_stdio_output@@AAE_NXZ 10010bb3 f i libucrt:output.obj
 0001:0000fd1c       ?state_case_type@?$output_processor@DV?$string_output_adapter@D@__crt_stdio_output@@V?$format_validation_base@DV?$string_output_adapter@D@__crt_stdio_output@@@2@@__crt_stdio_output@@AAE_NXZ 10010d1c f i libucrt:output.obj
 0001:0000ff4b       ?state_case_width@?$output_processor@DV?$string_output_adapter@D@__crt_stdio_output@@V?$format_validation_base@DV?$string_output_adapter@D@__crt_stdio_output@@@2@@__crt_stdio_output@@AAE_NXZ 10010f4b f i libucrt:output.obj
 0001:0000ff76       ?to_integer_size@__crt_stdio_output@@YAIW4length_modifier@1@@Z 10010f76 f i libucrt:output.obj
 0001:0000ffd2       ?type_case_Z@?$output_processor@DV?$string_output_adapter@D@__crt_stdio_output@@V?$format_validation_base@DV?$string_output_adapter@D@__crt_stdio_output@@@2@@__crt_stdio_output@@AAE_NXZ 10010fd2 f i libucrt:output.obj
 0001:00010035       ?type_case_a@?$output_processor@DV?$string_output_adapter@D@__crt_stdio_output@@V?$format_validation_base@DV?$string_output_adapter@D@__crt_stdio_output@@@2@@__crt_stdio_output@@AAE_NXZ 10011035 f i libucrt:output.obj
 0001:0001018f       ?type_case_c_tchar@?$output_processor@DV?$string_output_adapter@D@__crt_stdio_output@@V?$format_validation_base@DV?$string_output_adapter@D@__crt_stdio_output@@@2@@__crt_stdio_output@@AAE_ND@Z 1001118f f i libucrt:output.obj
 0001:0001021f       ?type_case_integer@?$output_processor@DV?$string_output_adapter@D@__crt_stdio_output@@V?$format_validation_base@DV?$string_output_adapter@D@__crt_stdio_output@@@2@@__crt_stdio_output@@AAE_NI_N@Z 1001121f f i libucrt:output.obj
 0001:00010369       ?type_case_n@?$output_processor@DV?$string_output_adapter@D@__crt_stdio_output@@V?$format_validation_base@DV?$string_output_adapter@D@__crt_stdio_output@@@2@@__crt_stdio_output@@AAE_NXZ 10011369 f i libucrt:output.obj
 0001:000103dd       ?type_case_o@?$output_processor@DV?$string_output_adapter@D@__crt_stdio_output@@V?$format_validation_base@DV?$string_output_adapter@D@__crt_stdio_output@@@2@@__crt_stdio_output@@AAE_NXZ 100113dd f i libucrt:output.obj
 0001:000103fc       ?type_case_p@?$output_processor@DV?$string_output_adapter@D@__crt_stdio_output@@V?$format_validation_base@DV?$string_output_adapter@D@__crt_stdio_output@@@2@@__crt_stdio_output@@AAE_NXZ 100113fc f i libucrt:output.obj
 0001:00010414       ?type_case_s@?$output_processor@DV?$string_output_adapter@D@__crt_stdio_output@@V?$format_validation_base@DV?$string_output_adapter@D@__crt_stdio_output@@@2@@__crt_stdio_output@@AAE_NXZ 10011414 f i libucrt:output.obj
 0001:00010487       ?validate_and_update_state_at_end_of_format_string@?$format_validation_base@DV?$string_output_adapter@D@__crt_stdio_output@@@__crt_stdio_output@@IBE_NXZ 10011487 f i libucrt:output.obj
 0001:000104a9       ?write_character@?$string_output_adapter@D@__crt_stdio_output@@QBE_NDQAH@Z 100114a9 f i libucrt:output.obj
 0001:000104eb       ?write_stored_string_tchar@?$output_processor@DV?$string_output_adapter@D@__crt_stdio_output@@V?$format_validation_base@DV?$string_output_adapter@D@__crt_stdio_output@@@2@@__crt_stdio_output@@AAE_ND@Z 100114eb f i libucrt:output.obj
 0001:00010592       ?write_string@?$string_output_adapter@D@__crt_stdio_output@@QBEXQBDHQAH1@Z 10011592 f i libucrt:output.obj
 0001:00010625       ___stdio_common_vsprintf_s 10011625 f   libucrt:output.obj
 0001:00010649       _localeconv                10011649 f   libucrt:localeconv.obj
 0001:00010673       _free                      10011673 f   libucrt:free.obj
 0001:00010678       _frexp                     10011678 f   libucrt:frexp.obj
 0001:00010774       ___ascii_stricmp           10011774 f   libucrt:stricmp.obj
 0001:000107af       __stricmp                  100117af f   libucrt:stricmp.obj
 0001:000107f7       __stricmp_l                100117f7 f   libucrt:stricmp.obj
 0001:00010891       ___acrt_initialize_locks   10011891 f   libucrt:locks.obj
 0001:000108d2       ___acrt_lock               100118d2 f   libucrt:locks.obj
 0001:000108e9       ___acrt_uninitialize_locks 100118e9 f   libucrt:locks.obj
 0001:0001091a       ___acrt_unlock             1001191a f   libucrt:locks.obj
 0001:00010931       __lock_locales             10011931 f   libucrt:locks.obj
 0001:0001093a       __unlock_locales           1001193a f   libucrt:locks.obj
 0001:00010943       ___acrt_errno_from_os_error 10011943 f   libucrt:errno.obj
 0001:00010986       ___acrt_errno_map_os_error 10011986 f   libucrt:errno.obj
 0001:000109a9       ___doserrno                100119a9 f   libucrt:errno.obj
 0001:000109bc       __errno                    100119bc f   libucrt:errno.obj
 0001:000109cf       ___acrt_initialize_stdio   100119cf f   libucrt:_file.obj
 0001:00010a97       ___acrt_iob_func           10011a97 f   libucrt:_file.obj
 0001:00010aa7       ___acrt_uninitialize_stdio 10011aa7 f   libucrt:_file.obj
 0001:00010af3       __get_stream_buffer_pointers 10011af3 f   libucrt:_file.obj
 0001:00010b39       __lock_file                10011b39 f   libucrt:_file.obj
 0001:00010b4d       __unlock_file              10011b4d f   libucrt:_file.obj
 0001:00010b61       __fclose_nolock            10011b61 f   libucrt:fclose.obj
 0001:00010bd7       _fclose                    10011bd7 f   libucrt:fclose.obj
 0001:00010c57       ___acrt_stdio_flush_nolock 10011c57 f   libucrt:fflush.obj
 0001:00010cbd       __fflush_nolock            10011cbd f   libucrt:fflush.obj
 0001:00010d04       __flushall                 10011d04 f   libucrt:fflush.obj
 0001:00010de5       _fflush                    10011de5 f   libucrt:fflush.obj
 0001:00010e3e       __fgetc_nolock             10011e3e f   libucrt:fgetc.obj
 0001:00010e7a       _fgetc                     10011e7a f   libucrt:fgetc.obj
 0001:00010f7c       _fgetpos                   10011f7c f   libucrt:fgetpos.obj
 0001:00010fd7       __fputc_nolock             10011fd7 f   libucrt:fputc.obj
 0001:00011000       _fputc                     10012000 f   libucrt:fputc.obj
 0001:00011104       _fsetpos                   10012104 f   libucrt:fsetpos.obj
 0001:0001113f       ?LongLongSub@@YAJ_J0PA_J@Z 1001213f f i libucrt:fseek.obj
 0001:000113f9       __fseeki64                 100123f9 f   libucrt:fseek.obj
 0001:00011414       ??$?RV<lambda_11b4f7b0d3157825a5656a18eba1ae27>@@AAV<lambda_b51c0495177f500e782686251704ae76>@@V<lambda_cf89b47920b5017557bfe891e78aca36>@@@?$__crt_seh_guarded_call@I@@QAEI$$QAV<lambda_11b4f7b0d3157825a5656a18eba1ae27>@@AAV<lambda_b51c0495177f500e782686251704ae76>@@$$QAV<lambda_cf89b47920b5017557bfe891e78aca36>@@@Z 10012414 f i libucrt:fwrite.obj
 0001:00011465       ??$__acrt_lock_stream_and_call@V<lambda_b51c0495177f500e782686251704ae76>@@@@YAIQAU_iobuf@@$$QAV<lambda_b51c0495177f500e782686251704ae76>@@@Z 10012465 f i libucrt:fwrite.obj
 0001:000114d3       __fwrite_nolock            100124d3 f   libucrt:fwrite.obj
 0001:0001164c       _fwrite                    1001264c f   libucrt:fwrite.obj
 0001:000116a4       ??$?RV<lambda_d92cfe8357b99225085016881b624cb0>@@AAV<lambda_b721fa326cdb32351d23dfa67958c160>@@V<lambda_42d75b0848218ec137fa420c8ba9fdf9>@@@?$__crt_seh_guarded_call@H@@QAEH$$QAV<lambda_d92cfe8357b99225085016881b624cb0>@@AAV<lambda_b721fa326cdb32351d23dfa67958c160>@@$$QAV<lambda_42d75b0848218ec137fa420c8ba9fdf9>@@@Z 100126a4 f i libucrt:setvbuf.obj
 0001:000116f5       ??$__acrt_lock_stream_and_call@V<lambda_b721fa326cdb32351d23dfa67958c160>@@@@YAHQAU_iobuf@@$$QAV<lambda_b721fa326cdb32351d23dfa67958c160>@@@Z 100126f5 f i libucrt:setvbuf.obj
 0001:000117ea       _setvbuf                   100127ea f   libucrt:setvbuf.obj
 0001:00011860       __ungetc_nolock            10012860 f   libucrt:ungetc.obj
 0001:0001194f       _ungetc                    1001294f f   libucrt:ungetc.obj
 0001:000119bf       _malloc                    100129bf f   libucrt:malloc.obj
 0001:00011a67       _setlocale                 10012a67 f   libucrt:setlocale.obj
 0001:00011bc4       __calloc_base              10012bc4 f   libucrt:calloc_base.obj
 0001:00011c21       ___pctype_func             10012c21 f   libucrt:ctype.obj
 0001:00011c47       __chvalidchk_l             10012c47 f i libucrt:_ctype.obj
 0001:00011c71       __ischartype_l             10012c71 f i libucrt:_ctype.obj
 0001:00011ca4       __isdigit_l                10012ca4 f i libucrt:_ctype.obj
 0001:00011cdc       __islower_l                10012cdc f i libucrt:_ctype.obj
 0001:00011d14       __isupper_l                10012d14 f i libucrt:_ctype.obj
 0001:00011d4c       _isdigit                   10012d4c f i libucrt:_ctype.obj
 0001:00011d79       _islower                   10012d79 f i libucrt:_ctype.obj
 0001:00011da6       _isupper                   10012da6 f i libucrt:_ctype.obj
 0001:00011dd3       __wcsdup                   10012dd3 f   libucrt:wcsdup.obj
 0001:00011e34       ____lc_codepage_func       10012e34 f   libucrt:initctype.obj
 0001:00011e5b       ____lc_locale_name_func    10012e5b f   libucrt:initctype.obj
 0001:00011e84       ____mb_cur_max_func        10012e84 f   libucrt:initctype.obj
 0001:00011eab       ___acrt_locale_initialize_ctype 10012eab f   libucrt:initctype.obj
 0001:000122a2       __ismbblead                100132a2 f   libucrt:ismbbyte.obj
 0001:000122ba       __malloc_base              100132ba f   libucrt:malloc_base.obj
 0001:00012308       __realloc_base             10013308 f   libucrt:realloc_base.obj
 0001:00012371       ??$make_c_string_character_source@DPAPAD@__crt_strtox@@YA?AV?$c_string_character_source@D@0@QBDQAPAD@Z 10013371 f i libucrt:strtod.obj
 0001:00012371       ??$make_c_string_character_source@_W$$T@__crt_strtox@@YA?AV?$c_string_character_source@_W@0@QB_W$$T@Z 10013371 f i libucrt:atox.obj
 0001:00012390       ?divide@__crt_strtox@@YA_KAAUbig_integer@1@ABU21@@Z 10013390 f i libucrt:strtod.obj
 0001:0001283e       ?unget@?$c_string_character_source@D@__crt_strtox@@QAEXD@Z 1001383e f i libucrt:strtod.obj
 0001:00012866       ?unget@?$c_string_character_source@_W@__crt_strtox@@QAEX_W@Z 10013866 f i libucrt:strtod.obj
 0001:00012892       ?validate@?$c_string_character_source@D@__crt_strtox@@QBE_NXZ 10013892 f i libucrt:strtod.obj
 0001:00012892       ?validate@?$c_string_character_source@_W@__crt_strtox@@QBE_NXZ 10013892 f i libucrt:strtod.obj
 0001:00012892       ?validate@?$string_output_adapter@D@__crt_stdio_output@@QBE_NXZ 10013892 f i libucrt:output.obj
 0001:000128b0       _pow                       100138b0 f   libucrt:pow.obj
 0001:000128f0       __CIpow                    100138f0 f   libucrt:pow.obj
 0001:0001292b       __CIpow_default            1001392b f   libucrt:pow.obj
 0001:00012944       __pow_default              10013944     libucrt:pow.obj
 0001:00012b39       ___strncnt                 10013b39 f   libucrt:strncnt.obj
 0001:00012b55       __free_base                10013b55 f   libucrt:free_base.obj
 0001:00012cf6       __tolower_l                10013cf6 f   libucrt:tolower_toupper.obj
 0001:00012d10       _tolower                   10013d10 f   libucrt:tolower_toupper.obj
 0001:00012d40       _wcscpy_s                  10013d40 f   libucrt:wcscpy_s.obj
 0001:00012da4       _strnlen                   10013da4 f   libucrt:strnlen.obj
 0001:00012ecb       _wcsnlen                   10013ecb f   libucrt:strnlen.obj
 0001:00013082       ?initialize@?$dual_state_global@J@__crt_state_management@@QAEXJ@Z 10014082 f i libucrt:timeset.obj
 0001:00013082       ?initialize@?$dual_state_global@PAU__crt_locale_data@@@__crt_state_management@@QAEXQAU__crt_locale_data@@@Z 10014082 f i libucrt:initialization.obj
 0001:00013082       ?initialize@?$dual_state_global@PAPAD@__crt_state_management@@QAEXQAPAD@Z 10014082 f i libucrt:environment_initialization.obj
 0001:00013082       ?initialize@?$dual_state_global@P6AHPAU_exception@@@Z@__crt_state_management@@QAEXQ6AHPAU_exception@@@Z@Z 10014082 f i libucrt:matherr.obj
 0001:00013082       ?initialize@?$dual_state_global@P6AXPB_W00II@Z@__crt_state_management@@QAEXQ6AXPB_W00II@Z@Z 10014082 f i libucrt:invalid_parameter.obj
 0001:00013082       ?initialize@?$dual_state_global@P6AHI@Z@__crt_state_management@@QAEXQ6AHI@Z@Z 10014082 f i libucrt:new_handler.obj
 0001:00013082       ?initialize@?$dual_state_global@H@__crt_state_management@@QAEXH@Z 10014082 f i libucrt:timeset.obj
 0001:00013082       ?initialize@?$dual_state_global@P6AXH@Z@__crt_state_management@@QAEXQ6AXH@Z@Z 10014082 f i libucrt:signal.obj
 0001:000130b3       ___acrt_initialize_new_handler 100140b3 f   libucrt:new_handler.obj
 0001:000130c7       __callnewh                 100140c7 f   libucrt:new_handler.obj
 0001:0001310b       __query_new_handler        1001410b f   libucrt:new_handler.obj
 0001:0001315d       __seh_filter_dll           1001415d f   libucrt:exception_filter.obj
 0001:0001317d       __seh_filter_exe           1001417d f   libucrt:exception_filter.obj
 0001:0001350b       ___acrt_initialize_thread_local_exit_callback 1001450b f   libucrt:exit.obj
 0001:0001351a       __cexit                    1001451a f   libucrt:exit.obj
 0001:00013529       __exit                     10014529 f   libucrt:exit.obj
 0001:0001353f       __is_c_termination_complete 1001453f f   libucrt:exit.obj
 0001:000137de       ___acrt_allocate_buffer_for_argv 100147de f   libucrt:argv_parsing.obj
 0001:00013833       __configure_narrow_argv    10014833 f   libucrt:argv_parsing.obj
 0001:00013997       ??$uninitialize@A6AXAAPAPA_W@Z@?$dual_state_global@PAPA_W@__crt_state_management@@QAEXA6AXAAPAPA_W@Z@Z 10014997 f i libucrt:environment_initialization.obj
 0001:00013997       ??$uninitialize@A6AXAAPAPAD@Z@?$dual_state_global@PAPAD@__crt_state_management@@QAEXA6AXAAPAPAD@Z@Z 10014997 f i libucrt:environment_initialization.obj
 0001:00013a0d       ___dcrt_uninitialize_environments_nolock 10014a0d f   libucrt:environment_initialization.obj
 0001:00013a44       __initialize_narrow_environment 10014a44 f   libucrt:environment_initialization.obj
 0001:00013a49       ??$?RV<lambda_800076c951b434888f4765a74a194fcc>@@AAV<lambda_4e60a939b0d047cfe11ddc22648dfba9>@@V<lambda_6dbb1268764f43b569ce7b67e331d33a>@@@?$__crt_seh_guarded_call@H@@QAEH$$QAV<lambda_800076c951b434888f4765a74a194fcc>@@AAV<lambda_4e60a939b0d047cfe11ddc22648dfba9>@@$$QAV<lambda_6dbb1268764f43b569ce7b67e331d33a>@@@Z 10014a49 f i libucrt:onexit.obj
 0001:00013a9a       ??$?RV<lambda_995298e7d72eb4c2aab26c0585b3abe5>@@AAV<lambda_275893d493268fdec8709772e3fcec0e>@@V<lambda_293819299cbf9a7022e18b56a874bb5c>@@@?$__crt_seh_guarded_call@H@@QAEH$$QAV<lambda_995298e7d72eb4c2aab26c0585b3abe5>@@AAV<lambda_275893d493268fdec8709772e3fcec0e>@@$$QAV<lambda_293819299cbf9a7022e18b56a874bb5c>@@@Z 10014a9a f i libucrt:onexit.obj
 0001:00013aeb       ??$__acrt_lock_and_call@V<lambda_275893d493268fdec8709772e3fcec0e>@@@@YAHW4__acrt_lock_id@@$$QAV<lambda_275893d493268fdec8709772e3fcec0e>@@@Z 10014aeb f i libucrt:onexit.obj
 0001:00013b13       ??$__acrt_lock_and_call@V<lambda_4e60a939b0d047cfe11ddc22648dfba9>@@@@YAHW4__acrt_lock_id@@$$QAV<lambda_4e60a939b0d047cfe11ddc22648dfba9>@@@Z 10014b13 f i libucrt:onexit.obj
 0001:00013b3b       ??$__crt_fast_encode_pointer@P6GHPA_WKJ@Z@@YAP6GHPA_WKJ@ZQ6GH0KJ@Z@Z 10014b3b f i libucrt:winapi_thunks.obj
 0001:00013b3b       ??$__crt_fast_encode_pointer@P6AHXZ@@YAP6AHXZQ6AHXZ@Z 10014b3b f i libucrt:onexit.obj
 0001:00013dbb       __crt_atexit               10014dbb f   libucrt:onexit.obj
 0001:00013dd1       __execute_onexit_table     10014dd1 f   libucrt:onexit.obj
 0001:00013dee       __initialize_onexit_table  10014dee f   libucrt:onexit.obj
 0001:00013e2b       __register_onexit_function 10014e2b f   libucrt:onexit.obj
 0001:00013e83       ?do_always_noconv@?$codecvt@DDU_Mbstatet@@@std@@MBE_NXZ 10014e83 f   libcpmt:cout.obj
 0001:00013e83       ___acrt_uninitialize_command_line 10014e83 f   libucrt:argv_data.obj
 0001:00013f43       ___acrt_initialize         10014f43 f   libucrt:initialization.obj
 0001:00013f55       ___acrt_thread_attach      10014f55 f   libucrt:initialization.obj
 0001:00013f60       ___acrt_thread_detach      10014f60 f   libucrt:initialization.obj
 0001:00013f68       ___acrt_uninitialize       10014f68 f   libucrt:initialization.obj
 0001:00013f7a       ___acrt_uninitialize_critical 10014f7a f   libucrt:initialization.obj
 0001:00013f8c       __initterm                 10014f8c f   libucrt:initterm.obj
 0001:00013fe8       __initterm_e               10014fe8 f   libucrt:initterm.obj
 0001:0001402d       _terminate                 1001502d f   libucrt:terminate.obj
 0001:00014069       _strcpy_s                  10015069 f   libucrt:strcpy_s.obj
 0001:000140c3       ??$is_overflow_condition@K@__crt_strtox@@YA_NIK@Z 100150c3 f i libucrt:atox.obj
 0001:000140f6       ??$parse_integer@KV?$c_string_character_source@D@__crt_strtox@@@__crt_strtox@@YAKQAU__crt_locale_pointers@@V?$c_string_character_source@D@0@H_N@Z 100150f6 f i libucrt:atox.obj
 0001:0001431e       ??$parse_integer@KV?$c_string_character_source@_W@__crt_strtox@@@__crt_strtox@@YAKQAU__crt_locale_pointers@@V?$c_string_character_source@_W@0@H_N@Z 1001531e f i libucrt:atox.obj
 0001:00014a03       __wtol                     10015a03 f   libucrt:atox.obj
 0001:00014a2d       __msize                    10015a2d f   libucrt:msize.obj
[...]
 0003:0000184c       ?c_exit_complete@?5??common_exit@@YAXHW4_crt_exit_cleanup_mode@@W4_crt_exit_return_mode@@@Z@4_NA 1003584c     libucrt:exit.obj
 0003:00001850       ?program_name@?5???$common_configure_argv@D@@YAHW4_crt_argv_mode@@@Z@4PADA 10035850     libucrt:argv_parsing.obj
 0003:00001980       _ctrlc_action              10035980     libucrt:signal.obj
 0003:00001984       _ctrlbreak_action          10035984     libucrt:signal.obj
 0003:00001988       _abort_action              10035988     libucrt:signal.obj
 0003:0000198c       _term_action               1003598c     libucrt:signal.obj
 0003:00001990       _enable_percent_n          10035990     libucrt:printf_count_output.obj
 0003:00001bb0       _module_handles            10035bb0     libucrt:winapi_thunks.obj
 0003:00001c00       _encoded_function_pointers 10035c00     libucrt:winapi_thunks.obj
 0003:00001c80       ?static_enum_proc@?1??enum_system_locales_ex_nolock@@YAHQ6GHPA_WKJ@Z@Z@4P6GH0KJ@ZA 10035c80     libucrt:winapi_thunks.obj
 0003:00001c84       ?state_cache@?1??__acrt_is_packaged_app@@9@4JA 10035c84     libucrt:winapi_thunks.obj
 0003:00001c88       ___acrt_global_new_mode    10035c88     libucrt:new_mode.obj
 0003:00001ca0       __tzname                   10035ca0     libucrt:timeset.obj
 0003:00001ca8       _tz_api_used               10035ca8     libucrt:tzset.obj
 0003:00001cb0       _tz_info                   10035cb0     libucrt:tzset.obj
 0003:00001d74       _fSystemSet                10035d74     libucrt:mbctype.obj
 0003:00001d78       ?initialized@?1??__acrt_initialize_multibyte@@9@4_NA 10035d78     libucrt:mbctype.obj
 0003:00001d94       _user_matherr              10035d94     libucrt:matherr.obj
 0003:00001d98       __pmatherr_set             10035d98     libucrt:libm_error.obj
 0003:00001d9c       ___acrt_app_type           10035d9c     libucrt:report_runtime_error.obj
 0003:00001de0       ?tril@solve_opts@arma@@3Uopts_tril@12@B 10035de0     addon.obj
 0003:00001de4       ?triu@solve_opts@arma@@3Uopts_triu@12@B 10035de4     addon.obj
 0003:00001de8       ?no_approx@solve_opts@arma@@3Uopts_no_approx@12@B 10035de8     addon.obj
 0003:00001dec       ?eye@fill@arma@@3U?$fill_class@Ufill_eye@fill@arma@@@12@B 10035dec     addon.obj
 0003:00001ded       ?randu@fill@arma@@3U?$fill_class@Ufill_randu@fill@arma@@@12@B 10035ded     addon.obj
 0003:00001dee       ?randn@fill@arma@@3U?$fill_class@Ufill_randn@fill@arma@@@12@B 10035dee     addon.obj
 0003:00001def       ?endr@arma@@3U?$injector_end_of_row@H@1@B 10035def     addon.obj
 0003:00001df0       ?random_spread@arma@@3Ugmm_seed_random_spread@1@B 10035df0     addon.obj
 0003:00001df4       ?keep_existing@arma@@3Ugmm_seed_keep_existing@1@B 10035df4     addon.obj
 0003:00001df8       ?random_subset@arma@@3Ugmm_seed_random_subset@1@B 10035df8     addon.obj
 0003:00001dfc       ?maha_dist@arma@@3Ugmm_dist_maha@1@B 10035dfc     addon.obj
 0003:00001e00       ?static_spread@arma@@3Ugmm_seed_static_spread@1@B 10035e00     addon.obj
 0003:00001e04       ?equilibrate@solve_opts@arma@@3Uopts_equilibrate@12@B 10035e04     addon.obj
 0003:00001e08       ?none@fill@arma@@3U?$fill_class@Ufill_none@fill@arma@@@12@B 10035e08     addon.obj
 0003:00001e09       ?zeros@fill@arma@@3U?$fill_class@Ufill_zeros@fill@arma@@@12@B 10035e09     addon.obj
 0003:00001e0a       ?ones@fill@arma@@3U?$fill_class@Ufill_ones@fill@arma@@@12@B 10035e0a     addon.obj
 0003:00001e0b       ?eye@fill@arma@@3U?$fill_class@Ufill_eye@fill@arma@@@12@B 10035e0b     pandamat.obj
 0003:00001e0c       ?none@solve_opts@arma@@3Uopts_none@12@B 10035e0c     addon.obj
 0003:00001e10       ?prob_dist@arma@@3Ugmm_dist_prob@1@B 10035e10     addon.obj
 0003:00001e14       ?fast@solve_opts@arma@@3Uopts_fast@12@B 10035e14     addon.obj
 0003:00001e18       ?eucl_dist@arma@@3Ugmm_dist_eucl@1@B 10035e18     addon.obj
 0003:00001e1c       ?static_subset@arma@@3Ugmm_seed_static_subset@1@B 10035e1c     addon.obj
 0003:00001e20       ?tril@solve_opts@arma@@3Uopts_tril@12@B 10035e20     pandamat.obj
 0003:00001e24       ?triu@solve_opts@arma@@3Uopts_triu@12@B 10035e24     pandamat.obj
 0003:00001e28       ?no_approx@solve_opts@arma@@3Uopts_no_approx@12@B 10035e28     pandamat.obj
 0003:00001e2c       ?random_spread@arma@@3Ugmm_seed_random_spread@1@B 10035e2c     pandamat.obj
 0003:00001e30       ?randu@fill@arma@@3U?$fill_class@Ufill_randu@fill@arma@@@12@B 10035e30     pandamat.obj
 0003:00001e31       ?randn@fill@arma@@3U?$fill_class@Ufill_randn@fill@arma@@@12@B 10035e31     pandamat.obj
 0003:00001e32       ?endr@arma@@3U?$injector_end_of_row@H@1@B 10035e32     pandamat.obj
 0003:00001e33       ?none@fill@arma@@3U?$fill_class@Ufill_none@fill@arma@@@12@B 10035e33     pandamat.obj
 0003:00001e34       ?keep_existing@arma@@3Ugmm_seed_keep_existing@1@B 10035e34     pandamat.obj
 0003:00001e38       ?random_subset@arma@@3Ugmm_seed_random_subset@1@B 10035e38     pandamat.obj
 0003:00001e3c       ?maha_dist@arma@@3Ugmm_dist_maha@1@B 10035e3c     pandamat.obj
 0003:00001e40       ?static_spread@arma@@3Ugmm_seed_static_spread@1@B 10035e40     pandamat.obj
 0003:00001e44       ?equilibrate@solve_opts@arma@@3Uopts_equilibrate@12@B 10035e44     pandamat.obj
 0003:00001e48       ?none@solve_opts@arma@@3Uopts_none@12@B 10035e48     pandamat.obj
 0003:00001e4c       ?prob_dist@arma@@3Ugmm_dist_prob@1@B 10035e4c     pandamat.obj
 0003:00001e50       ?fast@solve_opts@arma@@3Uopts_fast@12@B 10035e50     pandamat.obj
 0003:00001e54       ?eucl_dist@arma@@3Ugmm_dist_eucl@1@B 10035e54     pandamat.obj
 0003:00001e58       ?static_subset@arma@@3Ugmm_seed_static_subset@1@B 10035e58     pandamat.obj
 0003:00001e5c       ?zeros@fill@arma@@3U?$fill_class@Ufill_zeros@fill@arma@@@12@B 10035e5c     pandamat.obj
 0003:00001e5d       ?ones@fill@arma@@3U?$fill_class@Ufill_ones@fill@arma@@@12@B 10035e5d     pandamat.obj
 0003:00001e5e       ?eye@fill@arma@@3U?$fill_class@Ufill_eye@fill@arma@@@12@B 10035e5e     opercollection.obj
 0003:00001e5f       ?randu@fill@arma@@3U?$fill_class@Ufill_randu@fill@arma@@@12@B 10035e5f     opercollection.obj
 0003:00001e60       ?tril@solve_opts@arma@@3Uopts_tril@12@B 10035e60     opercollection.obj
 0003:00001e64       ?triu@solve_opts@arma@@3Uopts_triu@12@B 10035e64     opercollection.obj
 0003:00001e68       ?no_approx@solve_opts@arma@@3Uopts_no_approx@12@B 10035e68     opercollection.obj
 0003:00001e6c       ?random_spread@arma@@3Ugmm_seed_random_spread@1@B 10035e6c     opercollection.obj
 0003:00001e70       ?keep_existing@arma@@3Ugmm_seed_keep_existing@1@B 10035e70     opercollection.obj
 0003:00001e74       ?randn@fill@arma@@3U?$fill_class@Ufill_randn@fill@arma@@@12@B 10035e74     opercollection.obj
 0003:00001e75       ?endr@arma@@3U?$injector_end_of_row@H@1@B 10035e75     opercollection.obj
 0003:00001e76       ?none@fill@arma@@3U?$fill_class@Ufill_none@fill@arma@@@12@B 10035e76     opercollection.obj
 0003:00001e77       ?zeros@fill@arma@@3U?$fill_class@Ufill_zeros@fill@arma@@@12@B 10035e77     opercollection.obj
 0003:00001e78       ?random_subset@arma@@3Ugmm_seed_random_subset@1@B 10035e78     opercollection.obj
 0003:00001e7c       ?maha_dist@arma@@3Ugmm_dist_maha@1@B 10035e7c     opercollection.obj
 0003:00001e80       ?static_spread@arma@@3Ugmm_seed_static_spread@1@B 10035e80     opercollection.obj
 0003:00001e84       ?equilibrate@solve_opts@arma@@3Uopts_equilibrate@12@B 10035e84     opercollection.obj
 0003:00001e88       ?none@solve_opts@arma@@3Uopts_none@12@B 10035e88     opercollection.obj
 0003:00001e8c       ?prob_dist@arma@@3Ugmm_dist_prob@1@B 10035e8c     opercollection.obj
 0003:00001e90       ?fast@solve_opts@arma@@3Uopts_fast@12@B 10035e90     opercollection.obj
 0003:00001e94       ?eucl_dist@arma@@3Ugmm_dist_eucl@1@B 10035e94     opercollection.obj
 0003:00001e98       ?static_subset@arma@@3Ugmm_seed_static_subset@1@B 10035e98     opercollection.obj
 0003:00001e9c       ?ones@fill@arma@@3U?$fill_class@Ufill_ones@fill@arma@@@12@B 10035e9c     opercollection.obj
 0003:00001e9d       ?eye@fill@arma@@3U?$fill_class@Ufill_eye@fill@arma@@@12@B 10035e9d     operation.obj
 0003:00001e9e       ?randu@fill@arma@@3U?$fill_class@Ufill_randu@fill@arma@@@12@B 10035e9e     operation.obj
 0003:00001e9f       ?randn@fill@arma@@3U?$fill_class@Ufill_randn@fill@arma@@@12@B 10035e9f     operation.obj
 0003:00001ea0       ?tril@solve_opts@arma@@3Uopts_tril@12@B 10035ea0     operation.obj
 0003:00001ea4       ?triu@solve_opts@arma@@3Uopts_triu@12@B 10035ea4     operation.obj
 0003:00001ea8       ?no_approx@solve_opts@arma@@3Uopts_no_approx@12@B 10035ea8     operation.obj
 0003:00001eac       ?random_spread@arma@@3Ugmm_seed_random_spread@1@B 10035eac     operation.obj
 0003:00001eb0       ?keep_existing@arma@@3Ugmm_seed_keep_existing@1@B 10035eb0     operation.obj
 0003:00001eb4       ?random_subset@arma@@3Ugmm_seed_random_subset@1@B 10035eb4     operation.obj
 0003:00001eb8       ?maha_dist@arma@@3Ugmm_dist_maha@1@B 10035eb8     operation.obj
 0003:00001ebc       ?static_spread@arma@@3Ugmm_seed_static_spread@1@B 10035ebc     operation.obj
 0003:00001ec0       ?endr@arma@@3U?$injector_end_of_row@H@1@B 10035ec0     operation.obj
 0003:00001ec1       ?none@fill@arma@@3U?$fill_class@Ufill_none@fill@arma@@@12@B 10035ec1     operation.obj
 0003:00001ec2       ?zeros@fill@arma@@3U?$fill_class@Ufill_zeros@fill@arma@@@12@B 10035ec2     operation.obj
 0003:00001ec3       ?ones@fill@arma@@3U?$fill_class@Ufill_ones@fill@arma@@@12@B 10035ec3     operation.obj
 0003:00001ec4       ?equilibrate@solve_opts@arma@@3Uopts_equilibrate@12@B 10035ec4     operation.obj
 0003:00001ec8       ?none@solve_opts@arma@@3Uopts_none@12@B 10035ec8     operation.obj
 0003:00001ecc       ?prob_dist@arma@@3Ugmm_dist_prob@1@B 10035ecc     operation.obj
 0003:00001ed0       ?fast@solve_opts@arma@@3Uopts_fast@12@B 10035ed0     operation.obj
 0003:00001ed4       ?eucl_dist@arma@@3Ugmm_dist_eucl@1@B 10035ed4     operation.obj
 0003:00001ed8       ?static_subset@arma@@3Ugmm_seed_static_subset@1@B 10035ed8     operation.obj
 0003:00001edc       ?tril@solve_opts@arma@@3Uopts_tril@12@B 10035edc     add.obj
 0003:00001ee0       ?triu@solve_opts@arma@@3Uopts_triu@12@B 10035ee0     add.obj
 0003:00001ee4       ?no_approx@solve_opts@arma@@3Uopts_no_approx@12@B 10035ee4     add.obj
 0003:00001ee8       ?eye@fill@arma@@3U?$fill_class@Ufill_eye@fill@arma@@@12@B 10035ee8     add.obj
 0003:00001ee9       ?randu@fill@arma@@3U?$fill_class@Ufill_randu@fill@arma@@@12@B 10035ee9     add.obj
 0003:00001eea       ?randn@fill@arma@@3U?$fill_class@Ufill_randn@fill@arma@@@12@B 10035eea     add.obj
 0003:00001eeb       ?endr@arma@@3U?$injector_end_of_row@H@1@B 10035eeb     add.obj
 0003:00001eec       ?random_spread@arma@@3Ugmm_seed_random_spread@1@B 10035eec     add.obj
 0003:00001ef0       ?keep_existing@arma@@3Ugmm_seed_keep_existing@1@B 10035ef0     add.obj
 0003:00001ef4       ?random_subset@arma@@3Ugmm_seed_random_subset@1@B 10035ef4     add.obj
 0003:00001ef8       ?maha_dist@arma@@3Ugmm_dist_maha@1@B 10035ef8     add.obj
 0003:00001efc       ?static_spread@arma@@3Ugmm_seed_static_spread@1@B 10035efc     add.obj
 0003:00001f00       ?equilibrate@solve_opts@arma@@3Uopts_equilibrate@12@B 10035f00     add.obj
 0003:00001f04       ?none@fill@arma@@3U?$fill_class@Ufill_none@fill@arma@@@12@B 10035f04     add.obj
 0003:00001f05       ?zeros@fill@arma@@3U?$fill_class@Ufill_zeros@fill@arma@@@12@B 10035f05     add.obj
 0003:00001f06       ?ones@fill@arma@@3U?$fill_class@Ufill_ones@fill@arma@@@12@B 10035f06     add.obj
 0003:00001f08       ?none@solve_opts@arma@@3Uopts_none@12@B 10035f08     add.obj
 0003:00001f0c       ?prob_dist@arma@@3Ugmm_dist_prob@1@B 10035f0c     add.obj
 0003:00001f10       ?fast@solve_opts@arma@@3Uopts_fast@12@B 10035f10     add.obj
 0003:00001f14       ?eucl_dist@arma@@3Ugmm_dist_eucl@1@B 10035f14     add.obj
 0003:00001f18       ?static_subset@arma@@3Ugmm_seed_static_subset@1@B 10035f18     add.obj
 0004:00000000       __guard_fids____dcrt_uninitialize_environments_nolock 10036000     libucrt:environment_initialization.obj
 0004:00000008       __guard_fids__             10036008     libucrt:initialization.obj
 0004:00000068       __guard_fids____acrt_initialize_ptd 10036068     libucrt:per_thread_data.obj
 0004:0000006c       __guard_fids__             1003606c     libucrt:wsetlocale.obj
 0004:00000084       __guard_fids_??$?RV<lambda_9227be29367c048ad7fd93a717dcb1a1>@@AAV<lambda_a463b7b0560cfcaf9b17f27c6ef46564>@@V<lambda_ccea11b5727ccf69be64f5f5d9a08d9f>@@@?$__crt_seh_guarded_call@H@@QAEH$$QAV<lambda_9227be29367c048ad7fd93a717dcb1a1>@@AAV<lambda_a463b7b0560cfcaf9b17f27c6ef46564>@@$$QAV<lambda_ccea11b5727ccf69be64f5f5d9a08d9f>@@@Z 10036084     libucrt:winapi_thunks.obj
 0004:00000088       __guard_fids__             10036088     libucrt:stdio_initializer.obj
 0004:0000008c       __guard_fids__             1003608c     libucrt:stdio_initializer.obj
 0004:00000090       __guard_fids_??$expand_argument_wildcards@D@@YAHQAD0AAV?$argument_list@D@?A0xb0e4b824@@@Z 10036090     libucrt:argv_wildcards.obj
 0004:00000094       __guard_fids__             10036094     libucrt:locale_initializer.obj
 0004:00000098       __guard_fids__GetLocaleNameFromLangCountry 10036098     libucrt:get_qualified_locale.obj
 0004:0000009c       __guard_fids__GetLocaleNameFromLanguage 1003609c     libucrt:get_qualified_locale.obj
 0004:000000a0       __guard_fids__GetLcidFromLangCountry 100360a0     libucrt:getqloc_downlevel.obj
 0004:000000a4       __guard_fids__GetLcidFromLanguage 100360a4     libucrt:getqloc_downlevel.obj
 0004:000000a8       __guard_fids__GetLcidFromCountry 100360a8     libucrt:getqloc_downlevel.obj
 0004:000000ac       __guard_fids__             100360ac     libucrt:sse2_initializer.obj
 0004:000000b0       __guard_fids____libm_error_support 100360b0     libucrt:libm_error.obj
 0004:000000b4       __guard_fids__             100360b4     libucrt:timeset_initializer.obj
 0004:000000b8       __guard_fids__             100360b8     libucrt:multibyte_initializer.obj
 0004:000000bc       __guard_fids__             100360bc     libucrt:console_output_initializer.obj
 0004:000000c0       __guard_fids_??__Einitlocks@std@@YAXXZ 100360c0     libcpmt:xlock.obj
 0004:000000c4       __guard_fids__             100360c4     libcpmt:xlock.obj
 0004:000000c8       __guard_fids_??__Einitlocks@@YAXXZ 100360c8     libcpmt:cout.obj
 0004:000000cc       __guard_fids_??__Efout@std@@YAXXZ 100360cc     libcpmt:cout.obj
 0004:000000d0       __guard_fids_??__Ecout@std@@YAXXZ 100360d0     libcpmt:cout.obj
 0004:000000d4       __guard_fids__             100360d4     libcpmt:cout.obj
 0004:000000dc       __guard_fids__             100360dc     libcpmt:cout.obj
 0004:000000e4       __guard_fids__             100360e4     libcpmt:cout.obj
 0004:000000ec       __guard_fids__             100360ec     libcpmt:cout.obj
 0004:000000f0       __guard_fids__             100360f0     libcpmt:cout.obj
 0004:000000fc       __guard_fids__             100360fc     libcpmt:cout.obj
 0004:00000128       __guard_fids__             10036128     libcpmt:cout.obj
 0004:00000140       __guard_fids__             10036140     libcpmt:cout.obj
 0004:00000148       __guard_fids__             10036148     libcpmt:cout.obj
 0004:00000150       __guard_fids__             10036150     libcpmt:cout.obj
 0004:00000168       __guard_fids__             10036168     libcpmt:cout.obj
 0004:00000170       __guard_fids__             10036170     libcpmt:cout.obj
 0004:00000174       __guard_fids__             10036174     libcpmt:cout.obj
 0004:000001b0       __guard_fids__             100361b0     libcpmt:cout.obj
 0004:000001ec       __guard_fids__             100361ec     libcpmt:cout.obj
 0004:000001f0       __guard_fids__             100361f0     libcpmt:cout.obj
 0004:000001f4       __guard_fids__             100361f4     libcpmt:cout.obj
 0004:0000021c       __guard_fids__             1003621c     libcpmt:cout.obj
 0004:00000220       __guard_fids__             10036220     libcpmt:cout.obj
 0004:00000224       __guard_fids__             10036224     libcpmt:cout.obj
 0004:00000228       __guard_fids__             10036228     libcpmt:cout.obj
 0004:0000022c       __guard_fids__             1003622c     libcpmt:cout.obj
 0004:00000230       __guard_fids__             10036230     libcpmt:cout.obj
 0004:00000234       __guard_fids_??__E_Fac_tidy_reg@std@@YAXXZ 10036234     libcpmt:locale0.obj
 0004:00000238       __guard_fids_?_Setgloballocale@locale@std@@CAXPAX@Z 10036238     libcpmt:locale0.obj
 0004:0000023c       __guard_fids_??__Eclassic_locale@std@@YAXXZ 1003623c     libcpmt:locale0.obj
 0004:00000240       __guard_fids__             10036240     libcpmt:locale0.obj
 0004:0000024c       __guard_fids__             1003624c     libcpmt:locale0.obj
 0004:00000250       __guard_fids__             10036250     libcpmt:locale0.obj
 0004:00000254       __guard_fids__             10036254     libcpmt:xthrow.obj
 0004:0000025c       __guard_fids__             1003625c     libcpmt:xthrow.obj
 0004:00000264       __guard_fids__             10036264     libcpmt:xthrow.obj
 0004:0000026c       __guard_fids__             1003626c     libcpmt:xthrow.obj
 0004:00000274       __guard_fids__             10036274     libcpmt:xthrow.obj
 0004:00000278       __guard_fids__             10036278     libcpmt:xthrow.obj
 0004:0000027c       __guard_fids__             1003627c     libcpmt:xthrow.obj
 0004:00000280       __guard_fids__             10036280     libcpmt:xthrow.obj
 0004:00000284       __guard_fids__             10036284     libcpmt:xthrow.obj
 0004:00000288       __guard_fids__             10036288     libcpmt:xthrow.obj
 0004:0000028c       __guard_fids__             1003628c     libcpmt:xthrow.obj
 0004:00000290       __guard_fids_??__Einitlocks@std@@YAXXZ 10036290     libcpmt:iosptrs.obj
 0004:00000294       __guard_fids_??__Einit_atexit@@YAXXZ 10036294     libcpmt:iosptrs.obj
 0004:00000298       __guard_fids__             10036298     libcpmt:iosptrs.obj
 0004:0000029c       __guard_fids__             1003629c     libcpmt:iosptrs.obj
 0004:000002a0       __guard_fids__             100362a0     libcpmt:locale.obj
 0004:000002cc       __guard_fids__             100362cc     libcpmt:locale.obj
 0004:000002ec       __guard_fids__             100362ec     libcpmt:winapisupp.obj
 0004:000002f0       __guard_fids__             100362f0     LIBCMT:thread_safe_statics.obj
 0004:000002f4       __guard_fids_?__scrt_initialize_thread_safe_statics@@YAHXZ 100362f4     LIBCMT:thread_safe_statics.obj
 0004:000002f8       __guard_fids__             100362f8     LIBCMT:std_type_info_static.obj
 0004:000002fc       __guard_fids_?dllmain_crt_process_attach@@YAHQAUHINSTANCE__@@QAX@Z 100362fc     LIBCMT:dll_dllmain.obj
 0004:00000304       __guard_fids_?dllmain_dispatch@@YAHQAUHINSTANCE__@@KQAX@Z 10036304     LIBCMT:dll_dllmain.obj
 0004:00000308       __guard_fids__             10036308     LIBCMT:throw_bad_alloc.obj
 0004:00000310       __guard_fids__             10036310     LIBCMT:throw_bad_alloc.obj
 0004:00000314       __guard_fids__             10036314     LIBCMT:throw_bad_alloc.obj
 0004:00000318       __guard_fids__             10036318     LIBCMT:guard_support.obj
 0004:0000031c       __guard_fids__             1003631c     libvcruntime:frame.obj
 0004:00000320       __guard_fids__             10036320     libvcruntime:frame.obj
 0004:00000328       __guard_fids__             10036328     libvcruntime:frame.obj
 0004:0000032c       __guard_fids__             1003632c     libvcruntime:frame.obj
 0004:00000330       __guard_fids____vcrt_initialize_ptd 10036330     libvcruntime:per_thread_data.obj
 0006:00000060       $R000000                   10038060     * linker generated manifest res *

 Exports

  ordinal    name

        1    __register_pandamat_
               exported name: _register_pandamat_
