 test

 Timestamp is 57cd2f94 (Mon Sep  5 16:40:52 2016)

 Preferred load address is 10000000

 Start         Length     Name                   Class
 0001:00000000 00000220H .text$di                CODE
 0001:00000220 0001a7f9H .text$mn                CODE
 0001:0001aa19 00000207H .text$x                 CODE
 0001:0001ac20 00000051H .text$yd                CODE
 0002:00000000 00000144H .idata$5                DATA
 0002:00000144 00000004H .00cfg                  DATA
 0002:00000148 00000004H .CRT$XCA                DATA
 0002:0000014c 0000001cH .CRT$XCC                DATA
 0002:00000168 00000008H .CRT$XCL                DATA
 0002:00000170 00000058H .CRT$XCU                DATA
 0002:000001c8 00000004H .CRT$XCZ                DATA
 0002:000001cc 00000004H .CRT$XIA                DATA
 0002:000001d0 00000018H .CRT$XIC                DATA
 0002:000001e8 00000004H .CRT$XIZ                DATA
 0002:000001ec 00000004H .CRT$XLA                DATA
 0002:000001f0 00000004H .CRT$XLZ                DATA
 0002:000001f4 00000004H .CRT$XPA                DATA
 0002:000001f8 00000008H .CRT$XPX                DATA
 0002:00000200 00000004H .CRT$XPXA               DATA
 0002:00000204 00000004H .CRT$XPZ                DATA
 0002:00000208 00000004H .CRT$XTA                DATA
 0002:0000020c 00000004H .CRT$XTZ                DATA
 0002:00000210 0000b6f4H .rdata                  DATA
 0002:0000b904 00000018H .rdata$T                DATA
 0002:0000b91c 00000954H .rdata$r                DATA
 0002:0000c270 0000004cH .rdata$sxdata           DATA
 0002:0000c2bc 00000474H .rdata$zzzdbg           DATA
 0002:0000c730 00000004H .rtc$IAA                DATA
 0002:0000c734 00000004H .rtc$IZZ                DATA
 0002:0000c738 00000004H .rtc$TAA                DATA
 0002:0000c73c 00000004H .rtc$TZZ                DATA
 0002:0000c740 00000a78H .xdata$x                DATA
 0002:0000d1b8 00000020H .didat$2                DATA
 0002:0000d1d8 00000020H .didat$3                DATA
 0002:0000d1f8 00000048H .didat$4                DATA
 0002:0000d240 000003e4H .didat$6                DATA
 0002:0000d624 0000004cH .didat$7                DATA
 0002:0000d670 0000004cH .edata                  DATA
 0002:0000d6bc 00000014H .idata$2                DATA
 0002:0000d6d0 00000014H .idata$3                DATA
 0002:0000d6e4 00000144H .idata$4                DATA
 0002:0000d828 000005c2H .idata$6                DATA
 0003:00000000 000009e0H .data                   DATA
 0003:000009e0 00000488H .data$r                 DATA
 0003:00000e68 00000048H .didat$5                DATA
 0003:00000eb0 00000ee8H .bss                    DATA
 0004:00000000 000000c0H .gfids$x                DATA
 0004:000000c0 00000228H .gfids$y                DATA
 0005:00000000 00000004H .tls                    DATA
 0005:00000004 00000004H .tls$                   DATA
 0005:00000008 00000001H .tls$ZZZ                DATA
 0006:00000000 00000060H .rsrc$01                DATA
 0006:00000060 00000180H .rsrc$02                DATA

  Address         Publics by Value              Rva+Base       Lib:Object

 0000:00000000       ___guard_fids_count        00000000     <absolute>
 0000:00000000       ___guard_longjmp_count     00000000     <absolute>
 0000:00000000       ___guard_longjmp_table     00000000     <absolute>
 0000:00000000       ___guard_iat_table         00000000     <absolute>
 0000:00000000       ___guard_iat_count         00000000     <absolute>
 0000:00000000       __except_list              00000000     <absolute>
 0000:00000000       ___guard_fids_table        00000000     <absolute>
 0000:00000000       ___dynamic_value_reloc_table 00000000     <absolute>
 0000:00000013       ___safe_se_handler_count   00000013     <absolute>
 0000:0000002c       __tls_array                0000002c     <absolute>
 0000:00000100       ___guard_flags             00000100     <absolute>
 0000:00000000       ___ImageBase               10000000     <linker-defined>
 0001:00000220       ___local_stdio_printf_options 10001220 f i test.obj
 0001:00000230       ??0exception@stdext@@QAE@ABV01@@Z 10001230 f i test.obj
 0001:00000250       ?what@exception@stdext@@UBEPBDXZ 10001250 f i test.obj
 0001:00000260       ?_Raise@exception@stdext@@QBEXXZ 10001260 f i test.obj
 0001:00000290       ___except_validate_jump_buffer 10001290 f i libvcruntime:jbcxrval.obj
 0001:00000290       @_guard_check_icall_nop@4  10001290 f i LIBCMT:guard_support.obj
 0001:00000290       ?_Unlock@?$basic_streambuf@DU?$char_traits@D@std@@@std@@UAEXXZ 10001290 f i libcpmt:cout.obj
 0001:00000290       ?_Lock@?$basic_streambuf@DU?$char_traits@D@std@@@std@@UAEXXZ 10001290 f i libcpmt:cout.obj
 0001:00000290       ___except_validate_context_record 10001290 f i libvcruntime:jbcxrval.obj
 0001:00000290       ?_Doraise@exception@stdext@@MBEXXZ 10001290 f i test.obj
 0001:000002a0       ??_Gexception@stdext@@UAEPAXI@Z 100012a0 f i test.obj
 0001:000002a0       ??_Ebad_alloc@stdext@@UAEPAXI@Z 100012a0 f i * CIL library *:* CIL module *
 0001:000002a0       ??_Elogic_error@std@@UAEPAXI@Z 100012a0 f i * CIL library *:* CIL module *
 0001:000002a0       ??_Glogic_error@std@@UAEPAXI@Z 100012a0 f i test.obj
 0001:000002a0       ??_Eruntime_error@std@@UAEPAXI@Z 100012a0 f i * CIL library *:* CIL module *
 0001:000002a0       ??_Eexception@stdext@@UAEPAXI@Z 100012a0 f i * CIL library *:* CIL module *
 0001:000002a0       ??_Gruntime_error@std@@UAEPAXI@Z 100012a0 f i test.obj
 0001:000002a0       ??_Gbad_alloc@stdext@@UAEPAXI@Z 100012a0 f i test.obj
 0001:000002d0       ??1logic_error@std@@UAE@XZ 100012d0 f i test.obj
 0001:000002d0       ??1bad_alloc@stdext@@UAE@XZ 100012d0 f i test.obj
 0001:000002e0       ?_Doraise@bad_alloc@stdext@@MBEXXZ 100012e0 f i test.obj
 0001:000002f0       ??0_Locinfo@std@@QAE@PBD@Z 100012f0 f i test.obj
 0001:00000370       ??1_Locinfo@std@@QAE@XZ    10001370 f i test.obj
 0001:00000410       ??_G_Facet_base@std@@UAEPAXI@Z 10001410 f i test.obj
 0001:00000410       ??_E_Facet_base@std@@UAEPAXI@Z 10001410 f i * CIL library *:* CIL module *
 0001:00000440       ??Bid@locale@std@@QAEIXZ   10001440 f i test.obj
 0001:00000480       ?_Incref@facet@locale@std@@UAEXXZ 10001480 f i test.obj
 0001:00000490       ?_Decref@facet@locale@std@@UAEPAV_Facet_base@3@XZ 10001490 f i test.obj
 0001:000004b0       ??1locale@std@@QAE@XZ      100014b0 f i test.obj
 0001:000004d0       ?c_str@locale@std@@QBEPBDXZ 100014d0 f i test.obj
 0001:000004f0       ?_Getfacet@locale@std@@QBEPBVfacet@12@I@Z 100014f0 f i test.obj
 0001:00000530       ?_Getcat@?$ctype@D@std@@SAIPAPBVfacet@locale@2@PBV42@@Z 10001530 f i test.obj
 0001:000005c0       ?do_tolower@?$ctype@D@std@@MBEDD@Z 100015c0 f i test.obj
 0001:000005e0       ?do_tolower@?$ctype@D@std@@MBEPBDPADPBD@Z 100015e0 f i test.obj
 0001:00000620       ?do_toupper@?$ctype@D@std@@MBEDD@Z 10001620 f i test.obj
 0001:00000640       ?do_toupper@?$ctype@D@std@@MBEPBDPADPBD@Z 10001640 f i test.obj
 0001:00000680       ?do_widen@?$ctype@D@std@@MBEDD@Z 10001680 f i test.obj
 0001:00000690       ?do_widen@?$ctype@D@std@@MBEPBDPBD0PAD@Z 10001690 f i test.obj
 0001:000006b0       ?do_narrow@?$ctype@D@std@@MBEDDD@Z 100016b0 f i test.obj
 0001:000006c0       ?do_narrow@?$ctype@D@std@@MBEPBDPBD0DPAD@Z 100016c0 f i test.obj
 0001:000006e0       ??_E?$ctype@D@std@@MAEPAXI@Z 100016e0 f i * CIL library *:* CIL module *
 0001:000006e0       ??_G?$ctype@D@std@@MAEPAXI@Z 100016e0 f i test.obj
 0001:00000730       ??_G_Iostream_error_category@std@@UAEPAXI@Z 10001730 f i test.obj
 0001:00000730       ??_Gerror_category@std@@UAEPAXI@Z 10001730 f i test.obj
 0001:00000730       ??_E_Iostream_error_category@std@@UAEPAXI@Z 10001730 f i * CIL library *:* CIL module *
 0001:00000730       ??_Eerror_category@std@@UAEPAXI@Z 10001730 f i * CIL library *:* CIL module *
 0001:00000760       ?default_error_condition@error_category@std@@UBE?AVerror_condition@2@H@Z 10001760 f i test.obj
 0001:00000770       ?equivalent@error_category@std@@UBE_NHABVerror_condition@2@@Z 10001770 f i test.obj
 0001:000007d0       ?equivalent@error_category@std@@UBE_NABVerror_code@2@H@Z 100017d0 f i test.obj
 0001:00000800       ?_Makestr@_System_error@std@@CA?AV?$basic_string@DU?$char_traits@D@std@@V?$allocator@D@2@@2@Verror_code@2@V32@@Z 10001800 f i test.obj
 0001:00000910       ??0_System_error@std@@IAE@Verror_code@1@ABV?$basic_string@DU?$char_traits@D@std@@V?$allocator@D@2@@1@@Z 10001910 f i test.obj
 0001:000009f0       ??_Efailure@ios_base@std@@UAEPAXI@Z 100019f0 f i * CIL library *:* CIL module *
 0001:000009f0       ??_Esystem_error@std@@UAEPAXI@Z 100019f0 f i * CIL library *:* CIL module *
 0001:000009f0       ??_Gfailure@ios_base@std@@UAEPAXI@Z 100019f0 f i test.obj
 0001:000009f0       ??_E_System_error@std@@UAEPAXI@Z 100019f0 f i * CIL library *:* CIL module *
 0001:000009f0       ??_G_System_error@std@@UAEPAXI@Z 100019f0 f i test.obj
 0001:000009f0       ??_Gsystem_error@std@@UAEPAXI@Z 100019f0 f i test.obj
 0001:00000a20       ??0system_error@std@@QAE@Verror_code@1@PBD@Z 10001a20 f i test.obj
 0001:00000af0       ?name@_Iostream_error_category@std@@UBEPBDXZ 10001af0 f i test.obj
 0001:00000b00       ?message@_Iostream_error_category@std@@UBE?AV?$basic_string@DU?$char_traits@D@std@@V?$allocator@D@2@@2@H@Z 10001b00 f i test.obj
 0001:00000b90       ?clear@ios_base@std@@QAEXH_N@Z 10001b90 f i test.obj
 0001:00000c40       ?NODE_SET_METHOD@node@@YAXV?$Local@VObject@v8@@@v8@@PBDP6AXABV?$FunctionCallbackInfo@VValue@v8@@@3@@Z@Z 10001c40 f i test.obj
 0001:00000ce0       ?unpackArray@@YAXV?$Local@VValue@v8@@@v8@@AAY01HAAV?$Mat@N@arma@@@Z 10001ce0 f   test.obj
 0001:00000ea0       ?PackArray@@YAXPAVIsolate@v8@@AAV?$Local@VObject@v8@@@2@AAV?$Mat@N@arma@@AAY01H@Z 10001ea0 f   test.obj
 0001:00001060       ?Method@@YAXABV?$FunctionCallbackInfo@VValue@v8@@@v8@@@Z 10002060 f   test.obj
 0001:000011a0       ?init@@YAXV?$Local@VObject@v8@@@v8@@@Z 100021a0 f   test.obj
 0001:000011c0       ??1?$basic_string@DU?$char_traits@D@std@@V?$allocator@D@2@@std@@QAE@XZ 100021c0 f i test.obj
 0001:00001230       ??0?$basic_string@DU?$char_traits@D@std@@V?$allocator@D@2@@std@@QAE@$$QAV01@@Z 10002230 f i test.obj
 0001:000012b0       ?flush@?$basic_ostream@DU?$char_traits@D@std@@@std@@QAEAAV12@XZ 100022b0 f i test.obj
 0001:000013c0       ?put@?$basic_ostream@DU?$char_traits@D@std@@@std@@QAEAAV12@D@Z 100023c0 f i test.obj
 0001:00001520       ??0sentry@?$basic_ostream@DU?$char_traits@D@std@@@std@@QAE@AAV12@@Z 10002520 f i test.obj
 0001:00001580       ?_Tidy@?$basic_string@DU?$char_traits@D@std@@V?$allocator@D@2@@std@@QAEX_NI@Z 10002580 f i test.obj
 0001:00001610       ?erase@?$basic_string@DU?$char_traits@D@std@@V?$allocator@D@2@@std@@QAEAAV12@II@Z 10002610 f i test.obj
 0001:000016b0       ?assign@?$basic_string@DU?$char_traits@D@std@@V?$allocator@D@2@@std@@QAEAAV12@ID@Z 100026b0 f i test.obj
 0001:00001780       ?assign@?$basic_string@DU?$char_traits@D@std@@V?$allocator@D@2@@std@@QAEAAV12@PBDI@Z 10002780 f i test.obj
 0001:00001880       ?assign@?$basic_string@DU?$char_traits@D@std@@V?$allocator@D@2@@std@@QAEAAV12@ABV12@II@Z 10002880 f i test.obj
 0001:00001990       ?append@?$basic_string@DU?$char_traits@D@std@@V?$allocator@D@2@@std@@QAEAAV12@ID@Z 10002990 f i test.obj
 0001:00001a80       ?append@?$basic_string@DU?$char_traits@D@std@@V?$allocator@D@2@@std@@QAEAAV12@PBDI@Z 10002a80 f i test.obj
 0001:00001bb0       ?append@?$basic_string@DU?$char_traits@D@std@@V?$allocator@D@2@@std@@QAEAAV12@ABV12@II@Z 10002bb0 f i test.obj
 0001:00001cb0       ?_Osfx@?$basic_ostream@DU?$char_traits@D@std@@@std@@QAEXXZ 10002cb0 f i test.obj
 0001:00001d90       ?_Copy@?$basic_string@DU?$char_traits@D@std@@V?$allocator@D@2@@std@@QAEXII@Z 10002d90 f i test.obj
 0001:00001ec0       ?widen@?$basic_ios@DU?$char_traits@D@std@@@std@@QBEDD@Z 10002ec0 f i test.obj
 0001:00001f30       ??$use_facet@V?$ctype@D@std@@@std@@YAABV?$ctype@D@0@ABVlocale@0@@Z 10002f30 f i test.obj
 0001:00002030       ??$_Immortalize@V_Iostream_error_category@std@@@std@@YAAAV_Iostream_error_category@0@XZ 10003030 f i test.obj
 0001:000020a0       ??$?6U?$char_traits@D@std@@@std@@YAAAV?$basic_ostream@DU?$char_traits@D@std@@@0@AAV10@PBD@Z 100030a0 f i test.obj
 0001:00002330       ??$endl@DU?$char_traits@D@std@@@std@@YAAAV?$basic_ostream@DU?$char_traits@D@std@@@0@AAV10@@Z 10003330 f i test.obj
 0001:000023b0       ??0logic_error@std@@QAE@ABV01@@Z 100033b0 f i test.obj
 0001:000023d0       ?init_cold@?$Mat@N@arma@@IAEXXZ 100033d0 f i test.obj
 0001:000024a0       ?init_warm@?$Mat@N@arma@@IAEXII@Z 100034a0 f i test.obj
 0001:00002720       ??$acquire@N@memory@arma@@SAPANI@Z 10003720 f i test.obj
 0001:00002770       ??$copy_small@N@arrayops@arma@@SAXPANPBNI@Z 10003770 f i test.obj
 0001:000028c0       ??0bad_alloc@stdext@@QAE@ABV01@@Z 100038c0 f i test.obj
 0001:0000292b       __imp_load_?New@Integer@v8@@SA?AV?$Local@VInteger@v8@@@2@PAVIsolate@2@H@Z 1000392b f   node:node.exe
 0001:00002935       __tailMerge_node_exe       10003935 f i node:node.exe
 0001:00002946       __imp_load_?GetCurrent@Isolate@v8@@SAPAV12@XZ 10003946 f   node:node.exe
 0001:00002950       __imp_load_??1HandleScope@v8@@QAE@XZ 10003950 f   node:node.exe
 0001:0000295a       __imp_load_??0HandleScope@v8@@QAE@PAVIsolate@1@@Z 1000395a f   node:node.exe
 0001:00002964       __imp_load_?TypeError@Exception@v8@@SA?AV?$Local@VValue@v8@@@2@V?$Local@VString@v8@@@2@@Z 10003964 f   node:node.exe
 0001:0000296e       __imp_load_?Length@Array@v8@@QBEIXZ 1000396e f   node:node.exe
 0001:00002978       __imp_load_?GetFunction@FunctionTemplate@v8@@QAE?AV?$Local@VFunction@v8@@@2@XZ 10003978 f   node:node.exe
 0001:00002982       __imp_load_?New@FunctionTemplate@v8@@SA?AV?$Local@VFunctionTemplate@v8@@@2@PAVIsolate@2@P6AXABV?$FunctionCallbackInfo@VValue@v8@@@2@@ZV?$Local@VValue@v8@@@2@V?$Local@VSignature@v8@@@2@H@Z 10003982 f   node:node.exe
 0001:0000298c       __imp_load_?NumberValue@Value@v8@@QBENXZ 1000398c f   node:node.exe
 0001:00002996       __imp_load_?IsArray@Value@v8@@QBE_NXZ 10003996 f   node:node.exe
 0001:000029a0       __imp_load_?NewFromUtf8@String@v8@@SA?AV?$Local@VString@v8@@@2@PAVIsolate@2@PBDW4NewStringType@12@H@Z 100039a0 f   node:node.exe
 0001:000029aa       __imp_load_?New@Number@v8@@SA?AV?$Local@VNumber@v8@@@2@PAVIsolate@2@N@Z 100039aa f   node:node.exe
 0001:000029b4       __imp_load_?New@Object@v8@@SA?AV?$Local@VObject@v8@@@2@PAVIsolate@2@@Z 100039b4 f   node:node.exe
 0001:000029be       __imp_load_?Get@Object@v8@@QAE?AV?$Local@VValue@v8@@@2@I@Z 100039be f   node:node.exe
 0001:000029c8       __imp_load_?Set@Object@v8@@QAE_NV?$Local@VValue@v8@@@2@0@Z 100039c8 f   node:node.exe
 0001:000029d2       __imp_load_?SetName@Function@v8@@QAEXV?$Local@VString@v8@@@2@@Z 100039d2 f   node:node.exe
 0001:000029dc       __imp_load__node_module_register 100039dc f   node:node.exe
 0001:000029e6       ??0_Init_locks@std@@QAE@XZ 100039e6 f   libcpmt:xlock.obj
 0001:00002a13       ??0_Lockit@std@@QAE@H@Z    10003a13 f   libcpmt:xlock.obj
 0001:00002a44       ??1_Init_locks@std@@QAE@XZ 10003a44 f   libcpmt:xlock.obj
 0001:00002a6b       ??1_Lockit@std@@QAE@XZ     10003a6b f   libcpmt:xlock.obj
 0001:00002a8a       ??$_Fgetc@D@std@@YA_NAADPAU_iobuf@@@Z 10003a8a f i libcpmt:cout.obj
 0001:00002aaa       ??$_Fputc@D@std@@YA_NDPAU_iobuf@@@Z 10003aaa f i libcpmt:cout.obj
 0001:00002ac6       ??$_Ungetc@D@std@@YA_NABDPAU_iobuf@@@Z 10003ac6 f i libcpmt:cout.obj
 0001:00002ae4       ??$use_facet@V?$codecvt@DDU_Mbstatet@@@std@@@std@@YAABV?$codecvt@DDU_Mbstatet@@@0@ABVlocale@0@@Z 10003ae4 f i libcpmt:cout.obj
 0001:00002b81       ??0?$basic_ostream@DU?$char_traits@D@std@@@std@@QAE@PAV?$basic_streambuf@DU?$char_traits@D@std@@@1@_N@Z 10003b81 f i libcpmt:cout.obj
 0001:00002be8       ??0?$basic_streambuf@DU?$char_traits@D@std@@@std@@IAE@XZ 10003be8 f i libcpmt:cout.obj
 0001:00002c2f       ??0?$fpos@U_Mbstatet@@@std@@QAE@U_Mbstatet@@_J@Z 10003c2f f i libcpmt:cout.obj
 0001:00002c57       ??0_Init_cout@std@@QAE@XZ  10003c57 f i libcpmt:cout.obj
 0001:00002cb0       ??0bad_cast@std@@QAE@ABV01@@Z 10003cb0 f i libcpmt:cout.obj
 0001:00002ccb       ??0bad_cast@std@@QAE@XZ    10003ccb f i libcpmt:cout.obj
 0001:00002ce3       ??0exception@std@@QAE@ABV01@@Z 10003ce3 f i libcpmt:cout.obj
 0001:00002d0f       ??0exception@std@@QAE@QBD@Z 10003d0f f i libcpmt:cout.obj
 0001:00002d46       ??1?$basic_filebuf@DU?$char_traits@D@std@@@std@@UAE@XZ 10003d46 f i libcpmt:cout.obj
 0001:00002da0       ??1?$basic_ios@DU?$char_traits@D@std@@@std@@UAE@XZ 10003da0 f i libcpmt:cout.obj
 0001:00002de2       ??1?$basic_streambuf@DU?$char_traits@D@std@@@std@@UAE@XZ 10003de2 f i libcpmt:cout.obj
 0001:00002e03       ??_D?$basic_ostream@DU?$char_traits@D@std@@@std@@QAEXXZ 10003e03 f i libcpmt:cout.obj
 0001:00002e63       ??_E?$basic_ostream@DU?$char_traits@D@std@@@std@@$4PPPPPPPM@A@AEPAXI@Z 10003e63 f i libcpmt:cout.obj
 0001:00002e6b       ??_G?$basic_filebuf@DU?$char_traits@D@std@@@std@@UAEPAXI@Z 10003e6b f i libcpmt:cout.obj
 0001:00002e6b       ??_E?$basic_filebuf@DU?$char_traits@D@std@@@std@@UAEPAXI@Z 10003e6b f i libcpmt:cout.obj
 0001:00002e8d       ??_G?$basic_ios@DU?$char_traits@D@std@@@std@@UAEPAXI@Z 10003e8d f i libcpmt:cout.obj
 0001:00002e8d       ??_E?$basic_ios@DU?$char_traits@D@std@@@std@@UAEPAXI@Z 10003e8d f i libcpmt:cout.obj
 0001:00002ee7       ??_G?$basic_ostream@DU?$char_traits@D@std@@@std@@UAEPAXI@Z 10003ee7 f i libcpmt:cout.obj
 0001:00002ee7       ??_E?$basic_ostream@DU?$char_traits@D@std@@@std@@UAEPAXI@Z 10003ee7 f i libcpmt:cout.obj
 0001:00002f0c       ??_E?$basic_streambuf@DU?$char_traits@D@std@@@std@@UAEPAXI@Z 10003f0c f i libcpmt:cout.obj
 0001:00002f0c       ??_G?$basic_streambuf@DU?$char_traits@D@std@@@std@@UAEPAXI@Z 10003f0c f i libcpmt:cout.obj
 0001:00002f2e       ??_E?$codecvt@DDU_Mbstatet@@@std@@MAEPAXI@Z 10003f2e f i libcpmt:cout.obj
 0001:00002f2e       ??_G?$codecvt@DDU_Mbstatet@@@std@@MAEPAXI@Z 10003f2e f i libcpmt:cout.obj
 0001:00002f51       ??_Gios_base@std@@UAEPAXI@Z 10003f51 f i libcpmt:cout.obj
 0001:00002f51       ??_Eios_base@std@@UAEPAXI@Z 10003f51 f i libcpmt:cout.obj
 0001:00002fab       ?_Endwrite@?$basic_filebuf@DU?$char_traits@D@std@@@std@@IAE_NXZ 10003fab f i libcpmt:cout.obj
 0001:000030c9       ?_Getcat@?$codecvt@DDU_Mbstatet@@@std@@SAIPAPBVfacet@locale@2@PBV42@@Z 100040c9 f i libcpmt:cout.obj
 0001:00003131       ?_Init@?$basic_filebuf@DU?$char_traits@D@std@@@std@@IAEXPAU_iobuf@@W4_Initfl@12@@Z 10004131 f i libcpmt:cout.obj
 0001:000031af       ?_Init@?$basic_streambuf@DU?$char_traits@D@std@@@std@@IAEXXZ 100041af f i libcpmt:cout.obj
 0001:000031f3       ?_Init@ios_base@std@@IAEXXZ 100041f3 f i libcpmt:cout.obj
 0001:00003259       ?_Initcvt@?$basic_filebuf@DU?$char_traits@D@std@@@std@@IAEXPBV?$codecvt@DDU_Mbstatet@@@2@@Z 10004259 f i libcpmt:cout.obj
 0001:0000328f       ?_Lock@?$basic_filebuf@DU?$char_traits@D@std@@@std@@UAEXXZ 1000428f f i libcpmt:cout.obj
 0001:0000329f       ?_Reset_back@?$basic_filebuf@DU?$char_traits@D@std@@@std@@AAEXXZ 1000429f f i libcpmt:cout.obj
 0001:000032c2       ?_Set_back@?$basic_filebuf@DU?$char_traits@D@std@@@std@@AAEXXZ 100042c2 f i libcpmt:cout.obj
 0001:000032f8       ?_Unlock@?$basic_filebuf@DU?$char_traits@D@std@@@std@@UAEXXZ 100042f8 f i libcpmt:cout.obj
 0001:00003308       ?close@?$basic_filebuf@DU?$char_traits@D@std@@@std@@QAEPAV12@XZ 10004308 f i libcpmt:cout.obj
 0001:00003367       ?do_max_length@codecvt_base@std@@MBEHXZ 10004367 f i libcpmt:cout.obj
 0001:00003367       __get_startup_argv_mode    10004367 f i LIBCMT:argv_mode.obj
 0001:00003367       ?do_encoding@codecvt_base@std@@MBEHXZ 10004367 f i libcpmt:cout.obj
 0001:0000336b       ?do_out@?$codecvt@DDU_Mbstatet@@@std@@MBEHAAU_Mbstatet@@PBD1AAPBDPAD3AAPAD@Z 1000436b f i libcpmt:cout.obj
 0001:0000336b       ?do_in@?$codecvt@DDU_Mbstatet@@@std@@MBEHAAU_Mbstatet@@PBD1AAPBDPAD3AAPAD@Z 1000436b f i libcpmt:cout.obj
 0001:00003385       ?do_length@?$codecvt@DDU_Mbstatet@@@std@@MBEHAAU_Mbstatet@@PBD1I@Z 10004385 f i libcpmt:cout.obj
 0001:0000339d       ?do_unshift@?$codecvt@DDU_Mbstatet@@@std@@MBEHAAU_Mbstatet@@PAD1AAPAD@Z 1000439d f i libcpmt:cout.obj
 0001:000033ae       ?imbue@?$basic_filebuf@DU?$char_traits@D@std@@@std@@MAEXABVlocale@2@@Z 100043ae f i libcpmt:cout.obj
 0001:000033ca       ?imbue@?$basic_streambuf@DU?$char_traits@D@std@@@std@@MAEXABVlocale@2@@Z 100043ca f i libcpmt:cout.obj
 0001:000033cd       ?init@?$basic_ios@DU?$char_traits@D@std@@@std@@IAEXPAV?$basic_streambuf@DU?$char_traits@D@std@@@2@_N@Z 100043cd f i libcpmt:cout.obj
 0001:00003416       ?overflow@?$basic_filebuf@DU?$char_traits@D@std@@@std@@MAEHH@Z 10004416 f i libcpmt:cout.obj
 0001:000035b4       ?pbackfail@?$basic_filebuf@DU?$char_traits@D@std@@@std@@MAEHH@Z 100045b4 f i libcpmt:cout.obj
 0001:0000363b       ?overflow@?$basic_streambuf@DU?$char_traits@D@std@@@std@@MAEHH@Z 1000463b f i libcpmt:cout.obj
 0001:0000363b       ?pbackfail@?$basic_streambuf@DU?$char_traits@D@std@@@std@@MAEHH@Z 1000463b f i libcpmt:cout.obj
 0001:00003641       ?seekoff@?$basic_filebuf@DU?$char_traits@D@std@@@std@@MAE?AV?$fpos@U_Mbstatet@@@2@_JHH@Z 10004641 f i libcpmt:cout.obj
 0001:00003702       ?seekoff@?$basic_streambuf@DU?$char_traits@D@std@@@std@@MAE?AV?$fpos@U_Mbstatet@@@2@_JHH@Z 10004702 f i libcpmt:cout.obj
 0001:0000372c       ?seekpos@?$basic_filebuf@DU?$char_traits@D@std@@@std@@MAE?AV?$fpos@U_Mbstatet@@@2@V32@H@Z 1000472c f i libcpmt:cout.obj
 0001:000037ec       ?seekpos@?$basic_streambuf@DU?$char_traits@D@std@@@std@@MAE?AV?$fpos@U_Mbstatet@@@2@V32@H@Z 100047ec f i libcpmt:cout.obj
 0001:00003816       ?setbuf@?$basic_filebuf@DU?$char_traits@D@std@@@std@@MAEPAV?$basic_streambuf@DU?$char_traits@D@std@@@2@PAD_J@Z 10004816 f i libcpmt:cout.obj
 0001:00003864       ?setbuf@?$basic_streambuf@DU?$char_traits@D@std@@@std@@MAEPAV12@PAD_J@Z 10004864 f i libcpmt:cout.obj
 0001:00003869       ?showmanyc@?$basic_streambuf@DU?$char_traits@D@std@@@std@@MAE_JXZ 10004869 f i libcpmt:cout.obj
 0001:0000386e       ?sync@?$basic_filebuf@DU?$char_traits@D@std@@@std@@MAEHXZ 1000486e f i libcpmt:cout.obj
 0001:000038a6       ?uflow@?$basic_filebuf@DU?$char_traits@D@std@@@std@@MAEHXZ 100048a6 f i libcpmt:cout.obj
 0001:00003a45       ?uflow@?$basic_streambuf@DU?$char_traits@D@std@@@std@@MAEHXZ 10004a45 f i libcpmt:cout.obj
 0001:00003a77       ?underflow@?$basic_filebuf@DU?$char_traits@D@std@@@std@@MAEHXZ 10004a77 f i libcpmt:cout.obj
 0001:00003ac5       ?underflow@?$basic_streambuf@DU?$char_traits@D@std@@@std@@MAEHXZ 10004ac5 f i libcpmt:cout.obj
 0001:00003ac9       ?what@exception@std@@UBEPBDXZ 10004ac9 f i libcpmt:cout.obj
 0001:00003ad6       ?xsgetn@?$basic_streambuf@DU?$char_traits@D@std@@@std@@MAE_JPAD_J@Z 10004ad6 f i libcpmt:cout.obj
 0001:00003bcf       ?xsputn@?$basic_streambuf@DU?$char_traits@D@std@@@std@@MAE_JPBD_J@Z 10004bcf f i libcpmt:cout.obj
 0001:00003d49       ??0_Locimp@locale@std@@AAE@_N@Z 10004d49 f i libcpmt:locale0.obj
 0001:00003d8c       ??1_Fac_node@std@@QAE@XZ   10004d8c f i libcpmt:locale0.obj
 0001:00003deb       ??1_Fac_tidy_reg_t@std@@QAE@XZ 10004deb f i libcpmt:locale0.obj
 0001:00003e12       ??1_Locimp@locale@std@@MAE@XZ 10004e12 f i libcpmt:locale0.obj
 0001:00003e6d       ??4?$_Yarn@D@std@@QAEAAV01@PBD@Z 10004e6d f i libcpmt:locale0.obj
 0001:00003ec1       ??_E_Locimp@locale@std@@MAEPAXI@Z 10004ec1 f i libcpmt:locale0.obj
 0001:00003ec1       ??_G_Locimp@locale@std@@MAEPAXI@Z 10004ec1 f i libcpmt:locale0.obj
 0001:00003ee3       ?_Facet_Register@std@@YAXPAV_Facet_base@1@@Z 10004ee3 f   libcpmt:locale0.obj
 0001:00003f11       ?_Getgloballocale@locale@std@@CAPAV_Locimp@12@XZ 10004f11 f   libcpmt:locale0.obj
 0001:00003f17       ?_Init@locale@std@@CAPAV_Locimp@12@_N@Z 10004f17 f   libcpmt:locale0.obj
 0001:00003fa5       ?_Locimp_dtor@_Locimp@locale@std@@CAXPAV123@@Z 10004fa5 f   libcpmt:locale0.obj
 0001:0000401a       ?_Locinfo_ctor@_Locinfo@std@@SAXPAV12@PBD@Z 1000501a f   libcpmt:locale0.obj
 0001:00004065       ?_Locinfo_dtor@_Locinfo@std@@SAXPAV12@@Z 10005065 f   libcpmt:locale0.obj
 0001:00004087       ?_New_Locimp@_Locimp@locale@std@@CAPAV123@_N@Z 10005087 f   libcpmt:locale0.obj
 0001:000040ac       ?_Setgloballocale@locale@std@@CAXPAX@Z 100050ac f   libcpmt:locale0.obj
 0001:000040d4       __Deletegloballocale       100050d4 f   libcpmt:locale0.obj
 0001:00004139       ??0bad_alloc@std@@QAE@ABV01@@Z 10005139 f i libcpmt:xthrow.obj
 0001:00004154       ??0bad_alloc@std@@QAE@XZ   10005154 f i libcpmt:xthrow.obj
 0001:0000416c       ??0length_error@std@@QAE@ABV01@@Z 1000516c f i libcpmt:xthrow.obj
 0001:00004187       ??0length_error@std@@QAE@PBD@Z 10005187 f i libcpmt:xthrow.obj
 0001:000041a8       ??0out_of_range@std@@QAE@ABV01@@Z 100051a8 f i libcpmt:xthrow.obj
 0001:000041c3       ??0out_of_range@std@@QAE@PBD@Z 100051c3 f i libcpmt:xthrow.obj
 0001:000041e4       ??1length_error@std@@UAE@XZ 100051e4 f i libcpmt:xthrow.obj
 0001:000041e4       ??1bad_cast@std@@UAE@XZ    100051e4 f i libcpmt:cout.obj
 0001:000041e4       ??1out_of_range@std@@UAE@XZ 100051e4 f i libcpmt:xthrow.obj
 0001:000041e4       ??1bad_array_new_length@std@@UAE@XZ 100051e4 f i LIBCMT:throw_bad_alloc.obj
 0001:000041e4       ??1bad_exception@std@@UAE@XZ 100051e4 f i libvcruntime:frame.obj
 0001:000041e4       ??1bad_alloc@std@@UAE@XZ   100051e4 f i libcpmt:xthrow.obj
 0001:000041f5       ??_Ebad_array_new_length@std@@UAEPAXI@Z 100051f5 f i LIBCMT:throw_bad_alloc.obj
 0001:000041f5       ??_Gexception@std@@UAEPAXI@Z 100051f5 f i libcpmt:cout.obj
 0001:000041f5       ??_Ebad_exception@std@@UAEPAXI@Z 100051f5 f i libvcruntime:frame.obj
 0001:000041f5       ??_Gout_of_range@std@@UAEPAXI@Z 100051f5 f i libcpmt:xthrow.obj
 0001:000041f5       ??_Glength_error@std@@UAEPAXI@Z 100051f5 f i libcpmt:xthrow.obj
 0001:000041f5       ??_Ebad_alloc@std@@UAEPAXI@Z 100051f5 f i libcpmt:xthrow.obj
 0001:000041f5       ??_Gbad_cast@std@@UAEPAXI@Z 100051f5 f i libcpmt:cout.obj
 0001:000041f5       ??_Ebad_cast@std@@UAEPAXI@Z 100051f5 f i libcpmt:cout.obj
 0001:000041f5       ??_Eexception@std@@UAEPAXI@Z 100051f5 f i libcpmt:cout.obj
 0001:000041f5       ??_Elength_error@std@@UAEPAXI@Z 100051f5 f i libcpmt:xthrow.obj
 0001:000041f5       ??_Gbad_alloc@std@@UAEPAXI@Z 100051f5 f i libcpmt:xthrow.obj
 0001:000041f5       ??_Eout_of_range@std@@UAEPAXI@Z 100051f5 f i libcpmt:xthrow.obj
 0001:000041f5       ??_Gbad_array_new_length@std@@UAEPAXI@Z 100051f5 f i LIBCMT:throw_bad_alloc.obj
 0001:000041f5       ??_Gbad_exception@std@@UAEPAXI@Z 100051f5 f i libvcruntime:frame.obj
 0001:00004222       ?_Xbad_alloc@std@@YAXXZ    10005222 f   libcpmt:xthrow.obj
 0001:00004222       ?__scrt_throw_std_bad_alloc@@YAXXZ 10005222 f   LIBCMT:throw_bad_alloc.obj
 0001:0000423f       ?_Xlength_error@std@@YAXPBD@Z 1000523f f   libcpmt:xthrow.obj
 0001:0000425f       ?_Xout_of_range@std@@YAXPBD@Z 1000525f f   libcpmt:xthrow.obj
 0001:0000427f       ?_Syserror_map@std@@YAPBDH@Z 1000527f f   libcpmt:syserror.obj
 0001:000042a4       __Getctype                 100052a4 f   libcpmt:_tolower.obj
 0001:0000430f       __Tolower                  1000530f f   libcpmt:_tolower.obj
 0001:00004409       __Toupper                  10005409 f   libcpmt:_toupper.obj
 0001:00004503       __Mtxdst                   10005503 f   libcpmt:xmtx.obj
 0001:00004511       __Mtxinit                  10005511 f   libcpmt:xmtx.obj
 0001:00004528       __Mtxlock                  10005528 f   libcpmt:xmtx.obj
 0001:00004536       __Mtxunlock                10005536 f   libcpmt:xmtx.obj
 0001:00004544       ?_Addstd@ios_base@std@@SAXPAV12@@Z 10005544 f   libcpmt:ios.obj
 0001:00004595       ?_Callfns@ios_base@std@@AAEXW4event@12@@Z 10005595 f i libcpmt:ios.obj
 0001:000045c7       ?_Ios_base_dtor@ios_base@std@@CAXPAV12@@Z 100055c7 f   libcpmt:ios.obj
 0001:00004607       ?_Tidy@ios_base@std@@AAEXXZ 10005607 f i libcpmt:ios.obj
 0001:0000464f       ??1_Init_atexit@@QAE@XZ    1000564f f i libcpmt:iosptrs.obj
 0001:000046b3       ?_Atexit@@YAXP6AXXZ@Z      100056b3 f   libcpmt:iosptrs.obj
 0001:000046e1       ___crtLCMapStringA         100056e1 f   libcpmt:StlLCMapStringA.obj
 0001:000048e4       __freea_crt                100058e4 f i libcpmt:StlLCMapStringA.obj
 0001:00004cac       ___crtInitializeCriticalSectionEx 10005cac f   libcpmt:winapisupp.obj
 0001:00004ce4       _GetTableIndexFromLocaleName 10005ce4 f   libcpmt:winapinls.obj
 0001:00004d32       ___crtDownlevelLocaleNameToLCID 10005d32 f   libcpmt:winapinls.obj
 0001:00004d5c       ___crtLCMapStringEx        10005d5c f   libcpmt:winapinls.obj
 0001:00004db2       ___wcsnicmp_ascii          10005db2 f   libcpmt:winapinls.obj
 0001:00004e25       @__security_check_cookie@4 10005e25 f   LIBCMT:_secchk_.obj
 0001:00004e36       ??_V@YAXPAX@Z              10005e36 f   LIBCMT:delete_array.obj
 0001:00004f17       __Init_thread_footer       10005f17 f   LIBCMT:thread_safe_statics.obj
 0001:00004f56       __Init_thread_header       10005f56 f   LIBCMT:thread_safe_statics.obj
 0001:00004f9c       __Init_thread_lock         10005f9c f   LIBCMT:thread_safe_statics.obj
 0001:00004fa8       __Init_thread_notify       10005fa8 f   LIBCMT:thread_safe_statics.obj
 0001:00004fe9       __Init_thread_unlock       10005fe9 f   LIBCMT:thread_safe_statics.obj
 0001:00004ff5       __Init_thread_wait         10005ff5 f   LIBCMT:thread_safe_statics.obj
 0001:0000505a       ??2@YAPAXI@Z               1000605a f   LIBCMT:new_scalar.obj
 0001:0000508d       ??$__crt_fast_encode_pointer@P6GHPAU_RTL_CONDITION_VARIABLE@@PAU_RTL_CRITICAL_SECTION@@K@Z@@YAP6GHPAU_RTL_CONDITION_VARIABLE@@PAU_RTL_CRITICAL_SECTION@@K@ZQ6GH01K@Z@Z 1000608d f i LIBCMT:thread_safe_statics.obj
 0001:0000508d       ??$__crt_fast_encode_pointer@PAP6AXXZ@@YAPAP6AXXZQAP6AXXZ@Z 1000608d f i LIBCMT:utility.obj
 0001:0000508d       ??$__crt_fast_encode_pointer@PAX@@YAPAXQAX@Z 1000608d f i libvcruntime:winapi_downlevel.obj
 0001:0000508d       ??$__crt_fast_encode_pointer@P6GXPAU_RTL_CONDITION_VARIABLE@@@Z@@YAP6GXPAU_RTL_CONDITION_VARIABLE@@@ZQ6GX0@Z@Z 1000608d f i LIBCMT:thread_safe_statics.obj
 0001:000050ee       ___scrt_acquire_startup_lock 100060ee f   LIBCMT:utility.obj
 0001:00005123       ___scrt_dllmain_after_initialize_c 10006123 f   LIBCMT:utility.obj
 0001:0000514e       ___scrt_dllmain_before_initialize_c 1000614e f   LIBCMT:utility.obj
 0001:0000515c       ___scrt_dllmain_crt_thread_attach 1000615c f   LIBCMT:utility.obj
 0001:0000517b       ___scrt_dllmain_crt_thread_detach 1000617b f   LIBCMT:utility.obj
 0001:00005188       ___scrt_dllmain_exception_filter 10006188 f   LIBCMT:utility.obj
 0001:000051bb       ___scrt_dllmain_uninitialize_c 100061bb f   LIBCMT:utility.obj
 0001:000051de       ___scrt_dllmain_uninitialize_critical 100061de f   LIBCMT:utility.obj
 0001:000051eb       ___scrt_initialize_crt     100061eb f   LIBCMT:utility.obj
 0001:00005224       ___scrt_initialize_onexit_tables 10006224 f   LIBCMT:utility.obj
 0001:000052bb       ___scrt_is_nonwritable_in_current_image 100062bb f   LIBCMT:utility.obj
 0001:00005345       ___scrt_release_startup_lock 10006345 f   LIBCMT:utility.obj
 0001:00005362       ___scrt_uninitialize_crt   10006362 f   LIBCMT:utility.obj
 0001:0000538a       __onexit                   1000638a f   LIBCMT:utility.obj
 0001:000053c5       _atexit                    100063c5 f   LIBCMT:utility.obj
 0001:000053da       ??3@YAXPAX@Z               100063da f   LIBCMT:delete_scalar.obj
 0001:000053df       ??3@YAXPAXI@Z              100063df f   LIBCMT:delete_scalar_size.obj
 0001:000053ed       ??_Etype_info@@UAEPAXI@Z   100063ed f i LIBCMT:std_type_info_static.obj
 0001:000053ed       ??_Gtype_info@@UAEPAXI@Z   100063ed f i LIBCMT:std_type_info_static.obj
 0001:00005718       __DllMainCRTStartup@12     10006718 f   LIBCMT:dll_dllmain.obj
 0001:0000573b       @_guard_check_icall@4      1000673b f i LIBCMT:checkcfg.obj
 0001:00005741       __EH_epilog3               10006741 f   LIBCMT:ehprolg3.obj
 0001:00005756       __EH_epilog3_GS            10006756 f   LIBCMT:ehprolg3.obj
 0001:00005767       __EH_prolog3               10006767 f   LIBCMT:ehprolg3.obj
 0001:0000579b       __EH_prolog3_GS            1000679b f   LIBCMT:ehprolg3.obj
 0001:000057d2       __EH_prolog3_catch         100067d2 f   LIBCMT:ehprolg3.obj
 0001:00005810       __alloca_probe_16          10006810 f   LIBCMT:alloca16.obj
 0001:00005826       __alloca_probe_8           10006826     LIBCMT:alloca16.obj
 0001:00005840       __allmul                   10006840 f   LIBCMT:llmul.obj
 0001:00005880       __aulldiv                  10006880 f   LIBCMT:ulldiv.obj
 0001:000058e8       ___raise_securityfailure   100068e8 f   LIBCMT:gs_report.obj
 0001:00005910       ___report_gsfailure        10006910 f   LIBCMT:gs_report.obj
 0001:00005a0b       ___report_rangecheckfailure 10006a0b f   LIBCMT:gs_report.obj
 0001:00005a17       ___report_securityfailure  10006a17 f   LIBCMT:gs_report.obj
 0001:00005ae7       ___scrt_fastfail           10006ae7 f   LIBCMT:utility_desktop.obj
 0001:00005c02       __crt_debugger_hook        10006c02 f   LIBCMT:utility_desktop.obj
 0001:00005c0a       ??0bad_array_new_length@std@@QAE@ABV01@@Z 10006c0a f i LIBCMT:throw_bad_alloc.obj
 0001:00005c25       ??0bad_array_new_length@std@@QAE@XZ 10006c25 f i LIBCMT:throw_bad_alloc.obj
 0001:00005c3d       ?__scrt_throw_std_bad_array_new_length@@YAXXZ 10006c3d f   LIBCMT:throw_bad_alloc.obj
 0001:00005c5a       ___isa_available_init      10006c5a f   LIBCMT:_cpu_disp_.obj
 0001:00005df4       ___scrt_is_ucrt_dll_in_use 10006df4 f   LIBCMT:ucrt_detection.obj
 0001:00005e00       __SEH_prolog4              10006e00 f   LIBCMT:_sehprolg4_.obj
 0001:00005e46       __SEH_epilog4              10006e46 f   LIBCMT:_sehprolg4_.obj
 0001:00005e5b       ___security_init_cookie    10006e5b f   LIBCMT:gs_support.obj
 0001:00005ef7       _DllMain@12                10006ef7 f   LIBCMT:dll_dllmain_stub.obj
 0001:00005efd       ?__scrt_initialize_type_info@@YAXXZ 10006efd f   LIBCMT:tncleanup.obj
 0001:00005f09       ?__scrt_uninitialize_type_info@@YAXXZ 10006f09 f   LIBCMT:tncleanup.obj
 0001:00005f15       ___local_stdio_scanf_options 10006f15 f i LIBCMT:default_local_stdio_options.obj
 0001:00005f1b       ___scrt_initialize_default_local_stdio_options 10006f1b f   LIBCMT:default_local_stdio_options.obj
 0001:00005f38       ___scrt_get_dyn_tls_init_callback 10006f38 f   LIBCMT:dyn_tls_init.obj
 0001:00005f3e       __RTC_Initialize           10006f3e f   LIBCMT:_initsect_.obj
 0001:00005f69       __RTC_Terminate            10006f69 f   LIBCMT:_initsect_.obj
 0001:00005fa0       __chkstk                   10006fa0 f   LIBCMT:chkstk.obj
 0001:00005fa0       __alloca_probe             10006fa0 f   LIBCMT:chkstk.obj
 0001:00005fd0       _memmove                   10006fd0 f   libvcruntime:memmove.obj
 0001:00006544       __get_purecall_handler     10007544 f   libvcruntime:purevirt.obj
 0001:00006563       __purecall                 10007563 f   libvcruntime:purevirt.obj
 0001:0000657e       ___DestructExceptionObject 1000757e f   libvcruntime:frame.obj
 0001:00006612       ??0bad_exception@std@@QAE@ABV01@@Z 10007612 f i libvcruntime:frame.obj
 0001:0000662d       ??0bad_exception@std@@QAE@XZ 1000762d f i libvcruntime:frame.obj
 0001:00006e5e       ?_CallMemberFunction2@@YGXQAX00H@Z 10007e5e f i libvcruntime:frame.obj
 0001:00006e5e       ?_CallMemberFunction0@@YGXQAX0@Z 10007e5e f i libvcruntime:frame.obj
 0001:00006e5e       ?_CallMemberFunction1@@YGXQAX00@Z 10007e5e f i libvcruntime:frame.obj
 0001:00006e65       ___AdjustPointer           10007e65 f   libvcruntime:frame.obj
 0001:00006e8a       ___BuildCatchObject        10007e8a f   libvcruntime:frame.obj
 0001:00006f19       ___BuildCatchObjectHelper  10007f19 f   libvcruntime:frame.obj
 0001:00007047       ___FrameUnwindFilter       10008047 f   libvcruntime:frame.obj
 0001:0000708c       ___FrameUnwindToState      1000808c f   libvcruntime:frame.obj
 0001:00007154       ___InternalCxxFrameHandler 10008154 f   libvcruntime:frame.obj
 0001:00007250       ___TypeMatch               10008250 f   libvcruntime:frame.obj
 0001:000072de       ___std_terminate           100082de f   libvcruntime:frame.obj
 0001:000072e3       ___std_exception_copy      100082e3 f   libvcruntime:std_exception.obj
 0001:00007346       ___std_exception_destroy   10008346 f   libvcruntime:std_exception.obj
 0001:00007365       __CxxThrowException@8      10008365 f   libvcruntime:throw.obj
 0001:000073d3       ?_CallCatchBlock2@@YAPAXPAUEHRegistrationNode@@PBU_s_FuncInfo@@PAXHK@Z 100083d3 f   libvcruntime:trnsctrl.obj
 0001:00007433       ?_CallSETranslator@@YAHPAUEHExceptionRecord@@PAUEHRegistrationNode@@PAX2PBU_s_FuncInfo@@H1@Z 10008433 f   libvcruntime:trnsctrl.obj
 0001:00007510       ?_GetRangeOfTrysToCheck@@YAPBU_s_TryBlockMapEntry@@PBU_s_FuncInfo@@HHPAI1@Z 10008510 f   libvcruntime:trnsctrl.obj
 0001:00007588       ?_JumpToContinuation@@YGXPAXPAUEHRegistrationNode@@@Z 10008588 f   libvcruntime:trnsctrl.obj
 0001:000075ba       ?_UnwindNestedFrames@@YGXPAUEHRegistrationNode@@PAUEHExceptionRecord@@@Z 100085ba f   libvcruntime:trnsctrl.obj
 0001:0000760f       __CatchGuardHandler        1000860f f   libvcruntime:trnsctrl.obj
 0001:00007640       __CreateFrameInfo          10008640 f   libvcruntime:trnsctrl.obj
 0001:00007664       __FindAndUnlinkFrame       10008664 f   libvcruntime:trnsctrl.obj
 0001:000076ae       __IsExceptionObjectToBeDestroyed 100086ae f   libvcruntime:trnsctrl.obj
 0001:000076d4       __TranslatorGuardHandler   100086d4 f   libvcruntime:trnsctrl.obj
 0001:00007773       ___CxxFrameHandler3        10008773 f   libvcruntime:trnsctrl.obj
 0001:000077b0       _memcpy                    100087b0 f   libvcruntime:memcpy.obj
 0001:00007d30       _memset                    10008d30 f   libvcruntime:memset.obj
 0001:00007e90       _memchr                    10008e90 f   libvcruntime:memchr.obj
 0001:00007f3d       _memcmp                    10008f3d f   libvcruntime:_memcmp_.obj
 0001:000097de       ___vcrt_FlsAlloc           1000a7de f   libvcruntime:winapi_downlevel.obj
 0001:00009818       ___vcrt_FlsFree            1000a818 f   libvcruntime:winapi_downlevel.obj
 0001:00009852       ___vcrt_FlsGetValue        1000a852 f   libvcruntime:winapi_downlevel.obj
 0001:0000988c       ___vcrt_FlsSetValue        1000a88c f   libvcruntime:winapi_downlevel.obj
 0001:000098c9       ___vcrt_InitializeCriticalSectionEx 1000a8c9 f   libvcruntime:winapi_downlevel.obj
 0001:0000990f       ___vcrt_initialize_winapi_thunks 1000a90f f   libvcruntime:winapi_downlevel.obj
 0001:00009949       ___vcrt_uninitialize_winapi_thunks 1000a949 f   libvcruntime:winapi_downlevel.obj
 0001:0000997b       ___vcrt_initialize         1000a97b f   libvcruntime:initialization.obj
 0001:000099a4       ___vcrt_thread_attach      1000a9a4 f   libvcruntime:initialization.obj
 0001:000099af       ___vcrt_thread_detach      1000a9af f   libvcruntime:initialization.obj
 0001:000099ba       ___vcrt_uninitialize       1000a9ba f   libvcruntime:initialization.obj
 0001:000099d9       ___vcrt_uninitialize_critical 1000a9d9 f   libvcruntime:initialization.obj
 0001:00009a30       __except_handler4          1000aa30 f   libvcruntime:_chandler4_.obj
 0001:00009b96       ___std_type_info_compare   1000ab96 f   libvcruntime:std_type_info.obj
 0001:00009bd2       ___std_type_info_destroy_list 1000abd2 f   libvcruntime:std_type_info.obj
 0001:00009bf5       ___vcrt_initialize_pure_virtual_call_handler 1000abf5 f   libvcruntime:purevirt_data.obj
 0001:00009c12       _unexpected                1000ac12 f   libvcruntime:unexpected.obj
 0001:00009c2e       ___vcrt_freefls@4          1000ac2e f   libvcruntime:per_thread_data.obj
 0001:00009c4a       ___vcrt_freeptd            1000ac4a f   libvcruntime:per_thread_data.obj
 0001:00009c80       ___vcrt_getptd             1000ac80 f   libvcruntime:per_thread_data.obj
 0001:00009c8e       ___vcrt_getptd_noexit      1000ac8e f   libvcruntime:per_thread_data.obj
 0001:00009d20       ___vcrt_initialize_ptd     1000ad20 f   libvcruntime:per_thread_data.obj
 0001:00009d53       ___vcrt_uninitialize_ptd   1000ad53 f   libvcruntime:per_thread_data.obj
 0001:00009d70       __CallSettingFrame@12      1000ad70 f   libvcruntime:lowhelpr.obj
 0001:00009d97       __NLG_Return               1000ad97     libvcruntime:lowhelpr.obj
 0001:00009dbc       ___vcrt_initialize_locks   1000adbc f   libvcruntime:locks.obj
 0001:00009df8       ___vcrt_uninitialize_locks 1000adf8 f   libvcruntime:locks.obj
 0001:00009e30       __local_unwind4            1000ae30 f   libvcruntime:_exsup4_.obj
 0001:00009f06       __seh_longjmp_unwind4@4    1000af06 f   libvcruntime:_exsup4_.obj
 0001:00009f2e       @_EH4_CallFilterFunc@8     1000af2e f   libvcruntime:_exsup4_.obj
 0001:00009f45       @_EH4_TransferToHandler@8  1000af45 f   libvcruntime:_exsup4_.obj
 0001:00009f5e       @_EH4_GlobalUnwind2@8      1000af5e f   libvcruntime:_exsup4_.obj
 0001:00009f77       @_EH4_LocalUnwind@16       1000af77 f   libvcruntime:_exsup4_.obj
 0001:00009f90       __global_unwind2           1000af90 f   libvcruntime:_exsup_.obj
 0001:00009ff5       __local_unwind2            1000aff5 f   libvcruntime:_exsup_.obj
 0001:0000a079       __abnormal_termination     1000b079 f   libvcruntime:_exsup_.obj
 0001:0000a09c       __NLG_Notify1              1000b09c f   libvcruntime:_exsup_.obj
 0001:0000a0a5       __NLG_Notify               1000b0a5 f   libvcruntime:_exsup_.obj
 0001:0000a0bc       __NLG_Dispatch2            1000b0bc     libvcruntime:_exsup_.obj
 0001:0000a0bc       __NLG_Dispatch             1000b0bc     libvcruntime:_exsup_.obj
 0001:0000a0c4       __NLG_Call                 1000b0c4 f   libvcruntime:_exsup_.obj
 0001:0000a0c6       __NLG_Return2              1000b0c6     libvcruntime:_exsup_.obj
 0001:0000a0c7       __aligned_free             1000b0c7 f   libucrt:align.obj
 0001:0000a0cc       __aligned_free_base        1000b0cc f   libucrt:align.obj
 0001:0000a0e6       __aligned_malloc           1000b0e6 f   libucrt:align.obj
 0001:0000a0f1       __aligned_malloc_base      1000b0f1 f   libucrt:align.obj
 0001:0000a108       __aligned_offset_malloc_base 1000b108 f   libucrt:align.obj
 0001:0000a192       _abort                     1000b192 f   libucrt:abort.obj
 0001:0000a1d5       ?initialize@?$dual_state_global@P6AHI@Z@__crt_state_management@@QAEXQ6AHI@Z@Z 1000b1d5 f i libucrt:new_handler.obj
 0001:0000a1d5       ?initialize@?$dual_state_global@P6AHPAU_exception@@@Z@__crt_state_management@@QAEXQ6AHPAU_exception@@@Z@Z 1000b1d5 f i libucrt:matherr.obj
 0001:0000a1d5       ?initialize@?$dual_state_global@PAU__crt_locale_data@@@__crt_state_management@@QAEXQAU__crt_locale_data@@@Z 1000b1d5 f i libucrt:initialization.obj
 0001:0000a1d5       ?initialize@?$dual_state_global@P6AXH@Z@__crt_state_management@@QAEXQ6AXH@Z@Z 1000b1d5 f i libucrt:signal.obj
 0001:0000a1d5       ?initialize@?$dual_state_global@J@__crt_state_management@@QAEXJ@Z 1000b1d5 f i libucrt:timeset.obj
 0001:0000a1d5       ?initialize@?$dual_state_global@P6AXPB_W00II@Z@__crt_state_management@@QAEXQ6AXPB_W00II@Z@Z 1000b1d5 f i libucrt:invalid_parameter.obj
 0001:0000a1d5       ?initialize@?$dual_state_global@H@__crt_state_management@@QAEXH@Z 1000b1d5 f i libucrt:timeset.obj
 0001:0000a1d5       ?initialize@?$dual_state_global@PAPAD@__crt_state_management@@QAEXQAPAD@Z 1000b1d5 f i libucrt:environment_initialization.obj
 0001:0000a206       ___acrt_call_reportfault   1000b206 f   libucrt:invalid_parameter.obj
 0001:0000a341       ___acrt_initialize_invalid_parameter_handler 1000b341 f   libucrt:invalid_parameter.obj
 0001:0000a355       __invalid_parameter        1000b355 f   libucrt:invalid_parameter.obj
 0001:0000a3d0       __invalid_parameter_noinfo 1000b3d0 f   libucrt:invalid_parameter.obj
 0001:0000a3e0       __invalid_parameter_noinfo_noreturn 1000b3e0 f   libucrt:invalid_parameter.obj
 0001:0000a3fd       __invoke_watson            1000b3fd f   libucrt:invalid_parameter.obj
 0001:0000a430       _strcspn                   1000b430 f   libucrt:strcspn.obj
 0001:0000a476       ??0_LocaleUpdate@@QAE@QAU__crt_locale_pointers@@@Z 1000b476 f i libucrt:output.obj
 0001:0000a4f9       _free                      1000b4f9 f   libucrt:free.obj
 0001:0000a4fe       ___ascii_stricmp           1000b4fe f   libucrt:stricmp.obj
 0001:0000a539       __stricmp                  1000b539 f   libucrt:stricmp.obj
 0001:0000a581       __stricmp_l                1000b581 f   libucrt:stricmp.obj
 0001:0000a61b       ___acrt_initialize_locks   1000b61b f   libucrt:locks.obj
 0001:0000a65c       ___acrt_lock               1000b65c f   libucrt:locks.obj
 0001:0000a673       ___acrt_uninitialize_locks 1000b673 f   libucrt:locks.obj
 0001:0000a6a4       ___acrt_unlock             1000b6a4 f   libucrt:locks.obj
 0001:0000a6bb       __lock_locales             1000b6bb f   libucrt:locks.obj
 0001:0000a6c4       __unlock_locales           1000b6c4 f   libucrt:locks.obj
 0001:0000a6cd       ___acrt_errno_from_os_error 1000b6cd f   libucrt:errno.obj
 0001:0000a710       ___acrt_errno_map_os_error 1000b710 f   libucrt:errno.obj
 0001:0000a733       ___doserrno                1000b733 f   libucrt:errno.obj
 0001:0000a746       __errno                    1000b746 f   libucrt:errno.obj
 0001:0000a759       ___acrt_initialize_stdio   1000b759 f   libucrt:_file.obj
 0001:0000a821       ___acrt_iob_func           1000b821 f   libucrt:_file.obj
 0001:0000a831       ___acrt_uninitialize_stdio 1000b831 f   libucrt:_file.obj
 0001:0000a87d       __get_stream_buffer_pointers 1000b87d f   libucrt:_file.obj
 0001:0000a8c3       __lock_file                1000b8c3 f   libucrt:_file.obj
 0001:0000a8d7       __unlock_file              1000b8d7 f   libucrt:_file.obj
 0001:0000a8eb       __fclose_nolock            1000b8eb f   libucrt:fclose.obj
 0001:0000a961       _fclose                    1000b961 f   libucrt:fclose.obj
 0001:0000a9e1       ___acrt_stdio_flush_nolock 1000b9e1 f   libucrt:fflush.obj
 0001:0000aa47       __fflush_nolock            1000ba47 f   libucrt:fflush.obj
 0001:0000aa8e       __flushall                 1000ba8e f   libucrt:fflush.obj
 0001:0000ab6f       _fflush                    1000bb6f f   libucrt:fflush.obj
 0001:0000abc8       __fgetc_nolock             1000bbc8 f   libucrt:fgetc.obj
 0001:0000ac04       _fgetc                     1000bc04 f   libucrt:fgetc.obj
 0001:0000ad06       _fgetpos                   1000bd06 f   libucrt:fgetpos.obj
 0001:0000ad61       __fputc_nolock             1000bd61 f   libucrt:fputc.obj
 0001:0000ad8a       _fputc                     1000bd8a f   libucrt:fputc.obj
 0001:0000ae8e       _fsetpos                   1000be8e f   libucrt:fsetpos.obj
 0001:0000aec9       ?LongLongSub@@YAJ_J0PA_J@Z 1000bec9 f i libucrt:fseek.obj
 0001:0000b183       __fseeki64                 1000c183 f   libucrt:fseek.obj
 0001:0000b19e       ??$?RV<lambda_11b4f7b0d3157825a5656a18eba1ae27>@@AAV<lambda_b51c0495177f500e782686251704ae76>@@V<lambda_cf89b47920b5017557bfe891e78aca36>@@@?$__crt_seh_guarded_call@I@@QAEI$$QAV<lambda_11b4f7b0d3157825a5656a18eba1ae27>@@AAV<lambda_b51c0495177f500e782686251704ae76>@@$$QAV<lambda_cf89b47920b5017557bfe891e78aca36>@@@Z 1000c19e f i libucrt:fwrite.obj
 0001:0000b1ef       ??$__acrt_lock_stream_and_call@V<lambda_b51c0495177f500e782686251704ae76>@@@@YAIQAU_iobuf@@$$QAV<lambda_b51c0495177f500e782686251704ae76>@@@Z 1000c1ef f i libucrt:fwrite.obj
 0001:0000b25d       __fwrite_nolock            1000c25d f   libucrt:fwrite.obj
 0001:0000b3d6       _fwrite                    1000c3d6 f   libucrt:fwrite.obj
 0001:0000b42e       ??$?RV<lambda_d92cfe8357b99225085016881b624cb0>@@AAV<lambda_b721fa326cdb32351d23dfa67958c160>@@V<lambda_42d75b0848218ec137fa420c8ba9fdf9>@@@?$__crt_seh_guarded_call@H@@QAEH$$QAV<lambda_d92cfe8357b99225085016881b624cb0>@@AAV<lambda_b721fa326cdb32351d23dfa67958c160>@@$$QAV<lambda_42d75b0848218ec137fa420c8ba9fdf9>@@@Z 1000c42e f i libucrt:setvbuf.obj
 0001:0000b47f       ??$__acrt_lock_stream_and_call@V<lambda_b721fa326cdb32351d23dfa67958c160>@@@@YAHQAU_iobuf@@$$QAV<lambda_b721fa326cdb32351d23dfa67958c160>@@@Z 1000c47f f i libucrt:setvbuf.obj
 0001:0000b574       _setvbuf                   1000c574 f   libucrt:setvbuf.obj
 0001:0000b5ea       __ungetc_nolock            1000c5ea f   libucrt:ungetc.obj
 0001:0000b6d9       _ungetc                    1000c6d9 f   libucrt:ungetc.obj
 0001:0000b749       _malloc                    1000c749 f   libucrt:malloc.obj
 0001:0000b7f1       _setlocale                 1000c7f1 f   libucrt:setlocale.obj
 0001:0000b94e       __calloc_base              1000c94e f   libucrt:calloc_base.obj
 0001:0000b9ab       ___pctype_func             1000c9ab f   libucrt:ctype.obj
 0001:0000b9d1       __chvalidchk_l             1000c9d1 f i libucrt:_ctype.obj
 0001:0000b9fb       __ischartype_l             1000c9fb f i libucrt:_ctype.obj
 0001:0000ba2e       __islower_l                1000ca2e f i libucrt:_ctype.obj
 0001:0000ba66       __isupper_l                1000ca66 f i libucrt:_ctype.obj
 0001:0000ba9e       _islower                   1000ca9e f i libucrt:_ctype.obj
 0001:0000bacb       _isupper                   1000cacb f i libucrt:_ctype.obj
 0001:0000baf8       __wcsdup                   1000caf8 f   libucrt:wcsdup.obj
 0001:0000bb59       ____lc_codepage_func       1000cb59 f   libucrt:initctype.obj
 0001:0000bb80       ____lc_locale_name_func    1000cb80 f   libucrt:initctype.obj
 0001:0000bba9       ___acrt_locale_initialize_ctype 1000cba9 f   libucrt:initctype.obj
 0001:0000bfa0       __ismbblead                1000cfa0 f   libucrt:ismbbyte.obj
 0001:0000bfb8       __malloc_base              1000cfb8 f   libucrt:malloc_base.obj
 0001:0000c006       __realloc_base             1000d006 f   libucrt:realloc_base.obj
 0001:0000c06f       ?unget@?$c_string_character_source@_W@__crt_strtox@@QAEX_W@Z 1000d06f f i libucrt:strtod.obj
 0001:0000c09b       ?validate@?$c_string_character_source@_W@__crt_strtox@@QBE_NXZ 1000d09b f i libucrt:strtod.obj
 0001:0000c0c0       _pow                       1000d0c0 f   libucrt:pow.obj
 0001:0000c100       __CIpow                    1000d100 f   libucrt:pow.obj
 0001:0000c13b       __CIpow_default            1000d13b f   libucrt:pow.obj
 0001:0000c154       __pow_default              1000d154     libucrt:pow.obj
 0001:0000c349       ___strncnt                 1000d349 f   libucrt:strncnt.obj
 0001:0000c365       __free_base                1000d365 f   libucrt:free_base.obj
 0001:0000c506       __tolower_l                1000d506 f   libucrt:tolower_toupper.obj
 0001:0000c520       _wcscpy_s                  1000d520 f   libucrt:wcscpy_s.obj
 0001:0000c584       _wcsnlen                   1000d584 f   libucrt:strnlen.obj
 0001:0000c73b       ___acrt_initialize_new_handler 1000d73b f   libucrt:new_handler.obj
 0001:0000c74f       __callnewh                 1000d74f f   libucrt:new_handler.obj
 0001:0000c793       __query_new_handler        1000d793 f   libucrt:new_handler.obj
 0001:0000c7e5       __seh_filter_dll           1000d7e5 f   libucrt:exception_filter.obj
 0001:0000c805       __seh_filter_exe           1000d805 f   libucrt:exception_filter.obj
 0001:0000cb93       ___acrt_initialize_thread_local_exit_callback 1000db93 f   libucrt:exit.obj
 0001:0000cba2       __cexit                    1000dba2 f   libucrt:exit.obj
 0001:0000cbb1       __exit                     1000dbb1 f   libucrt:exit.obj
 0001:0000cbc7       __is_c_termination_complete 1000dbc7 f   libucrt:exit.obj
 0001:0000ce66       ___acrt_allocate_buffer_for_argv 1000de66 f   libucrt:argv_parsing.obj
 0001:0000cebb       __configure_narrow_argv    1000debb f   libucrt:argv_parsing.obj
 0001:0000d01f       ??$uninitialize@A6AXAAPAPA_W@Z@?$dual_state_global@PAPA_W@__crt_state_management@@QAEXA6AXAAPAPA_W@Z@Z 1000e01f f i libucrt:environment_initialization.obj
 0001:0000d01f       ??$uninitialize@A6AXAAPAPAD@Z@?$dual_state_global@PAPAD@__crt_state_management@@QAEXA6AXAAPAPAD@Z@Z 1000e01f f i libucrt:environment_initialization.obj
 0001:0000d095       ___dcrt_uninitialize_environments_nolock 1000e095 f   libucrt:environment_initialization.obj
 0001:0000d0cc       __initialize_narrow_environment 1000e0cc f   libucrt:environment_initialization.obj
 0001:0000d0d1       ??$?RV<lambda_800076c951b434888f4765a74a194fcc>@@AAV<lambda_4e60a939b0d047cfe11ddc22648dfba9>@@V<lambda_6dbb1268764f43b569ce7b67e331d33a>@@@?$__crt_seh_guarded_call@H@@QAEH$$QAV<lambda_800076c951b434888f4765a74a194fcc>@@AAV<lambda_4e60a939b0d047cfe11ddc22648dfba9>@@$$QAV<lambda_6dbb1268764f43b569ce7b67e331d33a>@@@Z 1000e0d1 f i libucrt:onexit.obj
 0001:0000d122       ??$?RV<lambda_995298e7d72eb4c2aab26c0585b3abe5>@@AAV<lambda_275893d493268fdec8709772e3fcec0e>@@V<lambda_293819299cbf9a7022e18b56a874bb5c>@@@?$__crt_seh_guarded_call@H@@QAEH$$QAV<lambda_995298e7d72eb4c2aab26c0585b3abe5>@@AAV<lambda_275893d493268fdec8709772e3fcec0e>@@$$QAV<lambda_293819299cbf9a7022e18b56a874bb5c>@@@Z 1000e122 f i libucrt:onexit.obj
 0001:0000d173       ??$__acrt_lock_and_call@V<lambda_275893d493268fdec8709772e3fcec0e>@@@@YAHW4__acrt_lock_id@@$$QAV<lambda_275893d493268fdec8709772e3fcec0e>@@@Z 1000e173 f i libucrt:onexit.obj
 0001:0000d19b       ??$__acrt_lock_and_call@V<lambda_4e60a939b0d047cfe11ddc22648dfba9>@@@@YAHW4__acrt_lock_id@@$$QAV<lambda_4e60a939b0d047cfe11ddc22648dfba9>@@@Z 1000e19b f i libucrt:onexit.obj
 0001:0000d1c3       ??$__crt_fast_encode_pointer@P6AHXZ@@YAP6AHXZQ6AHXZ@Z 1000e1c3 f i libucrt:onexit.obj
 0001:0000d1c3       ??$__crt_fast_encode_pointer@P6GHPA_WKJ@Z@@YAP6GHPA_WKJ@ZQ6GH0KJ@Z@Z 1000e1c3 f i libucrt:winapi_thunks.obj
 0001:0000d443       __crt_atexit               1000e443 f   libucrt:onexit.obj
 0001:0000d459       __execute_onexit_table     1000e459 f   libucrt:onexit.obj
 0001:0000d476       __initialize_onexit_table  1000e476 f   libucrt:onexit.obj
 0001:0000d4b3       __register_onexit_function 1000e4b3 f   libucrt:onexit.obj
 0001:0000d50b       ?do_always_noconv@?$codecvt@DDU_Mbstatet@@@std@@MBE_NXZ 1000e50b f   libcpmt:cout.obj
 0001:0000d50b       ___acrt_uninitialize_command_line 1000e50b f   libucrt:argv_data.obj
 0001:0000d5cb       ___acrt_initialize         1000e5cb f   libucrt:initialization.obj
 0001:0000d5dd       ___acrt_thread_attach      1000e5dd f   libucrt:initialization.obj
 0001:0000d5e8       ___acrt_thread_detach      1000e5e8 f   libucrt:initialization.obj
 0001:0000d5f0       ___acrt_uninitialize       1000e5f0 f   libucrt:initialization.obj
 0001:0000d602       ___acrt_uninitialize_critical 1000e602 f   libucrt:initialization.obj
 0001:0000d614       __initterm                 1000e614 f   libucrt:initterm.obj
 0001:0000d670       __initterm_e               1000e670 f   libucrt:initterm.obj
 0001:0000d6b5       _terminate                 1000e6b5 f   libucrt:terminate.obj
 0001:0000d853       _itoa                      1000e853 f   libucrt:xtoa.obj
 0001:0000d853       __itoa                     1000e853 f   libucrt:xtoa.obj
 0001:0000d88a       __itow_s                   1000e88a f   libucrt:xtoa.obj
 0001:0000d8bf       _strcpy_s                  1000e8bf f   libucrt:strcpy_s.obj
 0001:0000d919       ??$is_overflow_condition@K@__crt_strtox@@YA_NIK@Z 1000e919 f i libucrt:atox.obj
 0001:0000d94c       ??$make_c_string_character_source@_W$$T@__crt_strtox@@YA?AV?$c_string_character_source@_W@0@QB_W$$T@Z 1000e94c f i libucrt:atox.obj
 0001:0000d967       ??$parse_integer@KV?$c_string_character_source@_W@__crt_strtox@@@__crt_strtox@@YAKQAU__crt_locale_pointers@@V?$c_string_character_source@_W@0@H_N@Z 1000e967 f i libucrt:atox.obj
 0001:0000e04c       __wtol                     1000f04c f   libucrt:atox.obj
 0001:0000e076       __msize                    1000f076 f   libucrt:msize.obj
 0001:0000e0a9       ??$?RV<lambda_a048d3beccc847880fc8490e18b82769>@@AAV<lambda_ec61778202f4f5fc7e7711acc23c3bca>@@V<lambda_f7496a158712204296dd6628a163878e>@@@?$__crt_seh_guarded_call@P6AXH@Z@@QAEP6AXH@Z$$QAV<lambda_a048d3beccc847880fc8490e18b82769>@@AAV<lambda_ec61778202f4f5fc7e7711acc23c3bca>@@$$QAV<lambda_f7496a158712204296dd6628a163878e>@@@Z 1000f0a9 f i libucrt:signal.obj
 0001:0000e103       ??$__acrt_lock_and_call@V<lambda_ec61778202f4f5fc7e7711acc23c3bca>@@@@YAP6AXH@ZW4__acrt_lock_id@@$$QAV<lambda_ec61778202f4f5fc7e7711acc23c3bca>@@@Z 1000f103 f i libucrt:signal.obj
 0001:0000e195       ___acrt_get_sigabrt_handler 1000f195 f   libucrt:signal.obj
 0001:0000e1ac       ___acrt_initialize_signal_handlers 1000f1ac f   libucrt:signal.obj
 0001:0000e1e7       ___fpecode                 1000f1e7 f   libucrt:signal.obj
 0001:0000e1f0       _raise                     1000f1f0 f   libucrt:signal.obj
 0001:0000e3f8       ??$?RV<lambda_3518db117f0e7cdb002338c5d3c47b6c>@@AAV<lambda_b2ea41f6bbb362cd97d94c6828d90b61>@@V<lambda_abdedf541bb04549bc734292b4a045d4>@@@?$__crt_seh_guarded_call@X@@QAEX$$QAV<lambda_3518db117f0e7cdb002338c5d3c47b6c>@@AAV<lambda_b2ea41f6bbb362cd97d94c6828d90b61>@@$$QAV<lambda_abdedf541bb04549bc734292b4a045d4>@@@Z 1000f3f8 f i libucrt:per_thread_data.obj
 0001:0000e448       ??$?RV<lambda_51b6e8b1eb166f2a3faf91f424b38130>@@AAV<lambda_6250bd4b2a391816dd638c3bf72b0bcb>@@V<lambda_0b5a4a3e68152e1d9b943535f5f47bed>@@@?$__crt_seh_guarded_call@X@@QAEX$$QAV<lambda_51b6e8b1eb166f2a3faf91f424b38130>@@AAV<lambda_6250bd4b2a391816dd638c3bf72b0bcb>@@$$QAV<lambda_0b5a4a3e68152e1d9b943535f5f47bed>@@@Z 1000f448 f i libucrt:per_thread_data.obj
 0001:0000e4a9       ??$?RV<lambda_5b71d36f03204c0beab531769a5b5694>@@AAV<lambda_be2b3da3f62db62e9dad5dc70221a656>@@V<lambda_8f9ce462984622f9bf76b59e2aaaf805>@@@?$__crt_seh_guarded_call@X@@QAEX$$QAV<lambda_5b71d36f03204c0beab531769a5b5694>@@AAV<lambda_be2b3da3f62db62e9dad5dc70221a656>@@$$QAV<lambda_8f9ce462984622f9bf76b59e2aaaf805>@@@Z 1000f4a9 f i libucrt:per_thread_data.obj
 0001:0000e4f4       ??$?RV<lambda_9df27f884b057bc3edfc946cb5b7cf47>@@AAV<lambda_e69574bed617af4e071282c136b37893>@@V<lambda_cc0d902bcbbeb830f749456577db4721>@@@?$__crt_seh_guarded_call@X@@QAEX$$QAV<lambda_9df27f884b057bc3edfc946cb5b7cf47>@@AAV<lambda_e69574bed617af4e071282c136b37893>@@$$QAV<lambda_cc0d902bcbbeb830f749456577db4721>@@@Z 1000f4f4 f i libucrt:per_thread_data.obj
 0001:0000e53c       ??$__acrt_lock_and_call@V<lambda_6250bd4b2a391816dd638c3bf72b0bcb>@@@@YAXW4__acrt_lock_id@@$$QAV<lambda_6250bd4b2a391816dd638c3bf72b0bcb>@@@Z 1000f53c f i libucrt:per_thread_data.obj
 0001:0000e564       ??$__acrt_lock_and_call@V<lambda_b2ea41f6bbb362cd97d94c6828d90b61>@@@@YAXW4__acrt_lock_id@@$$QAV<lambda_b2ea41f6bbb362cd97d94c6828d90b61>@@@Z 1000f564 f i libucrt:per_thread_data.obj
 0001:0000e58c       ??$__acrt_lock_and_call@V<lambda_be2b3da3f62db62e9dad5dc70221a656>@@@@YAXW4__acrt_lock_id@@$$QAV<lambda_be2b3da3f62db62e9dad5dc70221a656>@@@Z 1000f58c f i libucrt:per_thread_data.obj
 0001:0000e5b4       ??$__acrt_lock_and_call@V<lambda_e69574bed617af4e071282c136b37893>@@@@YAXW4__acrt_lock_id@@$$QAV<lambda_e69574bed617af4e071282c136b37893>@@@Z 1000f5b4 f i libucrt:per_thread_data.obj
 0001:0000e76a       ___acrt_freeptd            1000f76a f   libucrt:per_thread_data.obj
 0001:0000e796       ___acrt_getptd             1000f796 f   libucrt:per_thread_data.obj
 0001:0000e81a       ___acrt_getptd_noexit      1000f81a f   libucrt:per_thread_data.obj
 0001:0000e89f       ___acrt_initialize_ptd     1000f89f f   libucrt:per_thread_data.obj
 0001:0000e8cb       ___acrt_uninitialize_ptd   1000f8cb f   libucrt:per_thread_data.obj
 0001:0000e8e5       __mbtowc_l                 1000f8e5 f   libucrt:mbtowc.obj
 0001:0000e9df       _mbtowc                    1000f9df f   libucrt:mbtowc.obj
 0001:0000e9f9       ___acrt_update_locale_info 1000f9f9 f   libucrt:locale_update.obj
 0001:0000ea26       ___acrt_update_multibyte_info 1000fa26 f   libucrt:locale_update.obj
 0001:0000ea53       __fileno                   1000fa53 f   libucrt:fileno.obj
 0001:0000ea79       ___acrt_stdio_begin_temporary_buffering_nolock 1000fa79 f   libucrt:_sftbuf.obj
 0001:0000eb2e       ___acrt_stdio_end_temporary_buffering_nolock 1000fb2e f   libucrt:_sftbuf.obj
 0001:0000eb67       ?sync@?$basic_streambuf@DU?$char_traits@D@std@@@std@@MAEHXZ 1000fb67 f   libcpmt:cout.obj
 0001:0000eb6a       ??$?RV<lambda_70818de7b02deff9841e8b0962a60ed9>@@AAV<lambda_2af78c5f5901b1372d98f9ab3177dfa6>@@AAV<lambda_f51fe5fd7c79a33db34fc9310f277369>@@@?$__crt_seh_guarded_call@X@@QAEX$$QAV<lambda_70818de7b02deff9841e8b0962a60ed9>@@AAV<lambda_2af78c5f5901b1372d98f9ab3177dfa6>@@AAV<lambda_f51fe5fd7c79a33db34fc9310f277369>@@@Z 1000fb6a f i libucrt:wsetlocale.obj
 0001:0000eba5       ??$?RV<lambda_c76fdea48760d5f9368b465f31df4405>@@AAV<lambda_e378711a6f6581bf7f0efd7cdf97f5d9>@@V<lambda_e927a58b2a85c081d733e8c6192ae2d2>@@@?$__crt_seh_guarded_call@X@@QAEX$$QAV<lambda_c76fdea48760d5f9368b465f31df4405>@@AAV<lambda_e378711a6f6581bf7f0efd7cdf97f5d9>@@$$QAV<lambda_e927a58b2a85c081d733e8c6192ae2d2>@@@Z 1000fba5 f i libucrt:wsetlocale.obj
 0001:0000ebe8       ??$__acrt_lock_and_call@V<lambda_e378711a6f6581bf7f0efd7cdf97f5d9>@@@@YAXW4__acrt_lock_id@@$$QAV<lambda_e378711a6f6581bf7f0efd7cdf97f5d9>@@@Z 1000fbe8 f i libucrt:wsetlocale.obj
 0001:0000ed6a       ___acrt_copy_locale_name   1000fd6a f   libucrt:wsetlocale.obj
 0001:0000edd0       ___acrt_set_locale_changed 1000fdd0 f   libucrt:wsetlocale.obj
 0001:0000eddb       ___acrt_uninitialize_locale 1000fddb f   libucrt:wsetlocale.obj
 0001:0000ee2d       ___lc_lctowcs              1000fe2d f   libucrt:wsetlocale.obj
 0001:0000ee9d       ___lc_wcstolc              1000fe9d f   libucrt:wsetlocale.obj
 0001:0000effb       __expandlocale             1000fffb f   libucrt:wsetlocale.obj
 0001:0000f372       __wcscats                  10010372 f   libucrt:wsetlocale.obj
 0001:0000f3b3       __wsetlocale               100103b3 f   libucrt:wsetlocale.obj
 0001:0000fde9       ___acrt_initialize_lowio   10010de9 f   libucrt:ioinit.obj
 0001:0000fe3f       ___acrt_uninitialize_lowio 10010e3f f   libucrt:ioinit.obj
 0001:0000fe6b       __errcode                  10010e6b f   libucrt:fpexcept.obj
 0001:0000fe9f       __except1                  10010e9f f   libucrt:fpexcept.obj
 0001:0000ff6d       __handle_exc               10010f6d f   libucrt:fpexcept.obj
 0001:0001014d       __raise_exc                1001114d f   libucrt:fpexcept.obj
 0001:00010170       __raise_exc_ex             10011170 f   libucrt:fpexcept.obj
 0001:00010461       __set_errno_from_matherr   10011461 f   libucrt:fpexcept.obj
 0001:00010490       __umatherr                 10011490 f   libucrt:fpexcept.obj
 0001:00010532       __decomp                   10011532 f   libucrt:util.obj
 0001:00010606       __set_exp                  10011606 f   libucrt:util.obj
 0001:00010635       __sptype                   10011635 f   libucrt:util.obj
 0001:00010693       __clrfp                    10011693 f   libucrt:fpctrl.obj
 0001:000106a6       __ctrlfp                   100116a6 f   libucrt:fpctrl.obj
 0001:000106d2       __set_statfp               100116d2 f   libucrt:fpctrl.obj
 0001:0001072d       __statfp                   1001172d f   libucrt:fpctrl.obj
 0001:00010785       ??$?RV<lambda_9227be29367c048ad7fd93a717dcb1a1>@@AAV<lambda_a463b7b0560cfcaf9b17f27c6ef46564>@@V<lambda_ccea11b5727ccf69be64f5f5d9a08d9f>@@@?$__crt_seh_guarded_call@H@@QAEH$$QAV<lambda_9227be29367c048ad7fd93a717dcb1a1>@@AAV<lambda_a463b7b0560cfcaf9b17f27c6ef46564>@@$$QAV<lambda_ccea11b5727ccf69be64f5f5d9a08d9f>@@@Z 10011785 f i libucrt:winapi_thunks.obj
 0001:00010809       ??$__acrt_lock_and_call@V<lambda_a463b7b0560cfcaf9b17f27c6ef46564>@@@@YAHW4__acrt_lock_id@@$$QAV<lambda_a463b7b0560cfcaf9b17f27c6ef46564>@@@Z 10011809 f i libucrt:winapi_thunks.obj
 0001:00010962       ___acrt_EnumSystemLocalesEx@16 10011962 f   libucrt:winapi_thunks.obj
 0001:000109cf       ___acrt_FlsAlloc@4         100119cf f   libucrt:winapi_thunks.obj
 0001:00010a25       ___acrt_FlsFree@4          10011a25 f   libucrt:winapi_thunks.obj
 0001:00010a7b       ___acrt_FlsGetValue@4      10011a7b f   libucrt:winapi_thunks.obj
 0001:00010ad1       ___acrt_FlsSetValue@8      10011ad1 f   libucrt:winapi_thunks.obj
 0001:00010b2a       ___acrt_GetLocaleInfoEx@16 10011b2a f   libucrt:winapi_thunks.obj
 0001:00010b94       ___acrt_GetUserDefaultLocaleName@8 10011b94 f   libucrt:winapi_thunks.obj
 0001:00010bfb       ___acrt_InitializeCriticalSectionEx@12 10011bfb f   libucrt:winapi_thunks.obj
 0001:00010c5d       ___acrt_IsValidLocaleName@4 10011c5d f   libucrt:winapi_thunks.obj
 0001:00010cc0       ___acrt_LCIDToLocaleName@16 10011cc0 f   libucrt:winapi_thunks.obj
 0001:00010d2a       ___acrt_LCMapStringEx@36   10011d2a f   libucrt:winapi_thunks.obj
 0001:00010db2       ___acrt_LocaleNameToLCID@8 10011db2 f   libucrt:winapi_thunks.obj
 0001:00010e0e       ___acrt_can_use_vista_locale_apis 10011e0e f   libucrt:winapi_thunks.obj
 0001:00010e1a       ___acrt_initialize_winapi_thunks 10011e1a f   libucrt:winapi_thunks.obj
 0001:00010e40       ___acrt_is_packaged_app    10011e40 f   libucrt:winapi_thunks.obj
 0001:00010ec7       ___acrt_uninitialize_winapi_thunks 10011ec7 f   libucrt:winapi_thunks.obj
 0001:00010efd       __fcloseall                10011efd f   libucrt:closeall.obj
 0001:00010f9d       ___acrt_stdio_free_buffer_nolock 10011f9d f   libucrt:_freebuf.obj
 0001:00010fdb       ??$?RV<lambda_123407a5e2ac06da108355a851863b7a>@@AAV<lambda_2fe9b910cf3cbf4a0ab98a02ba45b3ec>@@V<lambda_ae55bdf541ad94d75914d381c370e64d>@@@?$__crt_seh_guarded_call@H@@QAEH$$QAV<lambda_123407a5e2ac06da108355a851863b7a>@@AAV<lambda_2fe9b910cf3cbf4a0ab98a02ba45b3ec>@@$$QAV<lambda_ae55bdf541ad94d75914d381c370e64d>@@@Z 10011fdb f i libucrt:close.obj
 0001:0001105d       ??$__acrt_lowio_lock_fh_and_call@V<lambda_2fe9b910cf3cbf4a0ab98a02ba45b3ec>@@@@YAHH$$QAV<lambda_2fe9b910cf3cbf4a0ab98a02ba45b3ec>@@@Z 1001205d f i libucrt:close.obj
 0001:00011085       __close                    10012085 f   libucrt:close.obj
 0001:00011104       __close_nolock             10012104 f   libucrt:close.obj
 0001:000111a0       ?__acrt_stdio_free_stream@@YAXV__crt_stdio_stream@@@Z 100121a0 f   libucrt:stream.obj
 0001:000111db       ??$?RV<lambda_61cee617f5178ae960314fd4d05640a0>@@AAV<lambda_6978c1fb23f02e42e1d9e99668cc68aa>@@V<lambda_9cd88cf8ad10232537feb2133f08c833>@@@?$__crt_seh_guarded_call@H@@QAEH$$QAV<lambda_61cee617f5178ae960314fd4d05640a0>@@AAV<lambda_6978c1fb23f02e42e1d9e99668cc68aa>@@$$QAV<lambda_9cd88cf8ad10232537feb2133f08c833>@@@Z 100121db f i libucrt:commit.obj
 0001:00011273       ??$__acrt_lowio_lock_fh_and_call@V<lambda_6978c1fb23f02e42e1d9e99668cc68aa>@@@@YAHH$$QAV<lambda_6978c1fb23f02e42e1d9e99668cc68aa>@@@Z 10012273 f i libucrt:commit.obj
 0001:0001129b       __commit                   1001229b f   libucrt:commit.obj
 0001:0001189a       __write                    1001289a f   libucrt:write.obj
 0001:00011985       __write_nolock             10012985 f   libucrt:write.obj
 0001:00011d12       ___acrt_stdio_refill_and_read_narrow_nolock 10012d12 f   libucrt:_filbuf.obj
 0001:0001224d       __ftelli64                 1001324d f   libucrt:ftell.obj
 0001:00012258       __ftelli64_nolock          10013258 f   libucrt:ftell.obj
 0001:00012440       ___acrt_stdio_flush_and_write_narrow_nolock 10013440 f   libucrt:_flsbuf.obj
 0001:000125ce       __lseeki64                 100135ce f   libucrt:lseek.obj
 0001:000125e9       __lseeki64_nolock          100135e9 f   libucrt:lseek.obj
 0001:00012604       ___acrt_stdio_allocate_buffer_nolock 10013604 f   libucrt:_getbuf.obj
 0001:000127da       __mbstowcs_s_l             100137da f   libucrt:mbstowcs.obj
 0001:000128bd       _mbstowcs_s                100138bd f   libucrt:mbstowcs.obj
 0001:00012b5e       __wcstombs_s_l             10013b5e f   libucrt:wcstombs.obj
 0001:00012c2b       __query_new_mode           10013c2b f   libucrt:new_mode.obj
 0001:00012c31       ___acrt_initialize_heap    10013c31 f   libucrt:heap_handle.obj
 0001:00012c42       ___acrt_uninitialize_heap  10013c42 f   libucrt:heap_handle.obj
 0001:00012c4c       __isctype_l                10013c4c f   libucrt:isctype.obj
 0001:00012e19       ___acrt_GetLocaleInfoA     10013e19 f   libucrt:getlocaleinfoa.obj
 0001:00012fcb       ___acrt_GetStringTypeA     10013fcb f   libucrt:getstringtypea.obj
 0001:00013305       ___acrt_LCMapStringA       10014305 f   libucrt:lcmapstringa.obj
 0001:00013350       _iswctype                  10014350 f   libucrt:iswctype.obj
 0001:000133af       __fpclass                  100143af f   libucrt:ieeemisc.obj
 0001:00013453       ___acrt_initialize_sse2    10014453 f   libucrt:mathfcns.obj
 0001:00013470       __CIpow_pentium4           10014470 f   libucrt:pow_pentium4.obj
 0001:00013489       __pow_pentium4             10014489     libucrt:pow_pentium4.obj
 0001:00013fb1       __fFEXP                    10014fb1     libucrt:87tran.obj
 0001:00014008       __rtinfpopse               10015008     libucrt:87tran.obj
 0001:0001400a       __rtinfnpopse              1001500a     libucrt:87tran.obj
 0001:0001401a       __fFLN                     1001501a     libucrt:87tran.obj
 0001:000140cf       __rtinfpop                 100150cf     libucrt:87tran.obj
 0001:000140d1       __rtinfnpop                100150d1     libucrt:87tran.obj
 0001:000140ee       __ffexpm1                  100150ee     libucrt:87tran.obj
 0001:000141a0       __trandisp1                100151a0 f   libucrt:87disp.obj
 0001:00014207       __trandisp2                10015207 f   libucrt:87disp.obj
 0001:00014293       __rttospopde               10015293     libucrt:87disp.obj
 0001:00014298       __rttospop                 10015298     libucrt:87disp.obj
 0001:0001429a       __rtnospop                 1001529a     libucrt:87disp.obj
 0001:0001429c       __rttosnpop                1001529c     libucrt:87disp.obj
 0001:0001429d       __rtnospopde               1001529d     libucrt:87disp.obj
 0001:000142a4       __rtzeropop                100152a4     libucrt:87disp.obj
 0001:000142a6       __rtzeronpop               100152a6     libucrt:87disp.obj
 0001:000142ab       __rtzerospop               100152ab     libucrt:87disp.obj
 0001:000142b8       __rtonepop                 100152b8     libucrt:87disp.obj
 0001:000142ba       __rtonenpop                100152ba     libucrt:87disp.obj
 0001:000142bf       __tosnan1                  100152bf     libucrt:87disp.obj
 0001:000142ea       __nosnan2                  100152ea     libucrt:87disp.obj
 0001:000142ec       __tosnan2                  100152ec     libucrt:87disp.obj
 0001:00014314       __nan2                     10015314     libucrt:87disp.obj
 0001:00014353       __rtindfpop                10015353     libucrt:87disp.obj
 0001:00014355       __rtindfnpop               10015355     libucrt:87disp.obj
 0001:00014366       __rttosnpopde              10015366     libucrt:87disp.obj
 0001:00014370       __rtatan2inf               10015370     libucrt:87disp.obj
 0001:0001438d       __rtchsifneg               1001538d     libucrt:87disp.obj
 0001:000143a0       __startTwoArgErrorHandling 100153a0 f   libucrt:genexcep.obj
 0001:000143b7       __startOneArgErrorHandling 100153b7 f   libucrt:genexcep.obj
 0001:00014400       __twoToTOS                 10015400 f   libucrt:common.obj
 0001:00014415       __load_CW                  10015415 f   libucrt:common.obj
 0001:0001442c       __convertTOStoQNaN         1001542c f   libucrt:common.obj
 0001:00014445       __fload_withFB             10015445 f   libucrt:common.obj
 0001:00014488       __checkTOS_withFB          10015488 f   libucrt:common.obj
 0001:0001449e       __fast_exit                1001549e f   libucrt:common.obj
 0001:000144ab       __math_exit                100154ab f   libucrt:common.obj
 0001:000144d5       __check_overflow_exit      100154d5 f   libucrt:common.obj
 0001:000144e9       __check_range_exit         100154e9 f   libucrt:common.obj
 0001:0001458c       __d_inttype                1001558c f   libucrt:powhlp.obj
 0001:000145f6       __powhlp                   100155f6 f   libucrt:powhlp.obj
 0001:00014721       __wcsicmp                  10015721 f   libucrt:wcsicmp.obj
 0001:000147b6       __wcsicmp_l                100157b6 f   libucrt:wcsicmp.obj
 0001:00014896       ___acrt_initialize_timeset 10015896 f   libucrt:timeset.obj
 0001:000148cd       __isleadbyte_l             100158cd f i libucrt:_wctype.obj
 0001:00014cc8       ??1?$argument_list@D@?A0xb0e4b824@@QAE@XZ 10015cc8 f i libucrt:argv_wildcards.obj
 0001:00014ced       ?append@?$argument_list@D@?A0xb0e4b824@@QAEHQAD@Z 10015ced f i libucrt:argv_wildcards.obj
 0001:00014d22       ?expand_if_necessary@?$argument_list@D@?A0xb0e4b824@@AAEHXZ 10015d22 f i libucrt:argv_wildcards.obj
 0001:00014da9       ___acrt_expand_narrow_argv_wildcards 10015da9 f   libucrt:argv_wildcards.obj
 0001:00014db4       ??$?RV<lambda_978dc153c237d78434369da87b74ff60>@@AAV<lambda_ad1ced32f4ac17aa236e5ef05d6b3b7c>@@V<lambda_4a8533e2866a575feecb8298ce776b0d>@@@?$__crt_seh_guarded_call@X@@QAEX$$QAV<lambda_978dc153c237d78434369da87b74ff60>@@AAV<lambda_ad1ced32f4ac17aa236e5ef05d6b3b7c>@@$$QAV<lambda_4a8533e2866a575feecb8298ce776b0d>@@@Z 10015db4 f i libucrt:mbctype.obj
 0001:00014df7       ??$__acrt_lock_and_call@V<lambda_ad1ced32f4ac17aa236e5ef05d6b3b7c>@@@@YAXW4__acrt_lock_id@@$$QAV<lambda_ad1ced32f4ac17aa236e5ef05d6b3b7c>@@@Z 10015df7 f i libucrt:mbctype.obj
 0001:0001528e       ___acrt_initialize_multibyte 1001628e f   libucrt:mbctype.obj
 0001:000152ac       ___acrt_update_thread_multibyte_data 100162ac f   libucrt:mbctype.obj
 0001:0001534e       __setmbcp_nolock           1001634e f   libucrt:mbctype.obj
 0001:000155c0       ___acrt_initialize_command_line 100165c0 f   libucrt:argv_data.obj
 0001:00015610       ___dcrt_get_narrow_environment_from_os 10016610 f   libucrt:get_environment_from_os.obj
 0001:00015693       __recalloc                 10016693 f   libucrt:recalloc.obj
 0001:0001569e       __recalloc_base            1001669e f   libucrt:recalloc.obj
 0001:0001570b       ___acrt_execute_initializers 1001670b f   libucrt:shared_initialization.obj
 0001:0001578e       ___acrt_execute_uninitializers 1001678e f   libucrt:shared_initialization.obj
 0001:000157db       ___acrt_has_user_matherr   100167db f   libucrt:matherr.obj
 0001:000157f4       ___acrt_initialize_user_matherr 100167f4 f   libucrt:matherr.obj
 0001:00015808       ___acrt_invoke_user_matherr 10016808 f   libucrt:matherr.obj
 0001:00015851       ___acrt_add_locale_ref     10016851 f   libucrt:locale_refcounting.obj
 0001:000158ce       ___acrt_free_locale        100168ce f   libucrt:locale_refcounting.obj
 0001:00015a18       ___acrt_locale_add_lc_time_reference 10016a18 f   libucrt:locale_refcounting.obj
 0001:00015a41       ___acrt_locale_free_lc_time_if_unreferenced 10016a41 f   libucrt:locale_refcounting.obj
 0001:00015a71       ___acrt_locale_release_lc_time_reference 10016a71 f   libucrt:locale_refcounting.obj
 0001:00015a9a       ___acrt_release_locale_ref 10016a9a f   libucrt:locale_refcounting.obj
 0001:00015b1b       ___acrt_update_thread_locale_data 10016b1b f   libucrt:locale_refcounting.obj
 0001:00015b92       __updatetlocinfoEx_nolock  10016b92 f   libucrt:locale_refcounting.obj
 0001:00015be2       __isatty                   10016be2 f   libucrt:isatty.obj
 0001:00015c38       ___acrt_locale_free_monetary 10016c38 f   libucrt:initmon.obj
 0001:00015d36       ___acrt_locale_initialize_monetary 10016d36 f   libucrt:initmon.obj
 0001:000160f2       ___acrt_locale_free_numeric 100170f2 f   libucrt:initnum.obj
 0001:0001615b       ___acrt_locale_initialize_numeric 1001715b f   libucrt:initnum.obj
 0001:00016630       ___acrt_locale_free_time   10017630 f   libucrt:inittime.obj
 0001:00016714       ___acrt_locale_initialize_time 10017714 f   libucrt:inittime.obj
 0001:00016793       _wcscat_s                  10017793 f   libucrt:wcscat_s.obj
 0001:000168d5       _wcsncpy_s                 100178d5 f   libucrt:wcsncpy_s.obj
 0001:000168e0       _wcscspn                   100178e0 f   libucrt:wcscspn.obj
 0001:00016930       _wcsncmp                   10017930 f   libucrt:wcsncmp.obj
 0001:0001696a       _wcspbrk                   1001796a f   libucrt:wcspbrk.obj
 0001:000170ad       ___acrt_get_qualified_locale 100180ad f   libucrt:get_qualified_locale.obj
 0001:000179e5       ___acrt_get_qualified_locale_downlevel 100189e5 f   libucrt:getqloc_downlevel.obj
 0001:00017bec       ___acrt_lowio_create_handle_array 10018bec f   libucrt:osfinfo.obj
 0001:00017c66       ___acrt_lowio_destroy_handle_array 10018c66 f   libucrt:osfinfo.obj
 0001:00017c9b       ___acrt_lowio_ensure_fh_exists 10018c9b f   libucrt:osfinfo.obj
 0001:00017d33       ___acrt_lowio_lock_fh      10018d33 f   libucrt:osfinfo.obj
 0001:00017d56       ___acrt_lowio_unlock_fh    10018d56 f   libucrt:osfinfo.obj
 0001:00017d79       __free_osfhnd              10018d79 f   libucrt:osfinfo.obj
 0001:00017e0a       __get_osfhandle            10018e0a f   libucrt:osfinfo.obj
 0001:00017f30       ___acrt_DownlevelLCIDToLocaleName 10018f30 f   libucrt:lcidtoname_downlevel.obj
 0001:00017fda       ___acrt_DownlevelLocaleNameToLCID 10018fda f   libucrt:lcidtoname_downlevel.obj
 0001:00018006       __putwch_nolock            10019006 f   libucrt:putwch.obj
 0001:00018533       __read                     10019533 f   libucrt:read.obj
 0001:00018646       __read_nolock              10019646 f   libucrt:read.obj
 0001:00018aac       _strncpy_s                 10019aac f   libucrt:strncpy_s.obj
 0001:00018ab7       ___libm_error_support      10019ab7 f   libucrt:libm_error.obj
 0001:00018ccf       __87except                 10019ccf f   libucrt:87except.obj
 0001:00018dda       __frnd                     10019dda f   libucrt:frnd.obj
 0001:00018df0       __towlower_l               10019df0 f   libucrt:towlower.obj
 0001:00018fa0       _qsort                     10019fa0 f   libucrt:qsort.obj
 0001:00019340       _strpbrk                   1001a340 f   libucrt:strpbrk.obj
 0001:00019380       __mbsdec                   1001a380 f   libucrt:mbsdec.obj
 0001:00019397       __mbsdec_l                 1001a397 f   libucrt:mbsdec.obj
 0001:00019440       _log10                     1001a440 f   libucrt:log10.obj
 0001:00019480       __CIlog10                  1001a480 f   libucrt:log10.obj
 0001:000194bb       __CIlog10_default          1001a4bb f   libucrt:log10.obj
 0001:000194cf       __log10_default            1001a4cf     libucrt:log10.obj
 0001:00019590       _ceil                      1001a590 f   libucrt:ceil_pentium4.obj
 0001:000195d0       __ceil_pentium4            1001a5d0 f   libucrt:ceil_pentium4.obj
 0001:000196ad       __wcsnicmp                 1001a6ad f   libucrt:wcsnicmp.obj
 0001:00019765       __wcsnicmp_l               1001a765 f   libucrt:wcsnicmp.obj
 0001:00019866       __query_app_type           1001a866 f   libucrt:report_runtime_error.obj
 0001:0001986c       ___dcrt_lowio_initialize_console_output 1001a86c f   libucrt:initcon.obj
 0001:0001988b       ___dcrt_terminate_console_output 1001a88b f   libucrt:initcon.obj
 0001:000198a2       ___acrt_LCMapStringW       1001a8a2 f   libucrt:lcmapstringw.obj
 0001:000198e0       __CIlog10_pentium4         1001a8e0 f   libucrt:log10_pentium4.obj
 0001:000198f8       __log10_pentium4           1001a8f8     libucrt:log10_pentium4.obj
 0001:00019b70       __ceil_default             1001ab70 f   libucrt:ceil.obj
 0001:00019c30       ___ascii_strnicmp          1001ac30 f   libucrt:_strnicm.obj
 0001:00019c92       _IsProcessorFeaturePresent@4 1001ac92 f   kernel32:KERNEL32.dll
 0001:00019c98       _RtlUnwind@16              1001ac98 f   kernel32:KERNEL32.dll
 0001:00019c9e       ?DloadAcquireSectionWriteAccess@@YGXXZ 1001ac9e f i DelayImp:delayhlp.obj
 0001:00019cd1       ?DloadGetSRWLockFunctionPointers@@YGEXZ 1001acd1 f i DelayImp:delayhlp.obj
 0001:00019d4c       ?DloadLock@@YGXXZ          1001ad4c f i DelayImp:delayhlp.obj
[...]
 0002:0000cf10       __sehtable$___acrt_uninitialize_locale 10028f10     libucrt:wsetlocale.obj
 0002:0000cf30       __sehtable$??$?RV<lambda_70818de7b02deff9841e8b0962a60ed9>@@AAV<lambda_2af78c5f5901b1372d98f9ab3177dfa6>@@AAV<lambda_f51fe5fd7c79a33db34fc9310f277369>@@@?$__crt_seh_guarded_call@X@@QAEX$$QAV<lambda_70818de7b02deff9841e8b0962a60ed9>@@AAV<lambda_2af78c5f5901b1372d98f9ab3177dfa6>@@AAV<lambda_f51fe5fd7c79a33db34fc9310f277369>@@@Z 10028f30     libucrt:wsetlocale.obj
 0002:0000cf50       __sehtable$??$?RV<lambda_c76fdea48760d5f9368b465f31df4405>@@AAV<lambda_e378711a6f6581bf7f0efd7cdf97f5d9>@@V<lambda_e927a58b2a85c081d733e8c6192ae2d2>@@@?$__crt_seh_guarded_call@X@@QAEX$$QAV<lambda_c76fdea48760d5f9368b465f31df4405>@@AAV<lambda_e378711a6f6581bf7f0efd7cdf97f5d9>@@$$QAV<lambda_e927a58b2a85c081d733e8c6192ae2d2>@@@Z 10028f50     libucrt:wsetlocale.obj
 0002:0000cf70       __sehtable$___acrt_initialize_lowio 10028f70     libucrt:ioinit.obj
 0002:0000cf90       __sehtable$??$?RV<lambda_9227be29367c048ad7fd93a717dcb1a1>@@AAV<lambda_a463b7b0560cfcaf9b17f27c6ef46564>@@V<lambda_ccea11b5727ccf69be64f5f5d9a08d9f>@@@?$__crt_seh_guarded_call@H@@QAEH$$QAV<lambda_9227be29367c048ad7fd93a717dcb1a1>@@AAV<lambda_a463b7b0560cfcaf9b17f27c6ef46564>@@$$QAV<lambda_ccea11b5727ccf69be64f5f5d9a08d9f>@@@Z 10028f90     libucrt:winapi_thunks.obj
 0002:0000cfb0       __sehtable$__fcloseall     10028fb0     libucrt:closeall.obj
 0002:0000cfd0       __sehtable$??$?RV<lambda_123407a5e2ac06da108355a851863b7a>@@AAV<lambda_2fe9b910cf3cbf4a0ab98a02ba45b3ec>@@V<lambda_ae55bdf541ad94d75914d381c370e64d>@@@?$__crt_seh_guarded_call@H@@QAEH$$QAV<lambda_123407a5e2ac06da108355a851863b7a>@@AAV<lambda_2fe9b910cf3cbf4a0ab98a02ba45b3ec>@@$$QAV<lambda_ae55bdf541ad94d75914d381c370e64d>@@@Z 10028fd0     libucrt:close.obj
 0002:0000cff0       __sehtable$??$?RV<lambda_61cee617f5178ae960314fd4d05640a0>@@AAV<lambda_6978c1fb23f02e42e1d9e99668cc68aa>@@V<lambda_9cd88cf8ad10232537feb2133f08c833>@@@?$__crt_seh_guarded_call@H@@QAEH$$QAV<lambda_61cee617f5178ae960314fd4d05640a0>@@AAV<lambda_6978c1fb23f02e42e1d9e99668cc68aa>@@$$QAV<lambda_9cd88cf8ad10232537feb2133f08c833>@@@Z 10028ff0     libucrt:commit.obj
 0002:0000d010       __sehtable$__write         10029010     libucrt:write.obj
 0002:0000d030       __sehtable$??$common_ftell@_J@@YA_JV__crt_stdio_stream@@@Z 10029030     libucrt:ftell.obj
 0002:0000d050       __sehtable$??$common_lseek@_J@@YA_JH_JH@Z 10029050     libucrt:lseek.obj
 0002:0000d070       __sehtable$___acrt_update_thread_multibyte_data 10029070     libucrt:mbctype.obj
 0002:0000d090       __sehtable$??$?RV<lambda_978dc153c237d78434369da87b74ff60>@@AAV<lambda_ad1ced32f4ac17aa236e5ef05d6b3b7c>@@V<lambda_4a8533e2866a575feecb8298ce776b0d>@@@?$__crt_seh_guarded_call@X@@QAEX$$QAV<lambda_978dc153c237d78434369da87b74ff60>@@AAV<lambda_ad1ced32f4ac17aa236e5ef05d6b3b7c>@@$$QAV<lambda_4a8533e2866a575feecb8298ce776b0d>@@@Z 10029090     libucrt:mbctype.obj
 0002:0000d0b0       __sehtable$___acrt_update_thread_locale_data 100290b0     libucrt:locale_refcounting.obj
 0002:0000d0d0       __sehtable$___acrt_lowio_ensure_fh_exists 100290d0     libucrt:osfinfo.obj
 0002:0000d0f0       __sehtable$__read          100290f0     libucrt:read.obj
 0002:0000d110       __sehtable$__IsNonwritableInCurrentImage 10029110     LIBCMT:pesect.obj
 0002:0000d670       .edata                     10029670     test.exp
 0002:0000d698       rgpv                       10029698     test.exp
 0002:0000d69c       rgszName                   1002969c     test.exp
 0002:0000d6a0       rgwOrd                     100296a0     test.exp
 0002:0000d6a2       szName                     100296a2     test.exp
 0002:0000d6ac       $N00001                    100296ac     test.exp
 0002:0000d83c       .idata$6                   1002983c     kernel32:KERNEL32.dll
 0003:00000000       ?init@std@@3JA             1002a000     libcpmt:xlock.obj
 0003:00000008       ?atcount_cdecl@@3IA        1002a008     libcpmt:iosptrs.obj
 0003:00000090       ?__vcrt_flsindex@@3KA      1002a090     libvcruntime:per_thread_data.obj
 0003:0000011c       _errno_no_memory           1002a11c     libucrt:errno.obj
 0003:00000120       _doserrno_no_memory        1002a120     libucrt:errno.obj
 0003:000001e0       ___acrt_flsindex           1002a1e0     libucrt:per_thread_data.obj
 0003:000001e4       __ctype_loc_style          1002a1e4     libucrt:wsetlocale.obj
 0003:000002f0       _tzstd_program             1002a2f0     libucrt:timeset.obj
 0003:00000330       _tzdst_program             1002a330     libucrt:timeset.obj
 0003:00000370       _tzname_states             1002a370     libucrt:timeset.obj
 0003:00000378       ___rgctypeflag             1002a378     libucrt:mbctype.obj
 0003:00000380       ___rgcode_page_info        1002a380     libucrt:mbctype.obj
 0003:000009b8       __module                   1002a9b8     test.obj
 0003:00000eb8       ?initlocks@std@@3V_Init_locks@1@A 1002aeb8     libcpmt:xlock.obj
 0003:00000ec0       ?mtx@std@@3PAU_RTL_CRITICAL_SECTION@@A 1002aec0     libcpmt:xlock.obj
 0003:00000f80       ?initlocks@@3V_Init_locks@std@@A 1002af80     libcpmt:cout.obj
 0003:00000f81       ?init_cout@std@@3U_Init_cout@1@A 1002af81     libcpmt:cout.obj
 0003:00000fd8       ?fout@std@@3V?$basic_filebuf@DU?$char_traits@D@std@@@1@A 1002afd8     libcpmt:cout.obj
 0003:00001044       _global_locale             1002b044     libcpmt:locale0.obj
 0003:00001048       ?_Fac_head@std@@3PAU_Fac_node@1@A 1002b048     libcpmt:locale0.obj
 0003:00001060       ?classic_locale@std@@3Vlocale@1@A 1002b060     libcpmt:locale0.obj
 0003:00001068       ?_Fac_tidy_reg@std@@3U_Fac_tidy_reg_t@1@B 1002b068     libcpmt:locale0.obj
 0003:00001069       ?registered@?1??_Setgloballocale@locale@std@@CAXPAX@Z@4_NA 1002b069     libcpmt:locale0.obj
 0003:00001074       ?stdstr@std@@3PAPAVios_base@1@A 1002b074     libcpmt:ios.obj
 0003:0000109c       ?stdopens@std@@3PADA       1002b09c     libcpmt:ios.obj
 0003:000010c8       ?atfuns_cdecl@@3PAP6AXXZA  1002b0c8     libcpmt:iosptrs.obj
 0003:000010f0       ?initlocks@std@@3V_Init_locks@1@A 1002b0f0     libcpmt:iosptrs.obj
 0003:000010f1       ?init_atexit@@3U_Init_atexit@@A 1002b0f1     libcpmt:iosptrs.obj
 0003:00001210       ?_Tss_mutex@@3U_RTL_CRITICAL_SECTION@@A 1002b210     LIBCMT:thread_safe_statics.obj
 0003:00001228       ?_Tss_cv@@3U_RTL_CONDITION_VARIABLE@@A 1002b228     LIBCMT:thread_safe_statics.obj
 0003:0000122c       ?_Tss_event@@3PAXA         1002b22c     LIBCMT:thread_safe_statics.obj
 0003:00001230       ?encoded_sleep_condition_variable_cs@@3P6GHPAU_RTL_CONDITION_VARIABLE@@PAU_RTL_CRITICAL_SECTION@@K@ZA 1002b230     LIBCMT:thread_safe_statics.obj
 0003:00001234       ?encoded_wake_all_condition_variable@@3P6GXPAU_RTL_CONDITION_VARIABLE@@@ZA 1002b234     LIBCMT:thread_safe_statics.obj
 0003:00001240       ?module_local_atexit_table@@3U_onexit_table_t@@A 1002b240     LIBCMT:utility.obj
 0003:0000124c       ?module_local_at_quick_exit_table@@3U_onexit_table_t@@A 1002b24c     LIBCMT:utility.obj
 0003:00001258       ?is_initialized_as_dll@@3_NA 1002b258     LIBCMT:utility.obj
 0003:0000125c       ?__proc_attached@@3HA      1002b25c     LIBCMT:dll_dllmain.obj
 0003:00001260       _GS_ExceptionRecord        1002b260     LIBCMT:gs_report.obj
 0003:000012b0       _GS_ContextRecord          1002b2b0     LIBCMT:gs_report.obj
 0003:000015a4       ?module_handles@@3PAPAUHINSTANCE__@@A 1002b5a4     libvcruntime:winapi_downlevel.obj
 0003:000015b4       ?encoded_function_pointers@@3PAPAXA 1002b5b4     libvcruntime:winapi_downlevel.obj
 0003:000015dc       ?__vcrt_startup_thread_ptd@@3U__vcrt_ptd@@A 1002b5dc     libvcruntime:per_thread_data.obj
 0003:00001604       ___vcrt_lock_table         1002b604     libvcruntime:locks.obj
 0003:0000161c       ___vcrt_locks_initialized  1002b61c     libvcruntime:locks.obj
 0003:00001648       ?heap@@3V_HeapManager@@A   1002b648     libvcruntime:undname.obj
 0003:0000165c       ___acrt_invalid_parameter_handler 1002b65c     libucrt:invalid_parameter.obj
 0003:00001668       ___acrt_lock_table         1002b668     libucrt:locks.obj
 0003:000017a0       ___acrt_locks_initialized  1002b7a0     libucrt:locks.obj
 0003:000017b0       ___acrt_new_handler        1002b7b0     libucrt:new_handler.obj
 0003:000017b4       _c_termination_complete    1002b7b4     libucrt:exit.obj
 0003:000017b8       _thread_local_exit_callback_func 1002b7b8     libucrt:exit.obj
 0003:000017bc       ?c_exit_complete@?5??common_exit@@YAXHW4_crt_exit_cleanup_mode@@W4_crt_exit_return_mode@@@Z@4_NA 1002b7bc     libucrt:exit.obj
 0003:000017c0       ?program_name@?5???$common_configure_argv@D@@YAHW4_crt_argv_mode@@@Z@4PADA 1002b7c0     libucrt:argv_parsing.obj
 0003:000018f0       _ctrlc_action              1002b8f0     libucrt:signal.obj
 0003:000018f4       _ctrlbreak_action          1002b8f4     libucrt:signal.obj
 0003:000018f8       _abort_action              1002b8f8     libucrt:signal.obj
 0003:000018fc       _term_action               1002b8fc     libucrt:signal.obj
 0003:00001b18       _module_handles            1002bb18     libucrt:winapi_thunks.obj
 0003:00001b68       _encoded_function_pointers 1002bb68     libucrt:winapi_thunks.obj
 0003:00001be8       ?static_enum_proc@?1??enum_system_locales_ex_nolock@@YAHQ6GHPA_WKJ@Z@Z@4P6GH0KJ@ZA 1002bbe8     libucrt:winapi_thunks.obj
 0003:00001bec       ?state_cache@?1??__acrt_is_packaged_app@@9@4JA 1002bbec     libucrt:winapi_thunks.obj
 0003:00001bf0       ___acrt_global_new_mode    1002bbf0     libucrt:new_mode.obj
 0003:00001c08       __tzname                   1002bc08     libucrt:timeset.obj
 0003:00001c10       _tz_api_used               1002bc10     libucrt:tzset.obj
 0003:00001c18       _tz_info                   1002bc18     libucrt:tzset.obj
 0003:00001cdc       _fSystemSet                1002bcdc     libucrt:mbctype.obj
 0003:00001ce0       ?initialized@?1??__acrt_initialize_multibyte@@9@4_NA 1002bce0     libucrt:mbctype.obj
 0003:00001cfc       _user_matherr              1002bcfc     libucrt:matherr.obj
 0003:00001d00       __pmatherr_set             1002bd00     libucrt:libm_error.obj
 0003:00001d04       ___acrt_app_type           1002bd04     libucrt:report_runtime_error.obj
 0003:00001d2c       ?tril@solve_opts@arma@@3Uopts_tril@12@B 1002bd2c     test.obj
 0003:00001d30       ?triu@solve_opts@arma@@3Uopts_triu@12@B 1002bd30     test.obj
 0003:00001d34       ?no_approx@solve_opts@arma@@3Uopts_no_approx@12@B 1002bd34     test.obj
 0003:00001d38       ?eye@fill@arma@@3U?$fill_class@Ufill_eye@fill@arma@@@12@B 1002bd38     test.obj
 0003:00001d39       ?randu@fill@arma@@3U?$fill_class@Ufill_randu@fill@arma@@@12@B 1002bd39     test.obj
 0003:00001d3a       ?randn@fill@arma@@3U?$fill_class@Ufill_randn@fill@arma@@@12@B 1002bd3a     test.obj
 0003:00001d3b       ?endr@arma@@3U?$injector_end_of_row@H@1@B 1002bd3b     test.obj
 0003:00001d3c       ?random_spread@arma@@3Ugmm_seed_random_spread@1@B 1002bd3c     test.obj
 0003:00001d40       ?keep_existing@arma@@3Ugmm_seed_keep_existing@1@B 1002bd40     test.obj
 0003:00001d44       ?random_subset@arma@@3Ugmm_seed_random_subset@1@B 1002bd44     test.obj
 0003:00001d48       ?maha_dist@arma@@3Ugmm_dist_maha@1@B 1002bd48     test.obj
 0003:00001d4c       ?static_spread@arma@@3Ugmm_seed_static_spread@1@B 1002bd4c     test.obj
 0003:00001d50       ?equilibrate@solve_opts@arma@@3Uopts_equilibrate@12@B 1002bd50     test.obj
 0003:00001d54       ?none@fill@arma@@3U?$fill_class@Ufill_none@fill@arma@@@12@B 1002bd54     test.obj
 0003:00001d55       ?zeros@fill@arma@@3U?$fill_class@Ufill_zeros@fill@arma@@@12@B 1002bd55     test.obj
 0003:00001d56       ?ones@fill@arma@@3U?$fill_class@Ufill_ones@fill@arma@@@12@B 1002bd56     test.obj
 0003:00001d58       ?none@solve_opts@arma@@3Uopts_none@12@B 1002bd58     test.obj
 0003:00001d5c       ?prob_dist@arma@@3Ugmm_dist_prob@1@B 1002bd5c     test.obj
 0003:00001d60       ?fast@solve_opts@arma@@3Uopts_fast@12@B 1002bd60     test.obj
 0003:00001d64       ?eucl_dist@arma@@3Ugmm_dist_eucl@1@B 1002bd64     test.obj
 0003:00001d68       ?static_subset@arma@@3Ugmm_seed_static_subset@1@B 1002bd68     test.obj
 0004:00000000       __guard_fids____dcrt_uninitialize_environments_nolock 1002c000     libucrt:environment_initialization.obj
 0004:00000008       __guard_fids__             1002c008     libucrt:initialization.obj
 0004:00000068       __guard_fids____acrt_initialize_ptd 1002c068     libucrt:per_thread_data.obj
 0004:0000006c       __guard_fids__             1002c06c     libucrt:wsetlocale.obj
 0004:00000084       __guard_fids_??$?RV<lambda_9227be29367c048ad7fd93a717dcb1a1>@@AAV<lambda_a463b7b0560cfcaf9b17f27c6ef46564>@@V<lambda_ccea11b5727ccf69be64f5f5d9a08d9f>@@@?$__crt_seh_guarded_call@H@@QAEH$$QAV<lambda_9227be29367c048ad7fd93a717dcb1a1>@@AAV<lambda_a463b7b0560cfcaf9b17f27c6ef46564>@@$$QAV<lambda_ccea11b5727ccf69be64f5f5d9a08d9f>@@@Z 1002c084     libucrt:winapi_thunks.obj
 0004:00000088       __guard_fids__             1002c088     libucrt:stdio_initializer.obj
 0004:0000008c       __guard_fids__             1002c08c     libucrt:stdio_initializer.obj
 0004:00000090       __guard_fids_??$expand_argument_wildcards@D@@YAHQAD0AAV?$argument_list@D@?A0xb0e4b824@@@Z 1002c090     libucrt:argv_wildcards.obj
 0004:00000094       __guard_fids__             1002c094     libucrt:locale_initializer.obj
 0004:00000098       __guard_fids__GetLocaleNameFromLangCountry 1002c098     libucrt:get_qualified_locale.obj
 0004:0000009c       __guard_fids__GetLocaleNameFromLanguage 1002c09c     libucrt:get_qualified_locale.obj
 0004:000000a0       __guard_fids__GetLcidFromLangCountry 1002c0a0     libucrt:getqloc_downlevel.obj
 0004:000000a4       __guard_fids__GetLcidFromLanguage 1002c0a4     libucrt:getqloc_downlevel.obj
 0004:000000a8       __guard_fids__GetLcidFromCountry 1002c0a8     libucrt:getqloc_downlevel.obj
 0004:000000ac       __guard_fids__             1002c0ac     libucrt:sse2_initializer.obj
 0004:000000b0       __guard_fids____libm_error_support 1002c0b0     libucrt:libm_error.obj
 0004:000000b4       __guard_fids__             1002c0b4     libucrt:timeset_initializer.obj
 0004:000000b8       __guard_fids__             1002c0b8     libucrt:multibyte_initializer.obj
 0004:000000bc       __guard_fids__             1002c0bc     libucrt:console_output_initializer.obj
 0004:000000c0       __guard_fids_??__Einitlocks@std@@YAXXZ 1002c0c0     libcpmt:xlock.obj
 0004:000000c4       __guard_fids__             1002c0c4     libcpmt:xlock.obj
 0004:000000c8       __guard_fids_??__Einitlocks@@YAXXZ 1002c0c8     libcpmt:cout.obj
 0004:000000cc       __guard_fids_??__Efout@std@@YAXXZ 1002c0cc     libcpmt:cout.obj
 0004:000000d0       __guard_fids_??__Ecout@std@@YAXXZ 1002c0d0     libcpmt:cout.obj
 0004:000000d4       __guard_fids__             1002c0d4     libcpmt:cout.obj
 0004:000000dc       __guard_fids__             1002c0dc     libcpmt:cout.obj
 0004:000000e4       __guard_fids__             1002c0e4     libcpmt:cout.obj
 0004:000000ec       __guard_fids__             1002c0ec     libcpmt:cout.obj
 0004:000000f0       __guard_fids__             1002c0f0     libcpmt:cout.obj
 0004:000000fc       __guard_fids__             1002c0fc     libcpmt:cout.obj
 0004:00000128       __guard_fids__             1002c128     libcpmt:cout.obj
 0004:00000140       __guard_fids__             1002c140     libcpmt:cout.obj
 0004:00000148       __guard_fids__             1002c148     libcpmt:cout.obj
 0004:00000150       __guard_fids__             1002c150     libcpmt:cout.obj
 0004:00000168       __guard_fids__             1002c168     libcpmt:cout.obj
 0004:00000170       __guard_fids__             1002c170     libcpmt:cout.obj
 0004:00000174       __guard_fids__             1002c174     libcpmt:cout.obj
 0004:000001b0       __guard_fids__             1002c1b0     libcpmt:cout.obj
 0004:000001ec       __guard_fids__             1002c1ec     libcpmt:cout.obj
 0004:000001f0       __guard_fids__             1002c1f0     libcpmt:cout.obj
 0004:000001f4       __guard_fids__             1002c1f4     libcpmt:cout.obj
 0004:0000021c       __guard_fids__             1002c21c     libcpmt:cout.obj
 0004:00000220       __guard_fids__             1002c220     libcpmt:cout.obj
 0004:00000224       __guard_fids__             1002c224     libcpmt:cout.obj
 0004:00000228       __guard_fids__             1002c228     libcpmt:cout.obj
 0004:0000022c       __guard_fids__             1002c22c     libcpmt:cout.obj
 0004:00000230       __guard_fids__             1002c230     libcpmt:cout.obj
 0004:00000234       __guard_fids_??__E_Fac_tidy_reg@std@@YAXXZ 1002c234     libcpmt:locale0.obj
 0004:00000238       __guard_fids_?_Setgloballocale@locale@std@@CAXPAX@Z 1002c238     libcpmt:locale0.obj
 0004:0000023c       __guard_fids_??__Eclassic_locale@std@@YAXXZ 1002c23c     libcpmt:locale0.obj
 0004:00000240       __guard_fids__             1002c240     libcpmt:locale0.obj
 0004:0000024c       __guard_fids__             1002c24c     libcpmt:locale0.obj
 0004:00000250       __guard_fids__             1002c250     libcpmt:locale0.obj
 0004:00000254       __guard_fids__             1002c254     libcpmt:xthrow.obj
 0004:0000025c       __guard_fids__             1002c25c     libcpmt:xthrow.obj
 0004:00000264       __guard_fids__             1002c264     libcpmt:xthrow.obj
 0004:0000026c       __guard_fids__             1002c26c     libcpmt:xthrow.obj
 0004:00000274       __guard_fids__             1002c274     libcpmt:xthrow.obj
 0004:00000278       __guard_fids__             1002c278     libcpmt:xthrow.obj
 0004:0000027c       __guard_fids__             1002c27c     libcpmt:xthrow.obj
 0004:00000280       __guard_fids__             1002c280     libcpmt:xthrow.obj
 0004:00000284       __guard_fids__             1002c284     libcpmt:xthrow.obj
 0004:00000288       __guard_fids__             1002c288     libcpmt:xthrow.obj
 0004:0000028c       __guard_fids__             1002c28c     libcpmt:xthrow.obj
 0004:00000290       __guard_fids_??__Einitlocks@std@@YAXXZ 1002c290     libcpmt:iosptrs.obj
 0004:00000294       __guard_fids_??__Einit_atexit@@YAXXZ 1002c294     libcpmt:iosptrs.obj
 0004:00000298       __guard_fids__             1002c298     libcpmt:iosptrs.obj
 0004:0000029c       __guard_fids__             1002c29c     libcpmt:iosptrs.obj
 0004:000002a0       __guard_fids__             1002c2a0     libcpmt:winapisupp.obj
 0004:000002a4       __guard_fids__             1002c2a4     LIBCMT:thread_safe_statics.obj
 0004:000002a8       __guard_fids_?__scrt_initialize_thread_safe_statics@@YAHXZ 1002c2a8     LIBCMT:thread_safe_statics.obj
 0004:000002ac       __guard_fids__             1002c2ac     LIBCMT:std_type_info_static.obj
 0004:000002b0       __guard_fids_?dllmain_crt_process_attach@@YAHQAUHINSTANCE__@@QAX@Z 1002c2b0     LIBCMT:dll_dllmain.obj
 0004:000002b8       __guard_fids_?dllmain_dispatch@@YAHQAUHINSTANCE__@@KQAX@Z 1002c2b8     LIBCMT:dll_dllmain.obj
 0004:000002bc       __guard_fids__             1002c2bc     LIBCMT:throw_bad_alloc.obj
 0004:000002c4       __guard_fids__             1002c2c4     LIBCMT:throw_bad_alloc.obj
 0004:000002c8       __guard_fids__             1002c2c8     LIBCMT:throw_bad_alloc.obj
 0004:000002cc       __guard_fids__             1002c2cc     LIBCMT:guard_support.obj
 0004:000002d0       __guard_fids__             1002c2d0     libvcruntime:frame.obj
 0004:000002d4       __guard_fids__             1002c2d4     libvcruntime:frame.obj
 0004:000002dc       __guard_fids__             1002c2dc     libvcruntime:frame.obj
 0004:000002e0       __guard_fids__             1002c2e0     libvcruntime:frame.obj
 0004:000002e4       __guard_fids____vcrt_initialize_ptd 1002c2e4     libvcruntime:per_thread_data.obj
 0006:00000060       $R000000                   1002e060     * linker generated manifest res *

 Exports

  ordinal    name

        1    __register_test_
               exported name: _register_test_
